Component: ARM Compiler 5.06 update 7 (build 960) Tool: armlink [4d3601]

==============================================================================

Section Cross References

    startup_stm32f407xx.o(STACK) refers (Special) to heapauxi.o(.text) for __use_two_region_memory
    startup_stm32f407xx.o(HEAP) refers (Special) to heapauxi.o(.text) for __use_two_region_memory
    startup_stm32f407xx.o(RESET) refers (Special) to heapauxi.o(.text) for __use_two_region_memory
    startup_stm32f407xx.o(RESET) refers to startup_stm32f407xx.o(STACK) for __initial_sp
    startup_stm32f407xx.o(RESET) refers to startup_stm32f407xx.o(.text) for Reset_Handler
    startup_stm32f407xx.o(RESET) refers to stm32f4xx_it.o(i.NMI_Handler) for NMI_Handler
    startup_stm32f407xx.o(RESET) refers to stm32f4xx_it.o(i.HardFault_Handler) for HardFault_Handler
    startup_stm32f407xx.o(RESET) refers to stm32f4xx_it.o(i.MemManage_Handler) for MemManage_Handler
    startup_stm32f407xx.o(RESET) refers to stm32f4xx_it.o(i.BusFault_Handler) for BusFault_Handler
    startup_stm32f407xx.o(RESET) refers to stm32f4xx_it.o(i.UsageFault_Handler) for UsageFault_Handler
    startup_stm32f407xx.o(RESET) refers to port.o(.emb_text) for SVC_Handler
    startup_stm32f407xx.o(RESET) refers to stm32f4xx_it.o(i.DebugMon_Handler) for DebugMon_Handler
    startup_stm32f407xx.o(RESET) refers to stm32f4xx_it.o(i.SysTick_Handler) for SysTick_Handler
    startup_stm32f407xx.o(RESET) refers to stm32f4xx_it.o(i.EXTI0_IRQHandler) for EXTI0_IRQHandler
    startup_stm32f407xx.o(RESET) refers to stm32f4xx_it.o(i.EXTI3_IRQHandler) for EXTI3_IRQHandler
    startup_stm32f407xx.o(RESET) refers to stm32f4xx_it.o(i.EXTI4_IRQHandler) for EXTI4_IRQHandler
    startup_stm32f407xx.o(RESET) refers to stm32f4xx_it.o(i.CAN1_RX0_IRQHandler) for CAN1_RX0_IRQHandler
    startup_stm32f407xx.o(RESET) refers to stm32f4xx_it.o(i.EXTI9_5_IRQHandler) for EXTI9_5_IRQHandler
    startup_stm32f407xx.o(RESET) refers to vision.o(i.USART1_IRQHandler) for USART1_IRQHandler
    startup_stm32f407xx.o(RESET) refers to remote_control.o(i.USART3_IRQHandler) for USART3_IRQHandler
    startup_stm32f407xx.o(RESET) refers to bsp_i2c.o(i.DMA1_Stream7_IRQHandler) for DMA1_Stream7_IRQHandler
    startup_stm32f407xx.o(RESET) refers to stm32f4xx_it.o(i.DMA2_Stream1_IRQHandler) for DMA2_Stream1_IRQHandler
    startup_stm32f407xx.o(RESET) refers to ins_task.o(i.DMA2_Stream2_IRQHandler) for DMA2_Stream2_IRQHandler
    startup_stm32f407xx.o(RESET) refers to stm32f4xx_it.o(i.CAN2_RX0_IRQHandler) for CAN2_RX0_IRQHandler
    startup_stm32f407xx.o(RESET) refers to stm32f4xx_it.o(i.OTG_FS_IRQHandler) for OTG_FS_IRQHandler
    startup_stm32f407xx.o(RESET) refers to stm32f4xx_it.o(i.DMA2_Stream5_IRQHandler) for DMA2_Stream5_IRQHandler
    startup_stm32f407xx.o(RESET) refers to stm32f4xx_it.o(i.DMA2_Stream6_IRQHandler) for DMA2_Stream6_IRQHandler
    startup_stm32f407xx.o(RESET) refers to stm32f4xx_it.o(i.DMA2_Stream7_IRQHandler) for DMA2_Stream7_IRQHandler
    startup_stm32f407xx.o(RESET) refers to referee_usart_task.o(i.USART6_IRQHandler) for USART6_IRQHandler
    startup_stm32f407xx.o(.text) refers (Special) to heapauxi.o(.text) for __use_two_region_memory
    startup_stm32f407xx.o(.text) refers to system_stm32f4xx.o(i.SystemInit) for SystemInit
    startup_stm32f407xx.o(.text) refers to __main.o(!!!main) for __main
    startup_stm32f407xx.o(.text) refers to startup_stm32f407xx.o(HEAP) for Heap_Mem
    startup_stm32f407xx.o(.text) refers to startup_stm32f407xx.o(STACK) for Stack_Mem
    main.o(i.SystemClock_Config) refers to rt_memclr_w.o(.text) for __aeabi_memclr4
    main.o(i.SystemClock_Config) refers to stm32f4xx_hal_rcc.o(i.HAL_RCC_OscConfig) for HAL_RCC_OscConfig
    main.o(i.SystemClock_Config) refers to main.o(i.Error_Handler) for Error_Handler
    main.o(i.SystemClock_Config) refers to stm32f4xx_hal_rcc.o(i.HAL_RCC_ClockConfig) for HAL_RCC_ClockConfig
    main.o(i.SystemClock_Config) refers to stm32f4xx_hal_rcc_ex.o(i.HAL_RCCEx_PeriphCLKConfig) for HAL_RCCEx_PeriphCLKConfig
    main.o(i.main) refers to stm32f4xx_hal.o(i.HAL_Init) for HAL_Init
    main.o(i.main) refers to main.o(i.SystemClock_Config) for SystemClock_Config
    main.o(i.main) refers to gpio.o(i.MX_GPIO_Init) for MX_GPIO_Init
    main.o(i.main) refers to dma.o(i.MX_DMA_Init) for MX_DMA_Init
    main.o(i.main) refers to adc.o(i.MX_ADC1_Init) for MX_ADC1_Init
    main.o(i.main) refers to adc.o(i.MX_ADC3_Init) for MX_ADC3_Init
    main.o(i.main) refers to can.o(i.MX_CAN1_Init) for MX_CAN1_Init
    main.o(i.main) refers to can.o(i.MX_CAN2_Init) for MX_CAN2_Init
    main.o(i.main) refers to i2c.o(i.MX_I2C1_Init) for MX_I2C1_Init
    main.o(i.main) refers to spi.o(i.MX_SPI1_Init) for MX_SPI1_Init
    main.o(i.main) refers to tim.o(i.MX_TIM4_Init) for MX_TIM4_Init
    main.o(i.main) refers to tim.o(i.MX_TIM5_Init) for MX_TIM5_Init
    main.o(i.main) refers to usart.o(i.MX_USART3_UART_Init) for MX_USART3_UART_Init
[...]
    last_rc_ctrl                             0x20002913   Data          22  remote_control.o(.bss)
    shoot_control                            0x20002988   Data         344  shoot_task.o(.bss)
    VisionRecvData_shoot                     0x20002ae0   Data          18  shoot_task.o(.bss)
    pFlash                                   0x20002af4   Data          32  stm32f4xx_hal_flash.o(.bss)
    xQueueRegistry                           0x20002b14   Data          64  queue.o(.bss)
    gimbal_send                              0x20008d54   Data          12  communicate.o(.bss)
    __libspace_start                         0x20008d60   Data          96  libspace.o(.bss)
    __temporary_stack_top$libspace           0x20008dc0   Data           0  libspace.o(.bss)



==============================================================================

Memory Map of the image

  Image Entry point : 0x08000189

  Load Region LR_IROM1 (Base: 0x08000000, Size: 0x0001678c, Max: 0x00100000, ABSOLUTE, COMPRESSED[0x000164c4])

    Execution Region ER_IROM1 (Exec base: 0x08000000, Load base: 0x08000000, Size: 0x000163f8, Max: 0x00100000, ABSOLUTE)

    Exec Addr    Load Addr    Size         Type   Attr      Idx    E Section Name        Object

    0x08000000   0x08000000   0x00000188   Data   RO            3    RESET               startup_stm32f407xx.o
    0x08000188   0x08000188   0x00000008   Code   RO        11992  * !!!main             c_w.l(__main.o)
    0x08000190   0x08000190   0x00000034   Code   RO        12571    !!!scatter          c_w.l(__scatter.o)
    0x080001c4   0x080001c4   0x0000005a   Code   RO        12569    !!dczerorl2         c_w.l(__dczerorl2.o)
    0x0800021e   0x0800021e   0x00000002   PAD
    0x08000220   0x08000220   0x0000001c   Code   RO        12573    !!handler_zi        c_w.l(__scatter_zi.o)
    0x0800023c   0x0800023c   0x00000002   Code   RO        12499    .ARM.Collect$$libinit$$00000000  c_w.l(libinit.o)
    0x0800023e   0x0800023e   0x00000004   Code   RO        12229    .ARM.Collect$$libinit$$00000001  c_w.l(libinit2.o)
    0x08000242   0x08000242   0x00000000   Code   RO        12232    .ARM.Collect$$libinit$$00000004  c_w.l(libinit2.o)
    0x08000242   0x08000242   0x00000000   Code   RO        12235    .ARM.Collect$$libinit$$0000000A  c_w.l(libinit2.o)
    0x08000242   0x08000242   0x00000000   Code   RO        12237    .ARM.Collect$$libinit$$0000000C  c_w.l(libinit2.o)
    0x08000242   0x08000242   0x00000000   Code   RO        12239    .ARM.Collect$$libinit$$0000000E  c_w.l(libinit2.o)
    0x08000242   0x08000242   0x00000000   Code   RO        12242    .ARM.Collect$$libinit$$00000011  c_w.l(libinit2.o)
    0x08000242   0x08000242   0x00000000   Code   RO        12244    .ARM.Collect$$libinit$$00000013  c_w.l(libinit2.o)
    0x08000242   0x08000242   0x00000000   Code   RO        12246    .ARM.Collect$$libinit$$00000015  c_w.l(libinit2.o)
    0x08000242   0x08000242   0x00000000   Code   RO        12248    .ARM.Collect$$libinit$$00000017  c_w.l(libinit2.o)
    0x08000242   0x08000242   0x00000000   Code   RO        12250    .ARM.Collect$$libinit$$00000019  c_w.l(libinit2.o)
    0x08000242   0x08000242   0x00000000   Code   RO        12252    .ARM.Collect$$libinit$$0000001B  c_w.l(libinit2.o)
    0x08000242   0x08000242   0x00000000   Code   RO        12254    .ARM.Collect$$libinit$$0000001D  c_w.l(libinit2.o)
    0x08000242   0x08000242   0x00000000   Code   RO        12256    .ARM.Collect$$libinit$$0000001F  c_w.l(libinit2.o)
    0x08000242   0x08000242   0x00000000   Code   RO        12258    .ARM.Collect$$libinit$$00000021  c_w.l(libinit2.o)
    0x08000242   0x08000242   0x00000000   Code   RO        12260    .ARM.Collect$$libinit$$00000023  c_w.l(libinit2.o)
    0x08000242   0x08000242   0x00000000   Code   RO        12262    .ARM.Collect$$libinit$$00000025  c_w.l(libinit2.o)
    0x08000242   0x08000242   0x00000000   Code   RO        12266    .ARM.Collect$$libinit$$0000002C  c_w.l(libinit2.o)
    0x08000242   0x08000242   0x00000000   Code   RO        12268    .ARM.Collect$$libinit$$0000002E  c_w.l(libinit2.o)
    0x08000242   0x08000242   0x00000000   Code   RO        12270    .ARM.Collect$$libinit$$00000030  c_w.l(libinit2.o)
    0x08000242   0x08000242   0x00000000   Code   RO        12272    .ARM.Collect$$libinit$$00000032  c_w.l(libinit2.o)
    0x08000242   0x08000242   0x00000002   Code   RO        12273    .ARM.Collect$$libinit$$00000033  c_w.l(libinit2.o)
    0x08000244   0x08000244   0x00000002   Code   RO        12566    .ARM.Collect$$libshutdown$$00000000  c_w.l(libshutdown.o)
    0x08000246   0x08000246   0x00000000   Code   RO        12522    .ARM.Collect$$libshutdown$$00000002  c_w.l(libshutdown2.o)
    0x08000246   0x08000246   0x00000000   Code   RO        12524    .ARM.Collect$$libshutdown$$00000004  c_w.l(libshutdown2.o)
    0x08000246   0x08000246   0x00000000   Code   RO        12526    .ARM.Collect$$libshutdown$$00000006  c_w.l(libshutdown2.o)
    0x08000246   0x08000246   0x00000000   Code   RO        12529    .ARM.Collect$$libshutdown$$00000009  c_w.l(libshutdown2.o)
    0x08000246   0x08000246   0x00000000   Code   RO        12532    .ARM.Collect$$libshutdown$$0000000C  c_w.l(libshutdown2.o)
    0x08000246   0x08000246   0x00000000   Code   RO        12534    .ARM.Collect$$libshutdown$$0000000E  c_w.l(libshutdown2.o)
    0x08000246   0x08000246   0x00000000   Code   RO        12537    .ARM.Collect$$libshutdown$$00000011  c_w.l(libshutdown2.o)
    0x08000246   0x08000246   0x00000002   Code   RO        12538    .ARM.Collect$$libshutdown$$00000012  c_w.l(libshutdown2.o)
    0x08000248   0x08000248   0x00000000   Code   RO        12104    .ARM.Collect$$rtentry$$00000000  c_w.l(__rtentry.o)
    0x08000248   0x08000248   0x00000000   Code   RO        12364    .ARM.Collect$$rtentry$$00000002  c_w.l(__rtentry2.o)
    0x08000248   0x08000248   0x00000006   Code   RO        12376    .ARM.Collect$$rtentry$$00000004  c_w.l(__rtentry4.o)
    0x0800024e   0x0800024e   0x00000000   Code   RO        12366    .ARM.Collect$$rtentry$$00000009  c_w.l(__rtentry2.o)
    0x0800024e   0x0800024e   0x00000004   Code   RO        12367    .ARM.Collect$$rtentry$$0000000A  c_w.l(__rtentry2.o)
    0x08000252   0x08000252   0x00000000   Code   RO        12369    .ARM.Collect$$rtentry$$0000000C  c_w.l(__rtentry2.o)
    0x08000252   0x08000252   0x00000008   Code   RO        12370    .ARM.Collect$$rtentry$$0000000D  c_w.l(__rtentry2.o)
    0x0800025a   0x0800025a   0x00000002   Code   RO        12504    .ARM.Collect$$rtexit$$00000000  c_w.l(rtexit.o)
    0x0800025c   0x0800025c   0x00000000   Code   RO        12542    .ARM.Collect$$rtexit$$00000002  c_w.l(rtexit2.o)
    0x0800025c   0x0800025c   0x00000004   Code   RO        12543    .ARM.Collect$$rtexit$$00000003  c_w.l(rtexit2.o)
    0x08000260   0x08000260   0x00000006   Code   RO        12544    .ARM.Collect$$rtexit$$00000004  c_w.l(rtexit2.o)
    0x08000266   0x08000266   0x00000002   PAD
    0x08000268   0x08000268   0x000000be   Code   RO        11158    .emb_text           port.o
    0x08000326   0x08000326   0x00000002   PAD
    0x08000328   0x08000328   0x00000040   Code   RO            4    .text               startup_stm32f407xx.o
    0x08000368   0x08000368   0x00000078   Code   RO        11750    .text               arm_cortexM4lf_math.lib(arm_cos_f32.o)
    0x080003e0   0x080003e0   0x00000074   Code   RO        11803    .text               arm_cortexM4lf_math.lib(arm_sin_f32.o)
    0x08000454   0x08000454   0x000000ee   Code   RO        11970    .text               c_w.l(lludivv7m.o)
    0x08000542   0x08000542   0x00000008   Code   RO        11974    .text               c_w.l(abs.o)
    0x0800054a   0x0800054a   0x0000003e   Code   RO        11976    .text               c_w.l(strlen.o)
    0x08000588   0x08000588   0x0000008a   Code   RO        11978    .text               c_w.l(rt_memcpy_v6.o)
    0x08000612   0x08000612   0x00000064   Code   RO        11980    .text               c_w.l(rt_memcpy_w.o)
    0x08000676   0x08000676   0x00000010   Code   RO        11984    .text               c_w.l(aeabi_memset.o)
    0x08000686   0x08000686   0x00000044   Code   RO        11986    .text               c_w.l(rt_memclr.o)
    0x080006ca   0x080006ca   0x0000004e   Code   RO        11988    .text               c_w.l(rt_memclr_w.o)
    0x08000718   0x08000718   0x00000006   Code   RO        11990    .text               c_w.l(heapauxi.o)
    0x0800071e   0x0800071e   0x00000016   Code   RO        12134    .text               c_w.l(_rserrno.o)
    0x08000734   0x08000734   0x00000008   Code   RO        12360    .text               c_w.l(libspace.o)
    0x0800073c   0x0800073c   0x00000008   Code   RO        12383    .text               c_w.l(rt_errno_addr_intlibspace.o)
    0x08000744   0x08000744   0x00000030   Code   RO        12395    .text               c_w.l(_fptrap.o)
    0x08000774   0x08000774   0x00000002   Code   RO        12434    .text               c_w.l(use_no_semi.o)
    0x08000776   0x08000776   0x00000000   Code   RO        12436    .text               c_w.l(indicate_semi.o)
    0x08000776   0x08000776   0x0000004a   Code   RO        12437    .text               c_w.l(sys_stackheap_outer.o)
    0x080007c0   0x080007c0   0x00000012   Code   RO        12480    .text               c_w.l(exit.o)
    0x080007d2   0x080007d2   0x0000000a   Code   RO        12482    .text               c_w.l(defsig_exit.o)
    0x080007dc   0x080007dc   0x0000000e   Code   RO        12484    .text               c_w.l(defsig_fpe_outer.o)
    0x080007ea   0x080007ea   0x00000002   PAD
    0x080007ec   0x080007ec   0x0000000c   Code   RO        12502    .text               c_w.l(sys_exit.o)
    0x080007f8   0x080007f8   0x00000032   Code   RO        12515    .text               c_w.l(defsig_general.o)
    0x0800082a   0x0800082a   0x00000002   PAD
    0x0800082c   0x0800082c   0x000000ac   Code   RO        12517    .text               c_w.l(defsig_fpe_inner.o)
    0x080008d8   0x080008d8   0x0000000e   Code   RO        12539    .text               c_w.l(sys_wrch.o)
    0x080008e6   0x080008e6   0x00000002   PAD
    0x080008e8   0x080008e8   0x00000160   Code   RO         6643    i.ADC_Init          stm32f4xx_hal_adc.o
    0x08000a48   0x08000a48   0x00000018   Code   RO         4235    i.AHRS_asinf        ahrs_middleware.o
    0x08000a60   0x08000a60   0x00000020   Code   RO         4236    i.AHRS_atan2f       ahrs_middleware.o
    0x08000a80   0x08000a80   0x00000018   Code   RO         4237    i.AHRS_cosf         ahrs_middleware.o
    0x08000a98   0x08000a98   0x0000001a   Code   RO        11660    i.AHRS_fabs         AHRS.lib(ahrs.o)
    0x08000ab2   0x08000ab2   0x00000002   PAD
    0x08000ab4   0x08000ab4   0x00000010   Code   RO         4238    i.AHRS_get_height   ahrs_middleware.o
    0x08000ac4   0x08000ac4   0x0000000c   Code   RO         4239    i.AHRS_get_latitude  ahrs_middleware.o
    0x08000ad0   0x08000ad0   0x0000029c   Code   RO        11661    i.AHRS_init         AHRS.lib(ahrs.o)
    0x08000d6c   0x08000d6c   0x00000024   Code   RO         4240    i.AHRS_invSqrt      ahrs_middleware.o
    0x08000d90   0x08000d90   0x00000018   Code   RO         4241    i.AHRS_sinf         ahrs_middleware.o
    0x08000da8   0x08000da8   0x0000013a   Code   RO        11662    i.AHRS_update       AHRS.lib(ahrs.o)
    0x08000ee2   0x08000ee2   0x00000002   PAD
    0x08000ee4   0x08000ee4   0x00000014   Code   RO         4053    i.BMI088_ACCEL_NS_H  bmi088middleware.o
    0x08000ef8   0x08000ef8   0x00000014   Code   RO         4054    i.BMI088_ACCEL_NS_L  bmi088middleware.o
    0x08000f0c   0x08000f0c   0x00000002   Code   RO         4055    i.BMI088_GPIO_init  bmi088middleware.o
    0x08000f0e   0x08000f0e   0x00000002   PAD
    0x08000f10   0x08000f10   0x00000014   Code   RO         4056    i.BMI088_GYRO_NS_H  bmi088middleware.o
    0x08000f24   0x08000f24   0x00000014   Code   RO         4057    i.BMI088_GYRO_NS_L  bmi088middleware.o
    0x08000f38   0x08000f38   0x00000090   Code   RO         3917    i.BMI088_accel_read_over  bmi088driver.o
    0x08000fc8   0x08000fc8   0x00000002   Code   RO         4058    i.BMI088_com_init   bmi088middleware.o
    0x08000fca   0x08000fca   0x0000000c   Code   RO         4059    i.BMI088_delay_ms   bmi088middleware.o
    0x08000fd6   0x08000fd6   0x0000000c   Code   RO         4060    i.BMI088_delay_us   bmi088middleware.o
    0x08000fe2   0x08000fe2   0x00000002   PAD
    0x08000fe4   0x08000fe4   0x00000068   Code   RO         3918    i.BMI088_gyro_read_over  bmi088driver.o
    0x0800104c   0x0800104c   0x00000034   Code   RO         3919    i.BMI088_init       bmi088driver.o
    0x08001080   0x08001080   0x0000017c   Code   RO         3920    i.BMI088_read       bmi088driver.o
    0x080011fc   0x080011fc   0x00000026   Code   RO         3923    i.BMI088_read_muli_reg  bmi088driver.o
    0x08001222   0x08001222   0x00000018   Code   RO         3924    i.BMI088_read_single_reg  bmi088driver.o
    0x0800123a   0x0800123a   0x00000002   PAD
    0x0800123c   0x0800123c   0x00000020   Code   RO         4061    i.BMI088_read_write_byte  bmi088middleware.o
    0x0800125c   0x0800125c   0x00000034   Code   RO         3925    i.BMI088_temperature_read_over  bmi088driver.o
    0x08001290   0x08001290   0x00000014   Code   RO         3926    i.BMI088_write_single_reg  bmi088driver.o
    0x080012a4   0x080012a4   0x00000004   Code   RO         1310    i.BusFault_Handler  stm32f4xx_it.o
    0x080012a8   0x080012a8   0x00000010   Code   RO         1311    i.CAN1_RX0_IRQHandler  stm32f4xx_it.o
    0x080012b8   0x080012b8   0x00000010   Code   RO         1312    i.CAN2_RX0_IRQHandler  stm32f4xx_it.o
    0x080012c8   0x080012c8   0x00000050   Code   RO         2346    i.CAN_cmd_chassis_shoot  can_receive.o
    0x08001318   0x08001318   0x00000050   Code   RO         2347    i.CAN_cmd_gimbal    can_receive.o
    0x08001368   0x08001368   0x00000050   Code   RO         2348    i.CAN_rc_data_board  can_receive.o
    0x080013b8   0x080013b8   0x0000007c   Code   RO         1914    i.DMA1_Stream7_IRQHandler  bsp_i2c.o
    0x08001434   0x08001434   0x00000010   Code   RO         1313    i.DMA2_Stream1_IRQHandler  stm32f4xx_it.o
    0x08001444   0x08001444   0x00000898   Code   RO         2896    i.DMA2_Stream2_IRQHandler  ins_task.o
    0x08001cdc   0x08001cdc   0x00000010   Code   RO         1314    i.DMA2_Stream5_IRQHandler  stm32f4xx_it.o
    0x08001cec   0x08001cec   0x00000010   Code   RO         1315    i.DMA2_Stream6_IRQHandler  stm32f4xx_it.o
    0x08001cfc   0x08001cfc   0x00000010   Code   RO         1316    i.DMA2_Stream7_IRQHandler  stm32f4xx_it.o
    0x08001d0c   0x08001d0c   0x00000034   Code   RO         5965    i.DMA_CalcBaseAndBitshift  stm32f4xx_hal_dma.o
    0x08001d40   0x08001d40   0x000000aa   Code   RO         5966    i.DMA_CheckFifoParam  stm32f4xx_hal_dma.o
    0x08001dea   0x08001dea   0x00000002   Code   RO         1317    i.DebugMon_Handler  stm32f4xx_it.o
    0x08001dec   0x08001dec   0x0000000a   Code   RO         1318    i.EXTI0_IRQHandler  stm32f4xx_it.o
    0x08001df6   0x08001df6   0x0000000a   Code   RO         1319    i.EXTI3_IRQHandler  stm32f4xx_it.o
    0x08001e00   0x08001e00   0x0000000a   Code   RO         1320    i.EXTI4_IRQHandler  stm32f4xx_it.o
    0x08001e0a   0x08001e0a   0x0000000a   Code   RO         1321    i.EXTI9_5_IRQHandler  stm32f4xx_it.o
    0x08001e14   0x08001e14   0x00000002   Code   RO           13    i.Error_Handler     main.o
    0x08001e16   0x08001e16   0x00000002   PAD
    0x08001e18   0x08001e18   0x0000005c   Code   RO         5735    i.FLASH_Erase_Sector  stm32f4xx_hal_flash_ex.o
    0x08001e74   0x08001e74   0x00000078   Code   RO         5736    i.FLASH_FlushCaches  stm32f4xx_hal_flash_ex.o
    0x08001eec   0x08001eec   0x00000030   Code   RO         5737    i.FLASH_MassErase   stm32f4xx_hal_flash_ex.o
    0x08001f1c   0x08001f1c   0x00000024   Code   RO         5617    i.FLASH_Program_Byte  stm32f4xx_hal_flash.o
    0x08001f40   0x08001f40   0x0000002c   Code   RO         5618    i.FLASH_Program_DoubleWord  stm32f4xx_hal_flash.o
    0x08001f6c   0x08001f6c   0x00000028   Code   RO         5619    i.FLASH_Program_HalfWord  stm32f4xx_hal_flash.o
    0x08001f94   0x08001f94   0x00000028   Code   RO         5620    i.FLASH_Program_Word  stm32f4xx_hal_flash.o
    0x08001fbc   0x08001fbc   0x00000098   Code   RO         5621    i.FLASH_SetErrorCode  stm32f4xx_hal_flash.o
    0x08002054   0x08002054   0x00000064   Code   RO         5622    i.FLASH_WaitForLastOperation  stm32f4xx_hal_flash.o
    0x080020b8   0x080020b8   0x0000018c   Code   RO         6645    i.HAL_ADC_ConfigChannel  stm32f4xx_hal_adc.o
    0x08002244   0x08002244   0x00000008   Code   RO         6652    i.HAL_ADC_GetValue  stm32f4xx_hal_adc.o
    0x0800224c   0x0800224c   0x00000068   Code   RO         6654    i.HAL_ADC_Init      stm32f4xx_hal_adc.o
    0x080022b4   0x080022b4   0x000000ac   Code   RO          445    i.HAL_ADC_MspInit   adc.o
    0x08002360   0x08002360   0x000000c2   Code   RO         6658    i.HAL_ADC_PollForConversion  stm32f4xx_hal_adc.o
    0x08002422   0x08002422   0x00000002   PAD
    0x08002424   0x08002424   0x0000013c   Code   RO         6660    i.HAL_ADC_Start     stm32f4xx_hal_adc.o
    0x08002560   0x08002560   0x0000002a   Code   RO         6916    i.HAL_CAN_ActivateNotification  stm32f4xx_hal_can.o
    0x0800258a   0x0800258a   0x00000156   Code   RO         6917    i.HAL_CAN_AddTxMessage  stm32f4xx_hal_can.o
    0x080026e0   0x080026e0   0x00000124   Code   RO         6918    i.HAL_CAN_ConfigFilter  stm32f4xx_hal_can.o
    0x08002804   0x08002804   0x00000002   Code   RO         6921    i.HAL_CAN_ErrorCallback  stm32f4xx_hal_can.o
    0x08002806   0x08002806   0x0000017c   Code   RO         6924    i.HAL_CAN_GetRxMessage  stm32f4xx_hal_can.o
    0x08002982   0x08002982   0x0000024e   Code   RO         6928    i.HAL_CAN_IRQHandler  stm32f4xx_hal_can.o
    0x08002bd0   0x08002bd0   0x00000174   Code   RO         6929    i.HAL_CAN_Init      stm32f4xx_hal_can.o
    0x08002d44   0x08002d44   0x00000160   Code   RO          493    i.HAL_CAN_MspInit   can.o
    0x08002ea4   0x08002ea4   0x00000002   Code   RO         6936    i.HAL_CAN_RxFifo0FullCallback  stm32f4xx_hal_can.o
    0x08002ea6   0x08002ea6   0x00000002   PAD
    0x08002ea8   0x08002ea8   0x00000104   Code   RO         2349    i.HAL_CAN_RxFifo0MsgPendingCallback  can_receive.o
    0x08002fac   0x08002fac   0x00000002   Code   RO         6938    i.HAL_CAN_RxFifo1FullCallback  stm32f4xx_hal_can.o
    0x08002fae   0x08002fae   0x00000002   Code   RO         6939    i.HAL_CAN_RxFifo1MsgPendingCallback  stm32f4xx_hal_can.o
    0x08002fb0   0x08002fb0   0x00000002   Code   RO         6940    i.HAL_CAN_SleepCallback  stm32f4xx_hal_can.o
    0x08002fb2   0x08002fb2   0x0000005e   Code   RO         6941    i.HAL_CAN_Start     stm32f4xx_hal_can.o
    0x08003010   0x08003010   0x00000002   Code   RO         6943    i.HAL_CAN_TxMailbox0AbortCallback  stm32f4xx_hal_can.o
    0x08003012   0x08003012   0x00000002   Code   RO         6944    i.HAL_CAN_TxMailbox0CompleteCallback  stm32f4xx_hal_can.o
    0x08003014   0x08003014   0x00000002   Code   RO         6945    i.HAL_CAN_TxMailbox1AbortCallback  stm32f4xx_hal_can.o
    0x08003016   0x08003016   0x00000002   Code   RO         6946    i.HAL_CAN_TxMailbox1CompleteCallback  stm32f4xx_hal_can.o
    0x08003018   0x08003018   0x00000002   Code   RO         6947    i.HAL_CAN_TxMailbox2AbortCallback  stm32f4xx_hal_can.o
    0x0800301a   0x0800301a   0x00000002   Code   RO         6948    i.HAL_CAN_TxMailbox2CompleteCallback  stm32f4xx_hal_can.o
    0x0800301c   0x0800301c   0x00000002   Code   RO         6950    i.HAL_CAN_WakeUpFromRxMsgCallback  stm32f4xx_hal_can.o
    0x0800301e   0x0800301e   0x00000024   Code   RO         7153    i.HAL_CRC_Init      stm32f4xx_hal_crc.o
    0x08003042   0x08003042   0x00000002   PAD
    0x08003044   0x08003044   0x00000034   Code   RO          542    i.HAL_CRC_MspInit   crc.o
    0x08003078   0x08003078   0x00000240   Code   RO         5973    i.HAL_DMA_IRQHandler  stm32f4xx_hal_dma.o
    0x080032b8   0x080032b8   0x000000ec   Code   RO         5974    i.HAL_DMA_Init      stm32f4xx_hal_dma.o
    0x080033a4   0x080033a4   0x000000ac   Code   RO         5747    i.HAL_FLASHEx_Erase  stm32f4xx_hal_flash_ex.o
    0x08003450   0x08003450   0x00000014   Code   RO         5626    i.HAL_FLASH_Lock    stm32f4xx_hal_flash.o
    0x08003464   0x08003464   0x00000098   Code   RO         5631    i.HAL_FLASH_Program  stm32f4xx_hal_flash.o
    0x080034fc   0x080034fc   0x00000034   Code   RO         5633    i.HAL_FLASH_Unlock  stm32f4xx_hal_flash.o
    0x08003530   0x08003530   0x000000b8   Code   RO         2897    i.HAL_GPIO_EXTI_Callback  ins_task.o
    0x080035e8   0x080035e8   0x0000001c   Code   RO         5860    i.HAL_GPIO_EXTI_IRQHandler  stm32f4xx_hal_gpio.o
    0x08003604   0x08003604   0x00000200   Code   RO         5861    i.HAL_GPIO_Init     stm32f4xx_hal_gpio.o
    0x08003804   0x08003804   0x00000010   Code   RO         5863    i.HAL_GPIO_ReadPin  stm32f4xx_hal_gpio.o
    0x08003814   0x08003814   0x0000000c   Code   RO         5865    i.HAL_GPIO_WritePin  stm32f4xx_hal_gpio.o
    0x08003820   0x08003820   0x0000000c   Code   RO         6398    i.HAL_GetTick       stm32f4xx_hal.o
    0x0800382c   0x0800382c   0x000001b8   Code   RO         7220    i.HAL_I2C_Init      stm32f4xx_hal_i2c.o
    0x080039e4   0x080039e4   0x000002f4   Code   RO         7238    i.HAL_I2C_Mem_Read  stm32f4xx_hal_i2c.o
    0x08003cd8   0x08003cd8   0x00000164   Code   RO         7241    i.HAL_I2C_Mem_Write  stm32f4xx_hal_i2c.o
    0x08003e3c   0x08003e3c   0x00000208   Code   RO          608    i.HAL_I2C_MspInit   i2c.o
    0x08004044   0x08004044   0x00000018   Code   RO         6404    i.HAL_IncTick       stm32f4xx_hal.o
    0x0800405c   0x0800405c   0x0000003c   Code   RO         6405    i.HAL_Init          stm32f4xx_hal.o
    0x08004098   0x08004098   0x0000004c   Code   RO         6406    i.HAL_InitTick      stm32f4xx_hal.o
    0x080040e4   0x080040e4   0x00000054   Code   RO         1440    i.HAL_MspInit       stm32f4xx_hal_msp.o
    0x08004138   0x08004138   0x00000020   Code   RO         6250    i.HAL_NVIC_EnableIRQ  stm32f4xx_hal_cortex.o
    0x08004158   0x08004158   0x0000007c   Code   RO         6256    i.HAL_NVIC_SetPriority  stm32f4xx_hal_cortex.o
    0x080041d4   0x080041d4   0x00000028   Code   RO         6257    i.HAL_NVIC_SetPriorityGrouping  stm32f4xx_hal_cortex.o
    0x080041fc   0x080041fc   0x00000002   Code   RO         5114    i.HAL_PCDEx_LPM_Callback  stm32f4xx_hal_pcd_ex.o
    0x080041fe   0x080041fe   0x0000000e   Code   RO          973    i.HAL_PCD_ConnectCallback  usbd_conf.o
    0x0800420c   0x0800420c   0x00000020   Code   RO          974    i.HAL_PCD_DataInStageCallback  usbd_conf.o
    0x0800422c   0x0800422c   0x00000020   Code   RO          975    i.HAL_PCD_DataOutStageCallback  usbd_conf.o
    0x0800424c   0x0800424c   0x0000000e   Code   RO          976    i.HAL_PCD_DisconnectCallback  usbd_conf.o
    0x0800425a   0x0800425a   0x0000007c   Code   RO         4898    i.HAL_PCD_EP_ClrStall  stm32f4xx_hal_pcd.o
    0x080042d6   0x080042d6   0x0000008c   Code   RO         4901    i.HAL_PCD_EP_Open   stm32f4xx_hal_pcd.o
    0x08004362   0x08004362   0x00000058   Code   RO         4902    i.HAL_PCD_EP_Receive  stm32f4xx_hal_pcd.o
    0x080043ba   0x080043ba   0x0000008a   Code   RO         4903    i.HAL_PCD_EP_SetStall  stm32f4xx_hal_pcd.o
    0x08004444   0x08004444   0x0000005a   Code   RO         4904    i.HAL_PCD_EP_Transmit  stm32f4xx_hal_pcd.o
    0x0800449e   0x0800449e   0x0000053e   Code   RO         4906    i.HAL_PCD_IRQHandler  stm32f4xx_hal_pcd.o
    0x080049dc   0x080049dc   0x00000012   Code   RO          977    i.HAL_PCD_ISOINIncompleteCallback  usbd_conf.o
    0x080049ee   0x080049ee   0x00000012   Code   RO          978    i.HAL_PCD_ISOOUTIncompleteCallback  usbd_conf.o
    0x08004a00   0x08004a00   0x00000030   Code   RO          981    i.HAL_PCD_ResetCallback  usbd_conf.o
    0x08004a30   0x08004a30   0x0000000e   Code   RO          982    i.HAL_PCD_ResumeCallback  usbd_conf.o
    0x08004a3e   0x08004a3e   0x0000000e   Code   RO          983    i.HAL_PCD_SOFCallback  usbd_conf.o
    0x08004a4c   0x08004a4c   0x00000036   Code   RO         4915    i.HAL_PCD_SetAddress  stm32f4xx_hal_pcd.o
    0x08004a82   0x08004a82   0x00000012   Code   RO          984    i.HAL_PCD_SetupStageCallback  usbd_conf.o
    0x08004a94   0x08004a94   0x00000034   Code   RO          985    i.HAL_PCD_SuspendCallback  usbd_conf.o
    0x08004ac8   0x08004ac8   0x000001a0   Code   RO         5567    i.HAL_RCCEx_PeriphCLKConfig  stm32f4xx_hal_rcc_ex.o
    0x08004c68   0x08004c68   0x00000180   Code   RO         5462    i.HAL_RCC_ClockConfig  stm32f4xx_hal_rcc.o
    0x08004de8   0x08004de8   0x0000000c   Code   RO         5467    i.HAL_RCC_GetHCLKFreq  stm32f4xx_hal_rcc.o
    0x08004df4   0x08004df4   0x00000020   Code   RO         5469    i.HAL_RCC_GetPCLK1Freq  stm32f4xx_hal_rcc.o
    0x08004e14   0x08004e14   0x00000020   Code   RO         5470    i.HAL_RCC_GetPCLK2Freq  stm32f4xx_hal_rcc.o
    0x08004e34   0x08004e34   0x000000b0   Code   RO         5471    i.HAL_RCC_GetSysClockFreq  stm32f4xx_hal_rcc.o
    0x08004ee4   0x08004ee4   0x00000448   Code   RO         5474    i.HAL_RCC_OscConfig  stm32f4xx_hal_rcc.o
    0x0800532c   0x0800532c   0x00000034   Code   RO         7698    i.HAL_RNG_Init      stm32f4xx_hal_rng.o
    0x08005360   0x08005360   0x00000034   Code   RO          662    i.HAL_RNG_MspInit   rng.o
    0x08005394   0x08005394   0x000000d8   Code   RO         7799    i.HAL_RTC_Init      stm32f4xx_hal_rtc.o
    0x0800546c   0x0800546c   0x00000018   Code   RO          704    i.HAL_RTC_MspInit   rtc.o
    0x08005484   0x08005484   0x0000003a   Code   RO         7807    i.HAL_RTC_WaitForSynchro  stm32f4xx_hal_rtc.o
    0x080054be   0x080054be   0x0000008c   Code   RO         8168    i.HAL_SPI_Init      stm32f4xx_hal_spi.o
    0x0800554a   0x0800554a   0x00000002   PAD
    0x0800554c   0x0800554c   0x000001cc   Code   RO          746    i.HAL_SPI_MspInit   spi.o
    0x08005718   0x08005718   0x0000022a   Code   RO         8177    i.HAL_SPI_TransmitReceive  stm32f4xx_hal_spi.o
    0x08005942   0x08005942   0x00000034   Code   RO         6261    i.HAL_SYSTICK_Config  stm32f4xx_hal_cortex.o
    0x08005976   0x08005976   0x00000074   Code   RO         9170    i.HAL_TIMEx_ConfigBreakDeadTime  stm32f4xx_hal_tim_ex.o
    0x080059ea   0x080059ea   0x00000054   Code   RO         9185    i.HAL_TIMEx_MasterConfigSynchronization  stm32f4xx_hal_tim_ex.o
    0x08005a3e   0x08005a3e   0x00000034   Code   RO         8481    i.HAL_TIM_Base_Init  stm32f4xx_hal_tim.o
    0x08005a72   0x08005a72   0x00000002   PAD
    0x08005a74   0x08005a74   0x0000011c   Code   RO          794    i.HAL_TIM_Base_MspInit  tim.o
    0x08005b90   0x08005b90   0x0000002a   Code   RO         8484    i.HAL_TIM_Base_Start  stm32f4xx_hal_tim.o
    0x08005bba   0x08005bba   0x00000108   Code   RO         8490    i.HAL_TIM_ConfigClockSource  stm32f4xx_hal_tim.o
    0x08005cc2   0x08005cc2   0x00000002   PAD
    0x08005cc4   0x08005cc4   0x000001c0   Code   RO          795    i.HAL_TIM_MspPostInit  tim.o
    0x08005e84   0x08005e84   0x00000108   Code   RO         8548    i.HAL_TIM_PWM_ConfigChannel  stm32f4xx_hal_tim.o
    0x08005f8c   0x08005f8c   0x00000034   Code   RO         8551    i.HAL_TIM_PWM_Init  stm32f4xx_hal_tim.o
    0x08005fc0   0x08005fc0   0x00000002   Code   RO         8553    i.HAL_TIM_PWM_MspInit  stm32f4xx_hal_tim.o
    0x08005fc2   0x08005fc2   0x00000002   PAD
    0x08005fc4   0x08005fc4   0x00000058   Code   RO         8556    i.HAL_TIM_PWM_Start  stm32f4xx_hal_tim.o
    0x0800601c   0x0800601c   0x00000072   Code   RO         9443    i.HAL_UART_Init     stm32f4xx_hal_uart.o
    0x0800608e   0x0800608e   0x00000002   PAD
    0x08006090   0x08006090   0x0000034c   Code   RO          872    i.HAL_UART_MspInit  usart.o
    0x080063dc   0x080063dc   0x000000d6   Code   RO         9451    i.HAL_UART_Transmit  stm32f4xx_hal_uart.o
    0x080064b2   0x080064b2   0x00000004   Code   RO         1322    i.HardFault_Handler  stm32f4xx_it.o
    0x080064b6   0x080064b6   0x0000003e   Code   RO         7263    i.I2C_IsAcknowledgeFailed  stm32f4xx_hal_i2c.o
    0x080064f4   0x080064f4   0x00000138   Code   RO         7273    i.I2C_RequestMemoryRead  stm32f4xx_hal_i2c.o
    0x0800662c   0x0800662c   0x000000cc   Code   RO         7274    i.I2C_RequestMemoryWrite  stm32f4xx_hal_i2c.o
    0x080066f8   0x080066f8   0x0000005c   Code   RO         7282    i.I2C_WaitOnBTFFlagUntilTimeout  stm32f4xx_hal_i2c.o
    0x08006754   0x08006754   0x00000086   Code   RO         7283    i.I2C_WaitOnFlagUntilTimeout  stm32f4xx_hal_i2c.o
    0x080067da   0x080067da   0x000000c4   Code   RO         7284    i.I2C_WaitOnMasterAddressFlagUntilTimeout  stm32f4xx_hal_i2c.o
    0x0800689e   0x0800689e   0x00000080   Code   RO         7285    i.I2C_WaitOnRXNEFlagUntilTimeout  stm32f4xx_hal_i2c.o
    0x0800691e   0x0800691e   0x0000005c   Code   RO         7287    i.I2C_WaitOnTXEFlagUntilTimeout  stm32f4xx_hal_i2c.o
    0x0800697a   0x0800697a   0x00000002   PAD
    0x0800697c   0x0800697c   0x0000007c   Code   RO         2898    i.INS_cali_gyro     ins_task.o
    0x080069f8   0x080069f8   0x00000048   Code   RO         2899    i.INS_set_cali_gyro  ins_task.o
    0x08006a40   0x08006a40   0x00000314   Code   RO         2900    i.INS_task          ins_task.o
    0x08006d54   0x08006d54   0x0000015c   Code   RO         2739    i.J_scope_gimbal_test  gimbal_task.o
    0x08006eb0   0x08006eb0   0x00000070   Code   RO          446    i.MX_ADC1_Init      adc.o
    0x08006f20   0x08006f20   0x00000070   Code   RO          447    i.MX_ADC3_Init      adc.o
    0x08006f90   0x08006f90   0x00000044   Code   RO          494    i.MX_CAN1_Init      can.o
    0x08006fd4   0x08006fd4   0x00000044   Code   RO          495    i.MX_CAN2_Init      can.o
    0x08007018   0x08007018   0x00000020   Code   RO          543    i.MX_CRC_Init       crc.o
    0x08007038   0x08007038   0x000000c8   Code   RO          583    i.MX_DMA_Init       dma.o
    0x08007100   0x08007100   0x00000108   Code   RO          375    i.MX_FREERTOS_Init  freertos.o
    0x08007208   0x08007208   0x0000026c   Code   RO          351    i.MX_GPIO_Init      gpio.o
    0x08007474   0x08007474   0x0000003c   Code   RO          609    i.MX_I2C1_Init      i2c.o
    0x080074b0   0x080074b0   0x0000003c   Code   RO          610    i.MX_I2C2_Init      i2c.o
    0x080074ec   0x080074ec   0x0000003c   Code   RO          611    i.MX_I2C3_Init      i2c.o
    0x08007528   0x08007528   0x00000020   Code   RO          663    i.MX_RNG_Init       rng.o
    0x08007548   0x08007548   0x00000034   Code   RO          705    i.MX_RTC_Init       rtc.o
    0x0800757c   0x0800757c   0x00000048   Code   RO          747    i.MX_SPI1_Init      spi.o
    0x080075c4   0x080075c4   0x00000048   Code   RO          748    i.MX_SPI2_Init      spi.o
    0x0800760c   0x0800760c   0x0000006c   Code   RO          796    i.MX_TIM10_Init     tim.o
    0x08007678   0x08007678   0x000000ec   Code   RO          797    i.MX_TIM1_Init      tim.o
    0x08007764   0x08007764   0x0000006c   Code   RO          798    i.MX_TIM3_Init      tim.o
    0x080077d0   0x080077d0   0x000000a4   Code   RO          799    i.MX_TIM4_Init      tim.o
    0x08007874   0x08007874   0x000000c4   Code   RO          800    i.MX_TIM5_Init      tim.o
    0x08007938   0x08007938   0x00000070   Code   RO          801    i.MX_TIM8_Init      tim.o
    0x080079a8   0x080079a8   0x00000038   Code   RO          873    i.MX_USART1_UART_Init  usart.o
    0x080079e0   0x080079e0   0x0000003c   Code   RO          874    i.MX_USART3_UART_Init  usart.o
    0x08007a1c   0x08007a1c   0x00000038   Code   RO          875    i.MX_USART6_UART_Init  usart.o
    0x08007a54   0x08007a54   0x00000004   Code   RO         1323    i.MemManage_Handler  stm32f4xx_it.o
    0x08007a58   0x08007a58   0x00000002   Code   RO         1324    i.NMI_Handler       stm32f4xx_it.o
    0x08007a5a   0x08007a5a   0x00000002   PAD
    0x08007a5c   0x08007a5c   0x00000010   Code   RO         1325    i.OTG_FS_IRQHandler  stm32f4xx_it.o
    0x08007a6c   0x08007a6c   0x0000008c   Code   RO         4920    i.PCD_EP_OutSetupPacket_int  stm32f4xx_hal_pcd.o
    0x08007af8   0x08007af8   0x00000180   Code   RO         4921    i.PCD_EP_OutXfrComplete_int  stm32f4xx_hal_pcd.o
    0x08007c78   0x08007c78   0x000000b6   Code   RO         4922    i.PCD_WriteEmptyTxFifo  stm32f4xx_hal_pcd.o
    0x08007d2e   0x08007d2e   0x00000002   PAD
    0x08007d30   0x08007d30   0x000001f0   Code   RO         4852    i.PID_calc          pid.o
    0x08007f20   0x08007f20   0x0000004c   Code   RO         4853    i.PID_clear         pid.o
    0x08007f6c   0x08007f6c   0x00000060   Code   RO         4854    i.PID_init          pid.o
    0x08007fcc   0x08007fcc   0x0000009c   Code   RO         2047    i.RC_Init           bsp_rc.o
    0x08008068   0x08008068   0x00000368   Code   RO         2227    i.RC_cmd_to_calibrate  calibrate_task.o
    0x080083d0   0x080083d0   0x00000050   Code   RO         2048    i.RC_restart        bsp_rc.o
    0x08008420   0x08008420   0x00000018   Code   RO         2049    i.RC_unable         bsp_rc.o
    0x08008438   0x08008438   0x0000003e   Code   RO         7810    i.RTC_EnterInitMode  stm32f4xx_hal_rtc.o
    0x08008476   0x08008476   0x00000002   PAD
    0x08008478   0x08008478   0x0000273c   Code   RO         2119    i.SPI1_DMA_enable   bsp_spi.o
    0x0800abb4   0x0800abb4   0x00000180   Code   RO         2120    i.SPI1_DMA_init     bsp_spi.o
    0x0800ad34   0x0800ad34   0x0000006c   Code   RO         8206    i.SPI_EndRxTxTransaction  stm32f4xx_hal_spi.o
    0x0800ada0   0x0800ada0   0x000000a8   Code   RO         8211    i.SPI_WaitFlagStateUntilTimeout  stm32f4xx_hal_spi.o
    0x0800ae48   0x0800ae48   0x00000014   Code   RO         1326    i.SysTick_Handler   stm32f4xx_it.o
    0x0800ae5c   0x0800ae5c   0x000000d4   Code   RO           14    i.SystemClock_Config  main.o
    0x0800af30   0x0800af30   0x00000064   Code   RO         1465    i.SystemInit        system_stm32f4xx.o
    0x0800af94   0x0800af94   0x000000d8   Code   RO         8569    i.TIM_Base_SetConfig  stm32f4xx_hal_tim.o
    0x0800b06c   0x0800b06c   0x00000022   Code   RO         8570    i.TIM_CCxChannelCmd  stm32f4xx_hal_tim.o
    0x0800b08e   0x0800b08e   0x00000016   Code   RO         8580    i.TIM_ETR_SetConfig  stm32f4xx_hal_tim.o
    0x0800b0a4   0x0800b0a4   0x00000012   Code   RO         8581    i.TIM_ITRx_SetConfig  stm32f4xx_hal_tim.o
    0x0800b0b6   0x0800b0b6   0x00000002   PAD
    0x0800b0b8   0x0800b0b8   0x00000070   Code   RO         8582    i.TIM_OC1_SetConfig  stm32f4xx_hal_tim.o
    0x0800b128   0x0800b128   0x0000007c   Code   RO         8583    i.TIM_OC2_SetConfig  stm32f4xx_hal_tim.o
    0x0800b1a4   0x0800b1a4   0x00000078   Code   RO         8584    i.TIM_OC3_SetConfig  stm32f4xx_hal_tim.o
    0x0800b21c   0x0800b21c   0x00000054   Code   RO         8585    i.TIM_OC4_SetConfig  stm32f4xx_hal_tim.o
    0x0800b270   0x0800b270   0x00000026   Code   RO         8587    i.TIM_TI1_ConfigInputStage  stm32f4xx_hal_tim.o
    0x0800b296   0x0800b296   0x00000028   Code   RO         8589    i.TIM_TI2_ConfigInputStage  stm32f4xx_hal_tim.o
    0x0800b2be   0x0800b2be   0x00000002   PAD
    0x0800b2c0   0x0800b2c0   0x00000368   Code   RO         9470    i.UART_SetConfig    stm32f4xx_hal_uart.o
    0x0800b628   0x0800b628   0x0000006c   Code   RO         9472    i.UART_WaitOnFlagUntilTimeout  stm32f4xx_hal_uart.o
    0x0800b694   0x0800b694   0x00000118   Code   RO         3432    i.USART1_IRQHandler  vision.o
    0x0800b7ac   0x0800b7ac   0x00000140   Code   RO         3640    i.USART3_IRQHandler  remote_control.o
    0x0800b8ec   0x0800b8ec   0x00000128   Code   RO         3204    i.USART6_IRQHandler  referee_usart_task.o
    0x0800ba14   0x0800ba14   0x00000016   Code   RO        11238    i.USBD_ClrClassConfig  usbd_core.o
    0x0800ba2a   0x0800ba2a   0x0000003e   Code   RO        11376    i.USBD_ClrFeature   usbd_ctlreq.o
    0x0800ba68   0x0800ba68   0x00000018   Code   RO        11471    i.USBD_CtlContinueRx  usbd_ioreq.o
    0x0800ba80   0x0800ba80   0x00000018   Code   RO        11472    i.USBD_CtlContinueSendData  usbd_ioreq.o
    0x0800ba98   0x0800ba98   0x00000018   Code   RO        11377    i.USBD_CtlError     usbd_ctlreq.o
    0x0800bab0   0x0800bab0   0x0000001a   Code   RO        11474    i.USBD_CtlReceiveStatus  usbd_ioreq.o
    0x0800baca   0x0800baca   0x00000022   Code   RO        11475    i.USBD_CtlSendData  usbd_ioreq.o
    0x0800baec   0x0800baec   0x0000001a   Code   RO        11476    i.USBD_CtlSendStatus  usbd_ioreq.o
    0x0800bb06   0x0800bb06   0x00000056   Code   RO        11378    i.USBD_GetConfig    usbd_ctlreq.o
    0x0800bb5c   0x0800bb5c   0x00000152   Code   RO        11379    i.USBD_GetDescriptor  usbd_ctlreq.o
    0x0800bcae   0x0800bcae   0x0000005a   Code   RO        11381    i.USBD_GetStatus    usbd_ctlreq.o
    0x0800bd08   0x0800bd08   0x0000002c   Code   RO          986    i.USBD_Get_USB_Status  usbd_conf.o
    0x0800bd34   0x0800bd34   0x00000026   Code   RO          987    i.USBD_LL_ClearStallEP  usbd_conf.o
    0x0800bd5a   0x0800bd5a   0x00000100   Code   RO        11241    i.USBD_LL_DataInStage  usbd_core.o
    0x0800be5a   0x0800be5a   0x000000a6   Code   RO        11242    i.USBD_LL_DataOutStage  usbd_core.o
    0x0800bf00   0x0800bf00   0x00000006   Code   RO        11243    i.USBD_LL_DevConnected  usbd_core.o
    0x0800bf06   0x0800bf06   0x0000001a   Code   RO        11244    i.USBD_LL_DevDisconnected  usbd_core.o
    0x0800bf20   0x0800bf20   0x00000038   Code   RO          994    i.USBD_LL_IsStallEP  usbd_conf.o
    0x0800bf58   0x0800bf58   0x00000006   Code   RO        11245    i.USBD_LL_IsoINIncomplete  usbd_core.o
    0x0800bf5e   0x0800bf5e   0x00000006   Code   RO        11246    i.USBD_LL_IsoOUTIncomplete  usbd_core.o
    0x0800bf64   0x0800bf64   0x00000030   Code   RO          995    i.USBD_LL_OpenEP    usbd_conf.o
    0x0800bf94   0x0800bf94   0x00000030   Code   RO          996    i.USBD_LL_PrepareReceive  usbd_conf.o
    0x0800bfc4   0x0800bfc4   0x0000005c   Code   RO        11247    i.USBD_LL_Reset     usbd_core.o
    0x0800c020   0x0800c020   0x0000000e   Code   RO        11248    i.USBD_LL_Resume    usbd_core.o
    0x0800c02e   0x0800c02e   0x00000022   Code   RO        11249    i.USBD_LL_SOF       usbd_core.o
    0x0800c050   0x0800c050   0x00000008   Code   RO        11250    i.USBD_LL_SetSpeed  usbd_core.o
    0x0800c058   0x0800c058   0x00000026   Code   RO          997    i.USBD_LL_SetUSBAddress  usbd_conf.o
    0x0800c07e   0x0800c07e   0x0000006e   Code   RO        11251    i.USBD_LL_SetupStage  usbd_core.o
    0x0800c0ec   0x0800c0ec   0x00000026   Code   RO          998    i.USBD_LL_StallEP   usbd_conf.o
    0x0800c112   0x0800c112   0x00000014   Code   RO        11252    i.USBD_LL_Suspend   usbd_core.o
    0x0800c126   0x0800c126   0x00000030   Code   RO         1001    i.USBD_LL_Transmit  usbd_conf.o
    0x0800c156   0x0800c156   0x00000028   Code   RO        11383    i.USBD_ParseSetupRequest  usbd_ctlreq.o
    0x0800c17e   0x0800c17e   0x00000006   Code   RO        11254    i.USBD_RunTestMode  usbd_core.o
    0x0800c184   0x0800c184   0x0000005a   Code   RO        11384    i.USBD_SetAddress   usbd_ctlreq.o
    0x0800c1de   0x0800c1de   0x00000022   Code   RO        11255    i.USBD_SetClassConfig  usbd_core.o
    0x0800c200   0x0800c200   0x000000e8   Code   RO        11385    i.USBD_SetConfig    usbd_ctlreq.o
    0x0800c2e8   0x0800c2e8   0x00000018   Code   RO        11386    i.USBD_SetFeature   usbd_ctlreq.o
    0x0800c300   0x0800c300   0x000000a2   Code   RO        11387    i.USBD_StdDevReq    usbd_ctlreq.o
    0x0800c3a2   0x0800c3a2   0x00000238   Code   RO        11388    i.USBD_StdEPReq     usbd_ctlreq.o
    0x0800c5da   0x0800c5da   0x0000007e   Code   RO        11389    i.USBD_StdItfReq    usbd_ctlreq.o
    0x0800c658   0x0800c658   0x000000d0   Code   RO         5156    i.USB_ActivateEndpoint  stm32f4xx_ll_usb.o
    0x0800c728   0x0800c728   0x00000046   Code   RO         5158    i.USB_ActivateSetup  stm32f4xx_ll_usb.o
    0x0800c76e   0x0800c76e   0x00000002   PAD
    0x0800c770   0x0800c770   0x000001d8   Code   RO         5171    i.USB_EP0StartXfer  stm32f4xx_ll_usb.o
    0x0800c948   0x0800c948   0x00000070   Code   RO         5172    i.USB_EP0_OutStart  stm32f4xx_ll_usb.o
    0x0800c9b8   0x0800c9b8   0x0000008e   Code   RO         5173    i.USB_EPClearStall  stm32f4xx_ll_usb.o
    0x0800ca46   0x0800ca46   0x0000009a   Code   RO         5174    i.USB_EPSetStall    stm32f4xx_ll_usb.o
    0x0800cae0   0x0800cae0   0x00000344   Code   RO         5175    i.USB_EPStartXfer   stm32f4xx_ll_usb.o
    0x0800ce24   0x0800ce24   0x00000030   Code   RO         5178    i.USB_FlushTxFifo   stm32f4xx_ll_usb.o
    0x0800ce54   0x0800ce54   0x00000026   Code   RO         5180    i.USB_GetDevSpeed   stm32f4xx_ll_usb.o
    0x0800ce7a   0x0800ce7a   0x0000000a   Code   RO         5182    i.USB_GetMode       stm32f4xx_ll_usb.o
    0x0800ce84   0x0800ce84   0x00000014   Code   RO         5189    i.USB_ReadDevAllInEpInterrupt  stm32f4xx_ll_usb.o
    0x0800ce98   0x0800ce98   0x00000014   Code   RO         5190    i.USB_ReadDevAllOutEpInterrupt  stm32f4xx_ll_usb.o
    0x0800ceac   0x0800ceac   0x00000032   Code   RO         5191    i.USB_ReadDevInEPInterrupt  stm32f4xx_ll_usb.o
    0x0800cede   0x0800cede   0x0000001a   Code   RO         5192    i.USB_ReadDevOutEPInterrupt  stm32f4xx_ll_usb.o
    0x0800cef8   0x0800cef8   0x0000000a   Code   RO         5193    i.USB_ReadInterrupts  stm32f4xx_ll_usb.o
    0x0800cf02   0x0800cf02   0x00000022   Code   RO         5194    i.USB_ReadPacket    stm32f4xx_ll_usb.o
    0x0800cf24   0x0800cf24   0x0000002a   Code   RO         5197    i.USB_SetDevAddress  stm32f4xx_ll_usb.o
    0x0800cf4e   0x0800cf4e   0x00000002   PAD
    0x0800cf50   0x0800cf50   0x000000e8   Code   RO         5199    i.USB_SetTurnaroundTime  stm32f4xx_ll_usb.o
    0x0800d038   0x0800d038   0x0000003c   Code   RO         5202    i.USB_WritePacket   stm32f4xx_ll_usb.o
    0x0800d074   0x0800d074   0x00000004   Code   RO         1327    i.UsageFault_Handler  stm32f4xx_it.o
    0x0800d078   0x0800d078   0x00000026   Code   RO        12328    i.__ARM_fpclassifyf  m_wm.l(fpclassifyf.o)
    0x0800d09e   0x0800d09e   0x00000002   PAD
    0x0800d0a0   0x0800d0a0   0x00000010   Code   RO         6263    i.__NVIC_GetPriorityGrouping  stm32f4xx_hal_cortex.o
    0x0800d0b0   0x0800d0b0   0x00000028   Code   RO         6264    i.__NVIC_SetPriority  stm32f4xx_hal_cortex.o
    0x0800d0d8   0x0800d0d8   0x00000006   Code   RO         4573    i.__get_PRIMASK     fifo.o
    0x0800d0de   0x0800d0de   0x00000002   PAD
    0x0800d0e0   0x0800d0e0   0x0000012c   Code   RO        12024    i.__hardfp_asinf    m_wm.l(asinf.o)
    0x0800d20c   0x0800d20c   0x000002ac   Code   RO        12036    i.__hardfp_atan2f   m_wm.l(atan2f.o)
    0x0800d4b8   0x0800d4b8   0x00000014   Code   RO        12060    i.__hardfp_fabs     m_wm.l(fabs.o)
    0x0800d4cc   0x0800d4cc   0x0000003a   Code   RO        12090    i.__hardfp_sqrtf    m_wm.l(sqrtf_full.o)
    0x0800d506   0x0800d506   0x00000006   Code   RO        12331    i.__mathlib_flt_infnan  m_wm.l(funder.o)
    0x0800d50c   0x0800d50c   0x00000006   Code   RO        12332    i.__mathlib_flt_infnan2  m_wm.l(funder.o)
    0x0800d512   0x0800d512   0x00000002   PAD
    0x0800d514   0x0800d514   0x00000010   Code   RO        12333    i.__mathlib_flt_invalid  m_wm.l(funder.o)
    0x0800d524   0x0800d524   0x00000010   Code   RO        12336    i.__mathlib_flt_underflow  m_wm.l(funder.o)
    0x0800d534   0x0800d534   0x00000006   Code   RO         4574    i.__set_PRIMASK     fifo.o
    0x0800d53a   0x0800d53a   0x00000002   PAD
    0x0800d53c   0x0800d53c   0x00000068   Code   RO         2018    i.aRGB_led_show     bsp_led.o
    0x0800d5a4   0x0800d5a4   0x00000030   Code   RO         4408    i.abs_limit         user_lib.o
    0x0800d5d4   0x0800d5d4   0x000001d0   Code   RO        11663    i.accel_comple_filter  AHRS.lib(ahrs.o)
    0x0800d7a4   0x0800d7a4   0x0000018c   Code   RO        11664    i.accel_update_kp_ki  AHRS.lib(ahrs.o)
    0x0800d930   0x0800d930   0x0000003c   Code   RO         1501    i.adcx_get_chx_value  bsp_adc.o
    0x0800d96c   0x0800d96c   0x0000016c   Code   RO        11665    i.angle_to_quat     AHRS.lib(ahrs.o)
    0x0800dad8   0x0800dad8   0x00000134   Code   RO         3927    i.bmi088_accel_init  bmi088driver.o
    0x0800dc0c   0x0800dc0c   0x000002fc   Code   RO         3928    i.bmi088_accel_self_test  bmi088driver.o
    0x0800df08   0x0800df08   0x000000f4   Code   RO         3929    i.bmi088_gyro_init  bmi088driver.o
    0x0800dffc   0x0800dffc   0x000000d0   Code   RO         3930    i.bmi088_gyro_self_test  bmi088driver.o
    0x0800e0cc   0x0800e0cc   0x00000010   Code   RO         1651    i.buzzer_off        bsp_buzzer.o
    0x0800e0dc   0x0800e0dc   0x00000014   Code   RO         1652    i.buzzer_on         bsp_buzzer.o
    0x0800e0f0   0x0800e0f0   0x0000007c   Code   RO         3251    i.buzzer_warn_error  test_task.o
    0x0800e16c   0x0800e16c   0x00000180   Code   RO         2740    i.calc_gimbal_cali  gimbal_task.o
    0x0800e2ec   0x0800e2ec   0x000000ec   Code   RO         2228    i.cali_data_read    calibrate_task.o
    0x0800e3d8   0x0800e3d8   0x0000008c   Code   RO         2229    i.cali_data_write   calibrate_task.o
    0x0800e464   0x0800e464   0x0000006c   Code   RO         2230    i.cali_gimbal_hook  calibrate_task.o
    0x0800e4d0   0x0800e4d0   0x00000064   Code   RO         2231    i.cali_gyro_hook    calibrate_task.o
    0x0800e534   0x0800e534   0x00000046   Code   RO         2232    i.cali_head_hook    calibrate_task.o
    0x0800e57a   0x0800e57a   0x00000002   PAD
    0x0800e57c   0x0800e57c   0x000000b8   Code   RO         2233    i.cali_param_init   calibrate_task.o
    0x0800e634   0x0800e634   0x00000148   Code   RO         2234    i.calibrate_task    calibrate_task.o
    0x0800e77c   0x0800e77c   0x0000005c   Code   RO         1685    i.can_filter_init   bsp_can.o
    0x0800e7d8   0x0800e7d8   0x00000058   Code   RO         2447    i.chassis_behaviour_control_set  chassis_behaviour.o
    0x0800e830   0x0800e830   0x0000008c   Code   RO         2448    i.chassis_behaviour_mode_set  chassis_behaviour.o
    0x0800e8bc   0x0800e8bc   0x000000e4   Code   RO         2529    i.chassis_control_loop  chassis_task.o
    0x0800e9a0   0x0800e9a0   0x000000c4   Code   RO         2530    i.chassis_feedback_update  chassis_task.o
    0x0800ea64   0x0800ea64   0x00000088   Code   RO         2531    i.chassis_init      chassis_task.o
    0x0800eaec   0x0800eaec   0x00000016   Code   RO         2532    i.chassis_mode_change_control_transit  chassis_task.o
    0x0800eb02   0x0800eb02   0x00000002   PAD
    0x0800eb04   0x0800eb04   0x000001b8   Code   RO         2449    i.chassis_no_follow_yaw_control  chassis_behaviour.o
    0x0800ecbc   0x0800ecbc   0x00000018   Code   RO         2450    i.chassis_no_move_control  chassis_behaviour.o
    0x0800ecd4   0x0800ecd4   0x00000024   Code   RO         2451    i.chassis_open_set_control  chassis_behaviour.o
    0x0800ecf8   0x0800ecf8   0x000000b8   Code   RO         2533    i.chassis_rc_to_control_vector  chassis_task.o
    0x0800edb0   0x0800edb0   0x00000058   Code   RO         2534    i.chassis_set_contorl  chassis_task.o
    0x0800ee08   0x0800ee08   0x00000012   Code   RO         2535    i.chassis_set_mode  chassis_task.o
    0x0800ee1a   0x0800ee1a   0x00000002   PAD
    0x0800ee1c   0x0800ee1c   0x0000005c   Code   RO         2536    i.chassis_task      chassis_task.o
    0x0800ee78   0x0800ee78   0x00000018   Code   RO         2452    i.chassis_zero_force_control  chassis_behaviour.o
    0x0800ee90   0x0800ee90   0x00000118   Code   RO         2741    i.cmd_cali_gimbal_hook  gimbal_task.o
    0x0800efa8   0x0800efa8   0x00000040   Code   RO        11636    i.communicate_task  communicate.o
    0x0800efe8   0x0800efe8   0x00000030   Code   RO         1751    i.delay_init        bsp_delay.o
    0x0800f018   0x0800f018   0x00000050   Code   RO         1753    i.delay_us          bsp_delay.o
    0x0800f068   0x0800f068   0x00000124   Code   RO         2606    i.detect_hook       detect_task.o
    0x0800f18c   0x0800f18c   0x0000003a   Code   RO         4592    i.fifo_s_get        fifo.o
    0x0800f1c6   0x0800f1c6   0x00000016   Code   RO         4595    i.fifo_s_init       fifo.o
    0x0800f1dc   0x0800f1dc   0x000000a0   Code   RO         4601    i.fifo_s_puts       fifo.o
    0x0800f27c   0x0800f27c   0x00000006   Code   RO         4603    i.fifo_s_used       fifo.o
    0x0800f282   0x0800f282   0x00000054   Code   RO         4409    i.first_order_filter_cali  user_lib.o
    0x0800f2d6   0x0800f2d6   0x00000002   PAD
    0x0800f2d8   0x0800f2d8   0x00000024   Code   RO         4410    i.first_order_filter_init  user_lib.o
    0x0800f2fc   0x0800f2fc   0x0000002e   Code   RO         1789    i.flash_erase_address  bsp_flash.o
    0x0800f32a   0x0800f32a   0x00000014   Code   RO         1790    i.flash_read        bsp_flash.o
    0x0800f33e   0x0800f33e   0x00000002   PAD
    0x0800f340   0x0800f340   0x00000098   Code   RO         1792    i.flash_write_single_address  bsp_flash.o
    0x0800f3d8   0x0800f3d8   0x0000002a   Code   RO         4411    i.fp32_constrain    user_lib.o
    0x0800f402   0x0800f402   0x00000002   PAD
    0x0800f404   0x0800f404   0x000000f4   Code   RO         1793    i.ger_sector        bsp_flash.o
    0x0800f4f8   0x0800f4f8   0x00000034   Code   RO         4514    i.get_CRC16_check_sum  crc8_crc16.o
    0x0800f52c   0x0800f52c   0x00000024   Code   RO         4515    i.get_CRC8_check_sum  crc8_crc16.o
    0x0800f550   0x0800f550   0x00000008   Code   RO         2901    i.get_INS_angle_point  ins_task.o
    0x0800f558   0x0800f558   0x000000e8   Code   RO        11666    i.get_angle         AHRS.lib(ahrs.o)
    0x0800f640   0x0800f640   0x00000008   Code   RO         2350    i.get_chassis_motor_measure_point  can_receive.o
    0x0800f648   0x0800f648   0x0000000c   Code   RO         2235    i.get_control_temperature  calibrate_task.o
    0x0800f654   0x0800f654   0x00000008   Code   RO         2609    i.get_error_list_point  detect_task.o
    0x0800f65c   0x0800f65c   0x00000014   Code   RO         2351    i.get_fric_motor_measure_point  can_receive.o
    0x0800f670   0x0800f670   0x00000008   Code   RO         2904    i.get_gyro_data_point  ins_task.o
    0x0800f678   0x0800f678   0x00000008   Code   RO         3641    i.get_last_remote_control_point  remote_control.o
    0x0800f680   0x0800f680   0x000000e8   Code   RO         1794    i.get_next_flash_address  bsp_flash.o
    0x0800f768   0x0800f768   0x00000008   Code   RO         2352    i.get_pitch_gimbal_motor_measure_point  can_receive.o
    0x0800f770   0x0800f770   0x00000008   Code   RO         3642    i.get_remote_control_point  remote_control.o
    0x0800f778   0x0800f778   0x0000005c   Code   RO         1504    i.get_temprate      bsp_adc.o
    0x0800f7d4   0x0800f7d4   0x00000008   Code   RO         2353    i.get_trigger_motor_measure_point  can_receive.o
    0x0800f7dc   0x0800f7dc   0x00000008   Code   RO         2354    i.get_yaw_gimbal_motor_measure_point  can_receive.o
    0x0800f7e4   0x0800f7e4   0x000000bc   Code   RO         2744    i.gimbal_PID_calc   gimbal_task.o
    0x0800f8a0   0x0800f8a0   0x00000030   Code   RO         2745    i.gimbal_PID_clear  gimbal_task.o
    0x0800f8d0   0x0800f8d0   0x00000030   Code   RO         2746    i.gimbal_PID_init   gimbal_task.o
    0x0800f900   0x0800f900   0x00000130   Code   RO         2649    i.gimbal_absolute_angle_control  gimbal_behaviour.o
    0x0800fa30   0x0800fa30   0x0000012c   Code   RO         2747    i.gimbal_absolute_angle_limit  gimbal_task.o
    0x0800fb5c   0x0800fb5c   0x0000008c   Code   RO         2650    i.gimbal_behaviour_control_set  gimbal_behaviour.o
    0x0800fbe8   0x0800fbe8   0x0000008c   Code   RO         2651    i.gimbal_behaviour_mode_set  gimbal_behaviour.o
    0x0800fc74   0x0800fc74   0x000001ac   Code   RO         2652    i.gimbal_behavour_set  gimbal_behaviour.o
    0x0800fe20   0x0800fe20   0x000001d0   Code   RO         2653    i.gimbal_cali_control  gimbal_behaviour.o
    0x0800fff0   0x0800fff0   0x00000024   Code   RO         2654    i.gimbal_cmd_to_chassis_stop  gimbal_behaviour.o
    0x08010014   0x08010014   0x00000024   Code   RO         2655    i.gimbal_cmd_to_shoot_stop  gimbal_behaviour.o
    0x08010038   0x08010038   0x00000070   Code   RO         2748    i.gimbal_control_loop  gimbal_task.o
    0x080100a8   0x080100a8   0x00000088   Code   RO         2749    i.gimbal_feedback_update  gimbal_task.o
    0x08010130   0x08010130   0x000001d4   Code   RO         2750    i.gimbal_init       gimbal_task.o
    0x08010304   0x08010304   0x00000048   Code   RO         2656    i.gimbal_init_control  gimbal_behaviour.o
    0x0801034c   0x0801034c   0x000000c0   Code   RO         2751    i.gimbal_mode_change_control_transit  gimbal_task.o
    0x0801040c   0x0801040c   0x00000020   Code   RO         2657    i.gimbal_motionless_control  gimbal_behaviour.o
    0x0801042c   0x0801042c   0x00000084   Code   RO         2752    i.gimbal_motor_absolute_angle_control  gimbal_task.o
    0x080104b0   0x080104b0   0x00000022   Code   RO         2753    i.gimbal_motor_raw_angle_control  gimbal_task.o
    0x080104d2   0x080104d2   0x00000002   PAD
    0x080104d4   0x080104d4   0x00000078   Code   RO         2754    i.gimbal_motor_relative_angle_control  gimbal_task.o
    0x0801054c   0x0801054c   0x000002c0   Code   RO         2658    i.gimbal_relative_angle_control  gimbal_behaviour.o
    0x0801080c   0x0801080c   0x0000004a   Code   RO         2755    i.gimbal_relative_angle_limit  gimbal_task.o
    0x08010856   0x08010856   0x00000002   PAD
    0x08010858   0x08010858   0x000000a0   Code   RO         2756    i.gimbal_set_control  gimbal_task.o
    0x080108f8   0x080108f8   0x00000012   Code   RO         2757    i.gimbal_set_mode   gimbal_task.o
    0x0801090a   0x0801090a   0x00000002   PAD
    0x0801090c   0x0801090c   0x000000a0   Code   RO         2758    i.gimbal_task       gimbal_task.o
    0x080109ac   0x080109ac   0x00000020   Code   RO         2659    i.gimbal_zero_force_control  gimbal_behaviour.o
    0x080109cc   0x080109cc   0x00000054   Code   RO         2906    i.gyro_offset_calc  ins_task.o
    0x08010a20   0x08010a20   0x00000050   Code   RO         3093    i.if_hit            referee.o
    0x08010a70   0x08010a70   0x0000012c   Code   RO         2907    i.imu_cali_slove    ins_task.o
    0x08010b9c   0x08010b9c   0x00000168   Code   RO         2908    i.imu_cmd_spi_dma   ins_task.o
    0x08010d04   0x08010d04   0x0000000c   Code   RO         1886    i.imu_pwm_set       bsp_imu_pwm.o
    0x08010d10   0x08010d10   0x000000b8   Code   RO         2909    i.imu_temp_control  ins_task.o
    0x08010dc8   0x08010dc8   0x000000bc   Code   RO         3094    i.init_referee_struct_data  referee.o
    0x08010e84   0x08010e84   0x00000020   Code   RO         3095    i.is_red_or_blue    referee.o
    0x08010ea4   0x08010ea4   0x00000002   Code   RO         4155    i.ist8310_GPIO_init  ist8310driver_middleware.o
    0x08010ea6   0x08010ea6   0x00000002   PAD
    0x08010ea8   0x08010ea8   0x00000028   Code   RO         4157    i.ist8310_IIC_read_single_reg  ist8310driver_middleware.o
    0x08010ed0   0x08010ed0   0x00000028   Code   RO         4159    i.ist8310_IIC_write_single_reg  ist8310driver_middleware.o
    0x08010ef8   0x08010ef8   0x00000014   Code   RO         4160    i.ist8310_RST_H     ist8310driver_middleware.o
    0x08010f0c   0x08010f0c   0x00000014   Code   RO         4161    i.ist8310_RST_L     ist8310driver_middleware.o
    0x08010f20   0x08010f20   0x00000002   Code   RO         4162    i.ist8310_com_init  ist8310driver_middleware.o
    0x08010f22   0x08010f22   0x0000000c   Code   RO         4163    i.ist8310_delay_ms  ist8310driver_middleware.o
    0x08010f2e   0x08010f2e   0x00000002   PAD
    0x08010f30   0x08010f30   0x00000094   Code   RO         4123    i.ist8310_init      ist8310driver.o
    0x08010fc4   0x08010fc4   0x00000010   Code   RO         1984    i.laser_off         bsp_laser.o
    0x08010fd4   0x08010fd4   0x00000010   Code   RO         1985    i.laser_on          bsp_laser.o
    0x08010fe4   0x08010fe4   0x000001b0   Code   RO         3377    i.led_RGB_flow_task  led_flow_task.o
    0x08011194   0x08011194   0x00000060   Code   RO         4416    i.loop_fp32_constrain  user_lib.o
    0x080111f4   0x080111f4   0x00000088   Code   RO           15    i.main              main.o
    0x0801127c   0x0801127c   0x0000000e   Code   RO        10730    i.makeFreeRtosPriority  cmsis_os.o
    0x0801128a   0x0801128a   0x00000002   PAD
    0x0801128c   0x0801128c   0x00000034   Code   RO         2759    i.motor_ecd_to_angle_change  gimbal_task.o
    0x080112c0   0x080112c0   0x00000018   Code   RO        10732    i.osDelay           cmsis_os.o
    0x080112d8   0x080112d8   0x0000000a   Code   RO        10735    i.osKernelStart     cmsis_os.o
    0x080112e2   0x080112e2   0x0000005e   Code   RO        10769    i.osThreadCreate    cmsis_os.o
    0x08011340   0x08011340   0x00000020   Code   RO         3096    i.output_state      referee.o
    0x08011360   0x08011360   0x00000030   Code   RO        10227    i.pcTaskGetName     tasks.o
    0x08011390   0x08011390   0x000000a4   Code   RO        10228    i.prvAddCurrentTaskToDelayedList  tasks.o
    0x08011434   0x08011434   0x000000b4   Code   RO        10229    i.prvAddNewTaskToReadyList  tasks.o
    0x080114e8   0x080114e8   0x00000074   Code   RO        10577    i.prvCheckForValidListAndQueue  timers.o
    0x0801155c   0x0801155c   0x00000048   Code   RO        10230    i.prvCheckTasksWaitingTermination  tasks.o
    0x080115a4   0x080115a4   0x0000002a   Code   RO         9890    i.prvCopyDataFromQueue  queue.o
    0x080115ce   0x080115ce   0x0000007c   Code   RO         9891    i.prvCopyDataToQueue  queue.o
    0x0801164a   0x0801164a   0x00000050   Code   RO        10231    i.prvDeleteTCB      tasks.o
    0x0801169a   0x0801169a   0x00000002   PAD
    0x0801169c   0x0801169c   0x00000028   Code   RO        10578    i.prvGetNextExpireTime  timers.o
    0x080116c4   0x080116c4   0x0000007c   Code   RO        11109    i.prvHeapInit       heap_4.o
    0x08011740   0x08011740   0x00000028   Code   RO        10232    i.prvIdleTask       tasks.o
    0x08011768   0x08011768   0x00000026   Code   RO         9894    i.prvInitialiseNewQueue  queue.o
    0x0801178e   0x0801178e   0x000000b8   Code   RO        10233    i.prvInitialiseNewTask  tasks.o
    0x08011846   0x08011846   0x00000002   PAD
    0x08011848   0x08011848   0x00000068   Code   RO        10234    i.prvInitialiseTaskLists  tasks.o
    0x080118b0   0x080118b0   0x00000068   Code   RO        11110    i.prvInsertBlockIntoFreeList  heap_4.o
    0x08011918   0x08011918   0x00000058   Code   RO        10580    i.prvInsertTimerInActiveList  timers.o
    0x08011970   0x08011970   0x0000001a   Code   RO         9895    i.prvIsQueueEmpty   queue.o
    0x0801198a   0x0801198a   0x0000001e   Code   RO         9896    i.prvIsQueueFull    queue.o
    0x080119a8   0x080119a8   0x00000064   Code   RO        10581    i.prvProcessExpiredTimer  timers.o
    0x08011a0c   0x08011a0c   0x00000128   Code   RO        10582    i.prvProcessReceivedCommands  timers.o
    0x08011b34   0x08011b34   0x00000074   Code   RO        10583    i.prvProcessTimerOrBlockTask  timers.o
    0x08011ba8   0x08011ba8   0x00000034   Code   RO        10235    i.prvResetNextTaskUnblockTime  tasks.o
    0x08011bdc   0x08011bdc   0x0000002c   Code   RO        10584    i.prvSampleTimeNow  timers.o
    0x08011c08   0x08011c08   0x0000009e   Code   RO        10236    i.prvSearchForNameWithinSingleList  tasks.o
    0x08011ca6   0x08011ca6   0x00000002   PAD
    0x08011ca8   0x08011ca8   0x000000a0   Code   RO        10585    i.prvSwitchTimerLists  timers.o
    0x08011d48   0x08011d48   0x00000016   Code   RO        10237    i.prvTaskCheckFreeStackSpace  tasks.o
    0x08011d5e   0x08011d5e   0x00000002   PAD
    0x08011d60   0x08011d60   0x00000040   Code   RO        11159    i.prvTaskExitError  port.o
    0x08011da0   0x08011da0   0x0000001a   Code   RO        10586    i.prvTimerTask      timers.o
    0x08011dba   0x08011dba   0x0000007e   Code   RO         9897    i.prvUnlockQueue    queue.o
    0x08011e38   0x08011e38   0x0000013c   Code   RO        11111    i.pvPortMalloc      heap_4.o
    0x08011f74   0x08011f74   0x0000002c   Code   RO        11160    i.pxPortInitialiseStack  port.o
    0x08011fa0   0x08011fa0   0x00000084   Code   RO        11671    i.quat_normalization  AHRS.lib(ahrs.o)
    0x08012024   0x08012024   0x0000018c   Code   RO         3097    i.referee_data_solve  referee.o
    0x080121b0   0x080121b0   0x0000014c   Code   RO         3205    i.referee_unpack_fifo_data  referee_usart_task.o
    0x080122fc   0x080122fc   0x00000038   Code   RO         3206    i.referee_usart_task  referee_usart_task.o
    0x08012334   0x08012334   0x00000014   Code   RO         3643    i.remote_control_init  remote_control.o
    0x08012348   0x08012348   0x000000da   Code   RO         3644    i.sbus_to_rc        remote_control.o
    0x08012422   0x08012422   0x00000002   PAD
    0x08012424   0x08012424   0x00000058   Code   RO         3645    i.sbus_to_usart1    remote_control.o
    0x0801247c   0x0801247c   0x00000020   Code   RO         2760    i.set_cali_gimbal_hook  gimbal_task.o
    0x0801249c   0x0801249c   0x00000020   Code   RO         2761    i.set_hand_operator_gimbal_hook  gimbal_task.o
    0x080124bc   0x080124bc   0x000000b4   Code   RO         3722    i.shoot_bullet_control  shoot_task.o
    0x08012570   0x08012570   0x00000014   Code   RO         3723    i.shoot_cmd_to_gimbal_stop  shoot_task.o
    0x08012584   0x08012584   0x00000214   Code   RO         3724    i.shoot_feedback_update  shoot_task.o
    0x08012798   0x08012798   0x00000138   Code   RO         3725    i.shoot_init        shoot_task.o
    0x080128d0   0x080128d0   0x000001e8   Code   RO         3726    i.shoot_set_control  shoot_task.o
    0x08012ab8   0x08012ab8   0x000002b4   Code   RO         3727    i.shoot_set_mode    shoot_task.o
    0x08012d6c   0x08012d6c   0x00000078   Code   RO         3728    i.shoot_task        shoot_task.o
    0x08012de4   0x08012de4   0x0000003e   Code   RO        12092    i.sqrtf             m_wm.l(sqrtf_full.o)
    0x08012e22   0x08012e22   0x00000002   PAD
    0x08012e24   0x08012e24   0x0000008c   Code   RO         3252    i.test_task         test_task.o
    0x08012eb0   0x08012eb0   0x00000018   Code   RO         2610    i.toe_is_error      detect_task.o
    0x08012ec8   0x08012ec8   0x000000cc   Code   RO         3729    i.trigger_motor_turn_back  shoot_task.o
    0x08012f94   0x08012f94   0x00000074   Code   RO        10240    i.ulTaskNotifyTake  tasks.o
    0x08013008   0x08013008   0x0000007a   Code   RO        11672    i.update_w          AHRS.lib(ahrs.o)
    0x08013082   0x08013082   0x00000002   PAD
    0x08013084   0x08013084   0x0000013c   Code   RO         2153    i.usart1_init       bsp_usart.o
    0x080131c0   0x080131c0   0x000000a8   Code   RO         2154    i.usart1_tx_dma_enable  bsp_usart.o
    0x08013268   0x08013268   0x00000074   Code   RO         2155    i.usart1_tx_dma_init  bsp_usart.o
    0x080132dc   0x080132dc   0x00000138   Code   RO         2156    i.usart6_init       bsp_usart.o
    0x08013414   0x08013414   0x00000028   Code   RO         9850    i.uxListRemove      list.o
    0x0801343c   0x0801343c   0x00000028   Code   RO        10242    i.uxTaskGetStackHighWaterMark  tasks.o
    0x08013464   0x08013464   0x00000018   Code   RO          377    i.vApplicationGetIdleTaskMemory  freertos.o
    0x0801347c   0x0801347c   0x00000018   Code   RO          378    i.vApplicationGetTimerTaskMemory  freertos.o
    0x08013494   0x08013494   0x0000001a   Code   RO         9851    i.vListInitialise   list.o
    0x080134ae   0x080134ae   0x00000006   Code   RO         9852    i.vListInitialiseItem  list.o
    0x080134b4   0x080134b4   0x00000034   Code   RO         9853    i.vListInsert       list.o
    0x080134e8   0x080134e8   0x00000018   Code   RO         9854    i.vListInsertEnd    list.o
    0x08013500   0x08013500   0x00000054   Code   RO        11162    i.vPortEnterCritical  port.o
    0x08013554   0x08013554   0x0000003c   Code   RO        11163    i.vPortExitCritical  port.o
    0x08013590   0x08013590   0x00000094   Code   RO        11112    i.vPortFree         heap_4.o
    0x08013624   0x08013624   0x00000028   Code   RO        11164    i.vPortSetupTimerInterrupt  port.o
    0x0801364c   0x0801364c   0x00000078   Code   RO        11165    i.vPortValidateInterruptPriority  port.o
    0x080136c4   0x080136c4   0x0000002c   Code   RO         9901    i.vQueueAddToRegistry  queue.o
    0x080136f0   0x080136f0   0x0000004a   Code   RO         9904    i.vQueueWaitForMessageRestricted  queue.o
    0x0801373a   0x0801373a   0x00000002   PAD
    0x0801373c   0x0801373c   0x0000005c   Code   RO        10246    i.vTaskDelay        tasks.o
    0x08013798   0x08013798   0x00000018   Code   RO        10250    i.vTaskInternalSetTimeOutState  tasks.o
    0x080137b0   0x080137b0   0x0000000c   Code   RO        10251    i.vTaskMissedYield  tasks.o
    0x080137bc   0x080137bc   0x000000f0   Code   RO        10252    i.vTaskNotifyGiveFromISR  tasks.o
    0x080138ac   0x080138ac   0x00000038   Code   RO        10253    i.vTaskPlaceOnEventList  tasks.o
    0x080138e4   0x080138e4   0x00000040   Code   RO        10254    i.vTaskPlaceOnEventListRestricted  tasks.o
    0x08013924   0x08013924   0x000000b8   Code   RO        10261    i.vTaskStartScheduler  tasks.o
    0x080139dc   0x080139dc   0x00000010   Code   RO        10263    i.vTaskSuspendAll   tasks.o
    0x080139ec   0x080139ec   0x0000008c   Code   RO        10264    i.vTaskSwitchContext  tasks.o
    0x08013a78   0x08013a78   0x00000040   Code   RO         4516    i.verify_CRC16_check_sum  crc8_crc16.o
    0x08013ab8   0x08013ab8   0x0000002e   Code   RO         4517    i.verify_CRC8_check_sum  crc8_crc16.o
    0x08013ae6   0x08013ae6   0x00000002   PAD
    0x08013ae8   0x08013ae8   0x00000088   Code   RO         3434    i.vision_error_angle  vision.o
    0x08013b70   0x08013b70   0x0000000c   Code   RO         3436    i.vision_if_find_target  vision.o
    0x08013b7c   0x08013b7c   0x00000014   Code   RO         3437    i.vision_init       vision.o
    0x08013b90   0x08013b90   0x0000005c   Code   RO         3438    i.vision_read_data  vision.o
    0x08013bec   0x08013bec   0x00000040   Code   RO         3439    i.vision_send_data  vision.o
    0x08013c2c   0x08013c2c   0x00000168   Code   RO        11166    i.xPortStartScheduler  port.o
    0x08013d94   0x08013d94   0x00000034   Code   RO        11167    i.xPortSysTickHandler  port.o
    0x08013dc8   0x08013dc8   0x000000de   Code   RO         9908    i.xQueueGenericCreateStatic  queue.o
    0x08013ea6   0x08013ea6   0x00000002   PAD
    0x08013ea8   0x08013ea8   0x00000098   Code   RO         9909    i.xQueueGenericReset  queue.o
    0x08013f40   0x08013f40   0x000001a8   Code   RO         9910    i.xQueueGenericSend  queue.o
    0x080140e8   0x080140e8   0x000000f8   Code   RO         9911    i.xQueueGenericSendFromISR  queue.o
    0x080141e0   0x080141e0   0x00000168   Code   RO         9919    i.xQueueReceive     queue.o
    0x08014348   0x08014348   0x000000a8   Code   RO        10266    i.xTaskCheckForTimeOut  tasks.o
    0x080143f0   0x080143f0   0x00000064   Code   RO        10267    i.xTaskCreate       tasks.o
    0x08014454   0x08014454   0x000000b8   Code   RO        10268    i.xTaskCreateStatic  tasks.o
    0x0801450c   0x0801450c   0x000000a4   Code   RO        10272    i.xTaskGetHandle    tasks.o
    0x080145b0   0x080145b0   0x00000020   Code   RO        10273    i.xTaskGetSchedulerState  tasks.o
    0x080145d0   0x080145d0   0x0000000c   Code   RO        10274    i.xTaskGetTickCount  tasks.o
    0x080145dc   0x080145dc   0x00000148   Code   RO        10276    i.xTaskIncrementTick  tasks.o
    0x08014724   0x08014724   0x000000c8   Code   RO        10279    i.xTaskPriorityDisinherit  tasks.o
    0x080147ec   0x080147ec   0x00000098   Code   RO        10281    i.xTaskRemoveFromEventList  tasks.o
    0x08014884   0x08014884   0x00000104   Code   RO        10282    i.xTaskResumeAll    tasks.o
    0x08014988   0x08014988   0x00000078   Code   RO        10591    i.xTimerCreateTimerTask  timers.o
    0x08014a00   0x08014a00   0x00000084   Code   RO        10592    i.xTimerGenericCommand  timers.o
    0x08014a84   0x08014a84   0x000002c4   Code   RO        11994    x$fpl$d2f           g_wm.l(d2f_clz.o)
    0x08014d48   0x08014d48   0x00000018   Code   RO        12276    x$fpl$dcmpinf       g_wm.l(dcmpi.o)
    0x08014d60   0x08014d60   0x0000001a   Code   RO        12280    x$fpl$dfltn         g_wm.l(dflt_clz.o)
    0x08014d7a   0x08014d7a   0x00000002   PAD
    0x08014d7c   0x08014d7c   0x00000078   Code   RO        12006    x$fpl$dleqf         g_wm.l(dleqf.o)
    0x08014df4   0x08014df4   0x00000102   Code   RO        12284    x$fpl$dnaninf       g_wm.l(dnaninf.o)
    0x08014ef6   0x08014ef6   0x00000070   Code   RO        12286    x$fpl$drenorm       g_wm.l(drenorm_clz.o)
    0x08014f66   0x08014f66   0x0000000c   Code   RO        12288    x$fpl$dretinf       g_wm.l(dretinf.o)
    0x08014f72   0x08014f72   0x0000017a   Code   RO        12290    x$fpl$dunder        g_wm.l(dunder_clz.o)
    0x080150ec   0x080150ec   0x000001ec   Code   RO        12292    x$fpl$exception     g_wm.l(except.o)
    0x080152d8   0x080152d8   0x0000007a   Code   RO        12010    x$fpl$f2d           g_wm.l(f2d.o)
    0x08015352   0x08015352   0x000000f2   Code   RO        12294    x$fpl$fnaninf       g_wm.l(fnaninf.o)
    0x08015444   0x08015444   0x0000000a   Code   RO        12426    x$fpl$fpinit        g_wm.l(fpinit.o)
    0x0801544e   0x0801544e   0x0000000a   Code   RO        12296    x$fpl$fretinf       g_wm.l(fretinf.o)
    0x08015458   0x08015458   0x0000013c   Code   RO        12298    x$fpl$funder        g_wm.l(funder_clz.o)
    0x08015594   0x08015594   0x000000b2   Code   RO        12428    x$fpl$retnan        g_wm.l(retnan.o)
    0x08015646   0x08015646   0x0000007e   Code   RO        12308    x$fpl$trapveneer    g_wm.l(trapv.o)
    0x080156c4   0x080156c4   0x00000000   Code   RO        12310    x$fpl$usenofp       g_wm.l(usenofp.o)
    0x080156c4   0x080156c4   0x000000fc   Data   RO          380    .constdata          freertos.o
    0x080157c0   0x080157c0   0x00000018   Data   RO         1466    .constdata          system_stm32f4xx.o
    0x080157d8   0x080157d8   0x0000000f   Data   RO         2238    .constdata          calibrate_task.o
    0x080157e7   0x080157e7   0x00000001   PAD
    0x080157e8   0x080157e8   0x00000010   Data   RO         2538    .constdata          chassis_task.o
    0x080157f8   0x080157f8   0x00000018   Data   RO         2764    .constdata          gimbal_task.o
    0x08015810   0x08015810   0x00000018   Data   RO         2911    .constdata          ins_task.o
    0x08015828   0x08015828   0x00000024   Data   RO         3731    .constdata          shoot_task.o
    0x0801584c   0x0801584c   0x00000012   Data   RO         3935    .constdata          bmi088driver.o
    0x0801585e   0x0801585e   0x0000000c   Data   RO         4126    .constdata          ist8310driver.o
    0x0801586a   0x0801586a   0x00000302   Data   RO         4518    .constdata          crc8_crc16.o
    0x08015b6c   0x08015b6c   0x00000008   Data   RO         5980    .constdata          stm32f4xx_hal_dma.o
    0x08015b74   0x08015b74   0x0000000c   Data   RO        11673    .constdata          AHRS.lib(ahrs.o)
    0x08015b80   0x08015b80   0x00000804   Data   RO        11883    .constdata          arm_cortexM4lf_math.lib(arm_common_tables.o)
    0x08016384   0x08016384   0x00000051   Data   RO          381    .conststring        freertos.o
    0x080163d5   0x080163d5   0x00000003   PAD
    0x080163d8   0x080163d8   0x00000020   Data   RO        12567    Region$$Table       anon$$obj.o


    Execution Region RW_IRAM1 (Exec base: 0x20000000, Load base: 0x080163f8, Size: 0x0000cdc0, Max: 0x00020000, ABSOLUTE, COMPRESSED[0x000000cc])

    Exec Addr    Load Addr    Size         Type   Attr      Idx    E Section Name        Object

    0x20000000   COMPRESSED   0x00000044   Data   RW          382    .data               freertos.o
    0x20000044   COMPRESSED   0x00000004   Data   RW          497    .data               can.o
    0x20000048   COMPRESSED   0x00000008   Data   RW          544    .data               crc.o
    0x20000050   COMPRESSED   0x00000004   Data   RW         1467    .data               system_stm32f4xx.o
    0x20000054   COMPRESSED   0x00000004   Data   RW         1507    .data               bsp_adc.o
    0x20000058   COMPRESSED   0x00000008   Data   RW         1754    .data               bsp_delay.o
    0x20000060   COMPRESSED   0x00000010   Data   RW         1795    .data               bsp_flash.o
    0x20000070   COMPRESSED   0x00000008   Data   RW         2019    .data               bsp_led.o
    0x20000078   COMPRESSED   0x00000054   Data   RW         2239    .data               calibrate_task.o
    0x200000cc   COMPRESSED   0x00000021   Data   RW         2356    .data               can_receive.o
    0x200000ed   COMPRESSED   0x00000003   PAD
    0x200000f0   COMPRESSED   0x0000000c   Data   RW         2453    .data               chassis_behaviour.o
    0x200000fc   COMPRESSED   0x00000004   Data   RW         2539    .data               chassis_task.o
    0x20000100   COMPRESSED   0x00000014   Data   RW         2660    .data               gimbal_behaviour.o
    0x20000114   COMPRESSED   0x00000044   Data   RW         2765    .data               gimbal_task.o
    0x20000158   COMPRESSED   0x000000a0   Data   RW         2912    .data               ins_task.o
    0x200001f8   COMPRESSED   0x00000034   Data   RW         3049    .data               referee_control.o
    0x2000022c   COMPRESSED   0x00000038   Data   RW         3099    .data               referee.o
    0x20000264   COMPRESSED   0x00000002   Data   RW         3208    .data               referee_usart_task.o
    0x20000266   COMPRESSED   0x00000002   PAD
    0x20000268   COMPRESSED   0x0000000a   Data   RW         3253    .data               test_task.o
    0x20000272   COMPRESSED   0x00000002   PAD
    0x20000274   COMPRESSED   0x0000001c   Data   RW         3378    .data               led_flow_task.o
    0x20000290   COMPRESSED   0x0000002a   Data   RW         3441    .data               vision.o
    0x200002ba   COMPRESSED   0x00000005   Data   RW         3649    .data               remote_control.o
    0x200002bf   COMPRESSED   0x00000001   PAD
    0x200002c0   COMPRESSED   0x0000000d   Data   RW         3732    .data               shoot_task.o
    0x200002cd   COMPRESSED   0x00000003   PAD
    0x200002d0   COMPRESSED   0x0000002c   Data   RW         3936    .data               bmi088driver.o
    0x200002fc   COMPRESSED   0x00000002   Data   RW         4519    .data               crc8_crc16.o
    0x200002fe   COMPRESSED   0x00000002   PAD
    0x20000300   COMPRESSED   0x00000009   Data   RW         6412    .data               stm32f4xx_hal.o
    0x20000309   COMPRESSED   0x00000003   PAD
    0x2000030c   COMPRESSED   0x0000003c   Data   RW        10285    .data               tasks.o
    0x20000348   COMPRESSED   0x00000014   Data   RW        10600    .data               timers.o
    0x2000035c   COMPRESSED   0x00000018   Data   RW        11117    .data               heap_4.o
    0x20000374   COMPRESSED   0x0000000c   Data   RW        11168    .data               port.o
    0x20000380   COMPRESSED   0x00000001   Data   RW        11390    .data               usbd_ctlreq.o
    0x20000381   COMPRESSED   0x00000003   PAD
    0x20000384   COMPRESSED   0x00000010   Data   RW        11674    .data               AHRS.lib(ahrs.o)
    0x20000394        -       0x000006a8   Zero   RW          379    .bss                freertos.o
    0x20000a3c        -       0x00000090   Zero   RW          448    .bss                adc.o
    0x20000acc        -       0x00000050   Zero   RW          496    .bss                can.o
    0x20000b1c        -       0x0000015c   Zero   RW          612    .bss                i2c.o
    0x20000c78        -       0x00000010   Zero   RW          664    .bss                rng.o
    0x20000c88        -       0x00000020   Zero   RW          706    .bss                rtc.o
    0x20000ca8        -       0x00000170   Zero   RW          749    .bss                spi.o
    0x20000e18        -       0x00000180   Zero   RW          802    .bss                tim.o
    0x20000f98        -       0x000002a0   Zero   RW          876    .bss                usart.o
    0x20001238        -       0x00000408   Zero   RW         1002    .bss                usbd_conf.o
    0x20001640        -       0x00000010   Zero   RW         1506    .bss                bsp_adc.o
    0x20001650        -       0x00000115   Zero   RW         2237    .bss                calibrate_task.o
    0x20001765   COMPRESSED   0x00000003   PAD
    0x20001768        -       0x0000009c   Zero   RW         2355    .bss                can_receive.o
    0x20001804        -       0x000000bc   Zero   RW         2537    .bss                chassis_task.o
    0x200018c0        -       0x0000021c   Zero   RW         2611    .bss                detect_task.o
    0x20001adc        -       0x00000210   Zero   RW         2763    .bss                gimbal_task.o
    0x20001cec        -       0x00000134   Zero   RW         2910    .bss                ins_task.o
    0x20001e20        -       0x00000067   Zero   RW         3098    .bss                referee.o
    0x20001e87   COMPRESSED   0x00000001   PAD
    0x20001e88        -       0x000008a1   Zero   RW         3207    .bss                referee_usart_task.o
    0x20002729        -       0x000001d4   Zero   RW         3440    .bss                vision.o
    0x200028fd        -       0x00000088   Zero   RW         3648    .bss                remote_control.o
    0x20002985   COMPRESSED   0x00000003   PAD
    0x20002988        -       0x0000016a   Zero   RW         3730    .bss                shoot_task.o
    0x20002af2   COMPRESSED   0x00000002   PAD
    0x20002af4        -       0x00000020   Zero   RW         5634    .bss                stm32f4xx_hal_flash.o
    0x20002b14        -       0x00000040   Zero   RW         9922    .bss                queue.o
    0x20002b54        -       0x000000f0   Zero   RW        10284    .bss                tasks.o
    0x20002c44        -       0x00000110   Zero   RW        10599    .bss                timers.o
    0x20002d54        -       0x00006000   Zero   RW        11116    .bss                heap_4.o
    0x20008d54        -       0x0000000c   Zero   RW        11637    .bss                communicate.o
    0x20008d60        -       0x00000060   Zero   RW        12361    .bss                c_w.l(libspace.o)
    0x20008dc0        -       0x00002000   Zero   RW            2    HEAP                startup_stm32f407xx.o
    0x2000adc0        -       0x00002000   Zero   RW            1    STACK               startup_stm32f407xx.o


==============================================================================

Image component sizes


      Code (inc. data)   RO Data    RW Data    ZI Data      Debug   Object Name

       396         42          0          0        144       2298   adc.o
       168          4          0          0          0       5432   ahrs_middleware.o
      2338         40         18         44          0      10555   bmi088driver.o
       140         28          0          0          0       4808   bmi088middleware.o
       152         20          0          4         16     620228   bsp_adc.o
        36         12          0          0          0        981   bsp_buzzer.o
        92          8          0          0          0        586   bsp_can.o
       128         20          0          8          0       1320   bsp_delay.o
       694        108          0         16          0       4041   bsp_flash.o
       124         14          0          0          0        510   bsp_i2c.o
        12          4          0          0          0        498   bsp_imu_pwm.o
        32         10          0          0          0        903   bsp_laser.o
       104         22          0          8          0        588   bsp_led.o
       260         28          0          0          0       1955   bsp_rc.o
     10428        170          0          0          0       5650   bsp_spi.o
       912         80          0          0          0       3064   bsp_usart.o
      2050        108         15         84        277      21861   calibrate_task.o
       488         44          0          4         80       2374   can.o
       552         70          0         33        156       9966   can_receive.o
       752         46          0         12          0      12343   chassis_behaviour.o
       964         74         16          4        188      11748   chassis_task.o
       142          0          0          0          0      21963   cmsis_os.o
        64          6          0          0         12        773   communicate.o
        84         18          0          8          0       1443   crc.o
       198         16        770          2          0       3721   crc8_crc16.o
       324         12          0          0        540       2307   detect_task.o
       200          6          0          0          0        834   dma.o
         0          0          0          0          0      17820   event_groups.o
       258          0          0          0          0       9175   fifo.o
       312         60        333         68       1704       4165   freertos.o
      2388        192          0         20          0      11198   gimbal_behaviour.o
      3318        202         24         68        528      21193   gimbal_task.o
       620         34          0          0          0       1319   gpio.o
       692         62          0         24      24576       4767   heap_4.o
       700         80          0          0        348       3040   i2c.o
      4312        328         24        160        308      13180   ins_task.o
       148          6         12          0          0       1451   ist8310driver.o
       136         22          0          0          0       3979   ist8310driver_middleware.o
       432         10          0         28          0       1653   led_flow_task.o
       148          0          0          0          0       3558   list.o
       350         14          0          0          0     796316   main.o
       668         12          0          0          0       2426   pid.o
      1014         92          0         12          0      12025   port.o
      1910         20          0          0         64      14604   queue.o
       728        170          0         56        103       9678   referee.o
         0          0          0         52          0       1279   referee_control.o
       684         50          0          2       2209       3956   referee_usart_task.o
       662         48          0          5        136       9992   remote_control.o
        84         18          0          0         16       1443   rng.o
        76         16          0          0         32       1395   rtc.o
      2548        178         36         13        362       9594   shoot_task.o
       604         54          0          0        368       2540   spi.o
        64         26        392          0      16384        836   startup_stm32f407xx.o
       172         32          0          9          0       3909   stm32f4xx_hal.o
      1370         54          0          0          0       5106   stm32f4xx_hal_adc.o
      2136          6          0          0          0      14283   stm32f4xx_hal_can.o
       304         22          0          0          0      34439   stm32f4xx_hal_cortex.o
        36          0          0          0          0       1035   stm32f4xx_hal_crc.o
      1034         16          8          0          0       3880   stm32f4xx_hal_dma.o
       636         64          0          0         32       5950   stm32f4xx_hal_flash.o
       432         26          0          0          0       3246   stm32f4xx_hal_flash_ex.o
       568         50          0          0          0       3614   stm32f4xx_hal_gpio.o
      2772         46          0          0          0      11582   stm32f4xx_hal_i2c.o
        84          6          0          0          0        830   stm32f4xx_hal_msp.o
      2682         18          0          0          0       9759   stm32f4xx_hal_pcd.o
         2          0          0          0          0        977   stm32f4xx_hal_pcd_ex.o
      1732         84          0          0          0       5520   stm32f4xx_hal_rcc.o
       416         20          0          0          0       1400   stm32f4xx_hal_rcc_ex.o
        52          0          0          0          0       1067   stm32f4xx_hal_rng.o
       336          4          0          0          0       2612   stm32f4xx_hal_rtc.o
       970          8          0          0          0       4497   stm32f4xx_hal_spi.o
      1572         90          0          0          0      12771   stm32f4xx_hal_tim.o
       200          0          0          0          0       2096   stm32f4xx_hal_tim_ex.o
      1308          8          0          0          0       3684   stm32f4xx_hal_uart.o
       192         42          0          0          0       8613   stm32f4xx_it.o
      2584         64          0          0          0      14837   stm32f4xx_ll_usb.o
       100         18         24          4          0       1151   system_stm32f4xx.o
      3688        418          0         60        240      30525   tasks.o
       264         28          0         10          0       1996   test_task.o
      1656        136          0          0        384       6283   tim.o
      1238        124          0         20        272      27027   timers.o
      1016         94          0          0        672       3523   usart.o
       632          6          0          0       1032      12473   usbd_conf.o
       806          0          0          0          0      10855   usbd_core.o
      1842         28          0          1          0       9663   usbd_ctlreq.o
       134          0          0          0          0       3952   usbd_ioreq.o
       306          4          0          0          0       3747   user_lib.o
       604         72          0         42        468       6383   vision.o

    ----------------------------------------------------------------------
     78652       4292       1708        900      51660    1988617   Object Totals
         0          0         32          0          0          0   (incl. Generated)
        86          0          4         19          9          0   (incl. Padding)

    ----------------------------------------------------------------------

      Code (inc. data)   RO Data    RW Data    ZI Data      Debug   Library Member Name

      2718         84         12         16          0       9922   ahrs.o
         0          0       2052          0          0       4636   arm_common_tables.o
       120         12          0          0          0      16970   arm_cos_f32.o
       116         12          0          0          0        658   arm_sin_f32.o
        90          0          0          0          0          0   __dczerorl2.o
         8          0          0          0          0         68   __main.o
         0          0          0          0          0          0   __rtentry.o
        12          0          0          0          0          0   __rtentry2.o
         6          0          0          0          0          0   __rtentry4.o
        52          8          0          0          0          0   __scatter.o
        28          0          0          0          0          0   __scatter_zi.o
        48          4          0          0          0         84   _fptrap.o
        22          0          0          0          0        100   _rserrno.o
         8          0          0          0          0         68   abs.o
        16          0          0          0          0         68   aeabi_memset.o
        10          0          0          0          0         68   defsig_exit.o
       172        110          0          0          0         76   defsig_fpe_inner.o
        14          0          0          0          0         80   defsig_fpe_outer.o
        50          0          0          0          0         88   defsig_general.o
        18          0          0          0          0         80   exit.o
         6          0          0          0          0        152   heapauxi.o
         0          0          0          0          0          0   indicate_semi.o
         2          0          0          0          0          0   libinit.o
         6          0          0          0          0          0   libinit2.o
         2          0          0          0          0          0   libshutdown.o
         2          0          0          0          0          0   libshutdown2.o
         8          4          0          0         96         68   libspace.o
       238          0          0          0          0        100   lludivv7m.o
         8          4          0          0          0         68   rt_errno_addr_intlibspace.o
        68          0          0          0          0         68   rt_memclr.o
        78          0          0          0          0         80   rt_memclr_w.o
       138          0          0          0          0         68   rt_memcpy_v6.o
       100          0          0          0          0         80   rt_memcpy_w.o
         2          0          0          0          0          0   rtexit.o
        10          0          0          0          0          0   rtexit2.o
        62          0          0          0          0         76   strlen.o
        12          4          0          0          0         68   sys_exit.o
        74          0          0          0          0         80   sys_stackheap_outer.o
        14          0          0          0          0         76   sys_wrch.o
         2          0          0          0          0         68   use_no_semi.o
       708         16          0          0          0        140   d2f_clz.o
        24          0          0          0          0        116   dcmpi.o
        26          0          0          0          0        116   dflt_clz.o
       120          8          0          0          0        140   dleqf.o
       258          4          0          0          0        156   dnaninf.o
       112          0          0          0          0        160   drenorm_clz.o
        12          0          0          0          0        116   dretinf.o
       378          0          0          0          0        168   dunder_clz.o
       492         36          0          0          0        148   except.o
       122          8          0          0          0        132   f2d.o
       242          4          0          0          0        144   fnaninf.o
        10          0          0          0          0        116   fpinit.o
        10          0          0          0          0        116   fretinf.o
       316          0          0          0          0        132   funder_clz.o
       178          0          0          0          0        116   retnan.o
       126          0          0          0          0        148   trapv.o
         0          0          0          0          0          0   usenofp.o
       300         42          0          0          0        176   asinf.o
       684         90          0          0          0        208   atan2f.o
        20          0          0          0          0        124   fabs.o
        38          0          0          0          0        116   fpclassifyf.o
        44         12          0          0          0        464   funder.o
       120          0          0          0          0        272   sqrtf_full.o

    ----------------------------------------------------------------------
      8704        462       2064         16         96      37542   Library Totals
        24          0          0          0          0          0   (incl. Padding)

    ----------------------------------------------------------------------

      Code (inc. data)   RO Data    RW Data    ZI Data      Debug   Library Name

      2718         84         12         16          0       9922   AHRS.lib
       236         24       2052          0          0      22264   arm_cortexM4lf_math.lib
      1386        134          0          0         96       1832   c_w.l
      3134         76          0          0          0       2164   g_wm.l
      1206        144          0          0          0       1360   m_wm.l

    ----------------------------------------------------------------------
      8704        462       2064         16         96      37542   Library Totals

    ----------------------------------------------------------------------

==============================================================================


      Code (inc. data)   RO Data    RW Data    ZI Data      Debug   

     87356       4754       3772        916      51756    1971771   Grand Totals
     87356       4754       3772        204      51756    1971771   ELF Image Totals (compressed)
     87356       4754       3772        204          0          0   ROM Totals

==============================================================================

    Total RO  Size (Code + RO Data)                91128 (  88.99kB)
    Total RW  Size (RW Data + ZI Data)             52672 (  51.44kB)
    Total ROM Size (Code + RO Data + RW Data)      91332 (  89.19kB)

==============================================================================

