Component: ARM Compiler 5.06 update 7 (build 960) Tool: armlink [4d3601]

==============================================================================

Section Cross References

    startup_stm32f407xx.o(STACK) refers (Special) to heapauxi.o(.text) for __use_two_region_memory
    startup_stm32f407xx.o(HEAP) refers (Special) to heapauxi.o(.text) for __use_two_region_memory
    startup_stm32f407xx.o(RESET) refers (Special) to heapauxi.o(.text) for __use_two_region_memory
    startup_stm32f407xx.o(RESET) refers to startup_stm32f407xx.o(STACK) for __initial_sp
    startup_stm32f407xx.o(RESET) refers to startup_stm32f407xx.o(.text) for Reset_Handler
    startup_stm32f407xx.o(RESET) refers to stm32f4xx_it.o(i.NMI_Handler) for NMI_Handler
    startup_stm32f407xx.o(RESET) refers to stm32f4xx_it.o(i.HardFault_Handler) for HardFault_Handler
    startup_stm32f407xx.o(RESET) refers to stm32f4xx_it.o(i.MemManage_Handler) for MemManage_Handler
    startup_stm32f407xx.o(RESET) refers to stm32f4xx_it.o(i.BusFault_Handler) for BusFault_Handler
    startup_stm32f407xx.o(RESET) refers to stm32f4xx_it.o(i.UsageFault_Handler) for UsageFault_Handler
    startup_stm32f407xx.o(RESET) refers to port.o(.emb_text) for SVC_Handler
    startup_stm32f407xx.o(RESET) refers to stm32f4xx_it.o(i.DebugMon_Handler) for DebugMon_Handler
    startup_stm32f407xx.o(RESET) refers to stm32f4xx_it.o(i.SysTick_Handler) for SysTick_Handler
    startup_stm32f407xx.o(RESET) refers to stm32f4xx_it.o(i.EXTI0_IRQHandler) for EXTI0_IRQHandler
    startup_stm32f407xx.o(RESET) refers to stm32f4xx_it.o(i.EXTI3_IRQHandler) for EXTI3_IRQHandler
    startup_stm32f407xx.o(RESET) refers to stm32f4xx_it.o(i.EXTI4_IRQHandler) for EXTI4_IRQHandler
    startup_stm32f407xx.o(RESET) refers to stm32f4xx_it.o(i.CAN1_RX0_IRQHandler) for CAN1_RX0_IRQHandler
    startup_stm32f407xx.o(RESET) refers to stm32f4xx_it.o(i.EXTI9_5_IRQHandler) for EXTI9_5_IRQHandler
    startup_stm32f407xx.o(RESET) refers to bsp_i2c.o(i.DMA1_Stream7_IRQHandler) for DMA1_Stream7_IRQHandler
    startup_stm32f407xx.o(RESET) refers to stm32f4xx_it.o(i.DMA2_Stream1_IRQHandler) for DMA2_Stream1_IRQHandler
    startup_stm32f407xx.o(RESET) refers to ins_task.o(i.DMA2_Stream2_IRQHandler) for DMA2_Stream2_IRQHandler
    startup_stm32f407xx.o(RESET) refers to stm32f4xx_it.o(i.CAN2_RX0_IRQHandler) for CAN2_RX0_IRQHandler
    startup_stm32f407xx.o(RESET) refers to stm32f4xx_it.o(i.OTG_FS_IRQHandler) for OTG_FS_IRQHandler
    startup_stm32f407xx.o(RESET) refers to stm32f4xx_it.o(i.DMA2_Stream6_IRQHandler) for DMA2_Stream6_IRQHandler
    startup_stm32f407xx.o(RESET) refers to stm32f4xx_it.o(i.DMA2_Stream7_IRQHandler) for DMA2_Stream7_IRQHandler
    startup_stm32f407xx.o(.text) refers (Special) to heapauxi.o(.text) for __use_two_region_memory
    startup_stm32f407xx.o(.text) refers to system_stm32f4xx.o(i.SystemInit) for SystemInit
    startup_stm32f407xx.o(.text) refers to __main.o(!!!main) for __main
    startup_stm32f407xx.o(.text) refers to startup_stm32f407xx.o(HEAP) for Heap_Mem
    startup_stm32f407xx.o(.text) refers to startup_stm32f407xx.o(STACK) for Stack_Mem
    main.o(i.SystemClock_Config) refers to rt_memclr_w.o(.text) for __aeabi_memclr4
    main.o(i.SystemClock_Config) refers to stm32f4xx_hal_rcc.o(i.HAL_RCC_OscConfig) for HAL_RCC_OscConfig
    main.o(i.SystemClock_Config) refers to stm32f4xx_hal_rcc.o(i.HAL_RCC_ClockConfig) for HAL_RCC_ClockConfig
    main.o(i.SystemClock_Config) refers to stm32f4xx_hal_rcc_ex.o(i.HAL_RCCEx_PeriphCLKConfig) for HAL_RCCEx_PeriphCLKConfig
    main.o(i.main) refers to stm32f4xx_hal.o(i.HAL_Init) for HAL_Init
    main.o(i.main) refers to main.o(i.SystemClock_Config) for SystemClock_Config
    main.o(i.main) refers to gpio.o(i.MX_GPIO_Init) for MX_GPIO_Init
    main.o(i.main) refers to dma.o(i.MX_DMA_Init) for MX_DMA_Init
    main.o(i.main) refers to adc.o(i.MX_ADC1_Init) for MX_ADC1_Init
    main.o(i.main) refers to adc.o(i.MX_ADC3_Init) for MX_ADC3_Init
    main.o(i.main) refers to can.o(i.MX_CAN1_Init) for MX_CAN1_Init
    main.o(i.main) refers to can.o(i.MX_CAN2_Init) for MX_CAN2_Init
    main.o(i.main) refers to i2c.o(i.MX_I2C1_Init) for MX_I2C1_Init
    main.o(i.main) refers to spi.o(i.MX_SPI1_Init) for MX_SPI1_Init
    main.o(i.main) refers to tim.o(i.MX_TIM4_Init) for MX_TIM4_Init
    main.o(i.main) refers to tim.o(i.MX_TIM5_Init) for MX_TIM5_Init
    main.o(i.main) refers to usart.o(i.MX_USART3_UART_Init) for MX_USART3_UART_Init
    main.o(i.main) refers to tim.o(i.MX_TIM8_Init) for MX_TIM8_Init
    main.o(i.main) refers to crc.o(i.MX_CRC_Init) for MX_CRC_Init
    main.o(i.main) refers to rng.o(i.MX_RNG_Init) for MX_RNG_Init
    main.o(i.main) refers to i2c.o(i.MX_I2C2_Init) for MX_I2C2_Init
    main.o(i.main) refers to i2c.o(i.MX_I2C3_Init) for MX_I2C3_Init
    main.o(i.main) refers to rtc.o(i.MX_RTC_Init) for MX_RTC_Init
    main.o(i.main) refers to spi.o(i.MX_SPI2_Init) for MX_SPI2_Init
    main.o(i.main) refers to tim.o(i.MX_TIM1_Init) for MX_TIM1_Init
[...]
    HAL_I2C_Mem_Read                         0x080022cd   Thumb Code   490  stm32f4xx_hal_i2c.o(i.HAL_I2C_Mem_Read)
    HAL_I2C_Mem_Write                        0x080024c5   Thumb Code   294  stm32f4xx_hal_i2c.o(i.HAL_I2C_Mem_Write)
    HAL_I2C_MspInit                          0x080025f5   Thumb Code   302  i2c.o(i.HAL_I2C_MspInit)
    HAL_IncTick                              0x0800274d   Thumb Code    12  stm32f4xx_hal.o(i.HAL_IncTick)
    HAL_Init                                 0x0800275d   Thumb Code    48  stm32f4xx_hal.o(i.HAL_Init)
    HAL_InitTick                             0x08002791   Thumb Code    54  stm32f4xx_hal.o(i.HAL_InitTick)
    HAL_MspInit                              0x080027d1   Thumb Code    52  stm32f4xx_hal_msp.o(i.HAL_MspInit)
    HAL_NVIC_EnableIRQ                       0x08002809   Thumb Code    26  stm32f4xx_hal_cortex.o(i.HAL_NVIC_EnableIRQ)
    HAL_NVIC_SetPriority                     0x08002825   Thumb Code    60  stm32f4xx_hal_cortex.o(i.HAL_NVIC_SetPriority)
    HAL_NVIC_SetPriorityGrouping             0x08002865   Thumb Code    26  stm32f4xx_hal_cortex.o(i.HAL_NVIC_SetPriorityGrouping)
    HAL_PCDEx_LPM_Callback                   0x08002889   Thumb Code     2  stm32f4xx_hal_pcd_ex.o(i.HAL_PCDEx_LPM_Callback)
    HAL_PCD_ConnectCallback                  0x0800288b   Thumb Code     8  usbd_conf.o(i.HAL_PCD_ConnectCallback)
    HAL_PCD_DataInStageCallback              0x08002893   Thumb Code    18  usbd_conf.o(i.HAL_PCD_DataInStageCallback)
    HAL_PCD_DataOutStageCallback             0x080028a5   Thumb Code    20  usbd_conf.o(i.HAL_PCD_DataOutStageCallback)
    HAL_PCD_DisconnectCallback               0x080028b9   Thumb Code     8  usbd_conf.o(i.HAL_PCD_DisconnectCallback)
    HAL_PCD_EP_ClrStall                      0x080028c1   Thumb Code    92  stm32f4xx_hal_pcd.o(i.HAL_PCD_EP_ClrStall)
    HAL_PCD_EP_Open                          0x0800291d   Thumb Code    96  stm32f4xx_hal_pcd.o(i.HAL_PCD_EP_Open)
    HAL_PCD_EP_Receive                       0x0800297d   Thumb Code    72  stm32f4xx_hal_pcd.o(i.HAL_PCD_EP_Receive)
    HAL_PCD_EP_SetStall                      0x080029c5   Thumb Code   116  stm32f4xx_hal_pcd.o(i.HAL_PCD_EP_SetStall)
    HAL_PCD_EP_Transmit                      0x08002a39   Thumb Code    64  stm32f4xx_hal_pcd.o(i.HAL_PCD_EP_Transmit)
    HAL_PCD_IRQHandler                       0x08002a79   Thumb Code  1114  stm32f4xx_hal_pcd.o(i.HAL_PCD_IRQHandler)
    HAL_PCD_ISOINIncompleteCallback          0x08002edd   Thumb Code     8  usbd_conf.o(i.HAL_PCD_ISOINIncompleteCallback)
    HAL_PCD_ISOOUTIncompleteCallback         0x08002ee5   Thumb Code     8  usbd_conf.o(i.HAL_PCD_ISOOUTIncompleteCallback)
    HAL_PCD_ResetCallback                    0x08002eed   Thumb Code    44  usbd_conf.o(i.HAL_PCD_ResetCallback)
    HAL_PCD_ResumeCallback                   0x08002f19   Thumb Code     8  usbd_conf.o(i.HAL_PCD_ResumeCallback)
    HAL_PCD_SOFCallback                      0x08002f21   Thumb Code     8  usbd_conf.o(i.HAL_PCD_SOFCallback)
    HAL_PCD_SetAddress                       0x08002f29   Thumb Code    40  stm32f4xx_hal_pcd.o(i.HAL_PCD_SetAddress)
    HAL_PCD_SetupStageCallback               0x08002f51   Thumb Code    14  usbd_conf.o(i.HAL_PCD_SetupStageCallback)
    HAL_PCD_SuspendCallback                  0x08002f61   Thumb Code    44  usbd_conf.o(i.HAL_PCD_SuspendCallback)
    HAL_RCCEx_PeriphCLKConfig                0x08002f91   Thumb Code   296  stm32f4xx_hal_rcc_ex.o(i.HAL_RCCEx_PeriphCLKConfig)
    HAL_RCC_ClockConfig                      0x080030cd   Thumb Code   286  stm32f4xx_hal_rcc.o(i.HAL_RCC_ClockConfig)
    HAL_RCC_GetHCLKFreq                      0x080031fd   Thumb Code     6  stm32f4xx_hal_rcc.o(i.HAL_RCC_GetHCLKFreq)
    HAL_RCC_GetPCLK1Freq                     0x08003209   Thumb Code    20  stm32f4xx_hal_rcc.o(i.HAL_RCC_GetPCLK1Freq)
    HAL_RCC_GetPCLK2Freq                     0x08003229   Thumb Code    20  stm32f4xx_hal_rcc.o(i.HAL_RCC_GetPCLK2Freq)
    HAL_RCC_GetSysClockFreq                  0x08003249   Thumb Code    88  stm32f4xx_hal_rcc.o(i.HAL_RCC_GetSysClockFreq)
    HAL_RCC_OscConfig                        0x080032ad   Thumb Code   770  stm32f4xx_hal_rcc.o(i.HAL_RCC_OscConfig)
    HAL_RNG_Init                             0x080035c9   Thumb Code    50  stm32f4xx_hal_rng.o(i.HAL_RNG_Init)
    HAL_RNG_MspInit                          0x080035fd   Thumb Code    30  rng.o(i.HAL_RNG_MspInit)
    HAL_RTC_Init                             0x08003625   Thumb Code   166  stm32f4xx_hal_rtc.o(i.HAL_RTC_Init)
    HAL_RTC_MspInit                          0x080036d1   Thumb Code    16  rtc.o(i.HAL_RTC_MspInit)
    HAL_RTC_WaitForSynchro                   0x080036e9   Thumb Code    54  stm32f4xx_hal_rtc.o(i.HAL_RTC_WaitForSynchro)
    HAL_SPI_Init                             0x0800371f   Thumb Code   128  stm32f4xx_hal_spi.o(i.HAL_SPI_Init)
    HAL_SPI_MspInit                          0x080037a1   Thumb Code   300  spi.o(i.HAL_SPI_MspInit)
    HAL_SPI_TransmitReceive                  0x080038e9   Thumb Code   482  stm32f4xx_hal_spi.o(i.HAL_SPI_TransmitReceive)
    HAL_SYSTICK_Config                       0x08003acb   Thumb Code    40  stm32f4xx_hal_cortex.o(i.HAL_SYSTICK_Config)
    HAL_TIMEx_ConfigBreakDeadTime            0x08003af3   Thumb Code    84  stm32f4xx_hal_tim_ex.o(i.HAL_TIMEx_ConfigBreakDeadTime)
    HAL_TIMEx_MasterConfigSynchronization    0x08003b47   Thumb Code    66  stm32f4xx_hal_tim_ex.o(i.HAL_TIMEx_MasterConfigSynchronization)
    HAL_TIM_Base_Init                        0x08003b89   Thumb Code    54  stm32f4xx_hal_tim.o(i.HAL_TIM_Base_Init)
    HAL_TIM_Base_MspInit                     0x08003bc1   Thumb Code   142  tim.o(i.HAL_TIM_Base_MspInit)
    HAL_TIM_ConfigClockSource                0x08003c6d   Thumb Code   214  stm32f4xx_hal_tim.o(i.HAL_TIM_ConfigClockSource)
    HAL_TIM_MspPostInit                      0x08003d45   Thumb Code   304  tim.o(i.HAL_TIM_MspPostInit)
    HAL_TIM_PWM_ConfigChannel                0x08003ea9   Thumb Code   208  stm32f4xx_hal_tim.o(i.HAL_TIM_PWM_ConfigChannel)
    HAL_TIM_PWM_Init                         0x08003f79   Thumb Code    54  stm32f4xx_hal_tim.o(i.HAL_TIM_PWM_Init)
    HAL_TIM_PWM_MspInit                      0x08003faf   Thumb Code     2  stm32f4xx_hal_tim.o(i.HAL_TIM_PWM_MspInit)
    HAL_UART_Init                            0x08003fb1   Thumb Code    98  stm32f4xx_hal_uart.o(i.HAL_UART_Init)
    HAL_UART_MspInit                         0x08004015   Thumb Code   508  usart.o(i.HAL_UART_MspInit)
    HardFault_Handler                        0x08004241   Thumb Code     2  stm32f4xx_it.o(i.HardFault_Handler)
    INS_task                                 0x080045e9   Thumb Code   540  ins_task.o(i.INS_task)
    MX_ADC1_Init                             0x0800482d   Thumb Code    88  adc.o(i.MX_ADC1_Init)
    MX_ADC3_Init                             0x08004891   Thumb Code    88  adc.o(i.MX_ADC3_Init)
    MX_CAN1_Init                             0x080048f5   Thumb Code    60  can.o(i.MX_CAN1_Init)
    MX_CAN2_Init                             0x08004939   Thumb Code    60  can.o(i.MX_CAN2_Init)
    MX_CRC_Init                              0x0800497d   Thumb Code    28  crc.o(i.MX_CRC_Init)
    MX_DMA_Init                              0x080049a1   Thumb Code   152  dma.o(i.MX_DMA_Init)
    MX_FREERTOS_Init                         0x08004a3d   Thumb Code    30  freertos.o(i.MX_FREERTOS_Init)
    MX_GPIO_Init                             0x08004a65   Thumb Code   430  gpio.o(i.MX_GPIO_Init)
    MX_I2C1_Init                             0x08004c31   Thumb Code    50  i2c.o(i.MX_I2C1_Init)
    MX_I2C2_Init                             0x08004c71   Thumb Code    50  i2c.o(i.MX_I2C2_Init)
    MX_I2C3_Init                             0x08004cb1   Thumb Code    50  i2c.o(i.MX_I2C3_Init)
    MX_RNG_Init                              0x08004cf1   Thumb Code    28  rng.o(i.MX_RNG_Init)
    MX_RTC_Init                              0x08004d15   Thumb Code    46  rtc.o(i.MX_RTC_Init)
    MX_SPI1_Init                             0x08004d4d   Thumb Code    64  spi.o(i.MX_SPI1_Init)
    MX_SPI2_Init                             0x08004d95   Thumb Code    64  spi.o(i.MX_SPI2_Init)
    MX_TIM10_Init                            0x08004ddd   Thumb Code    92  tim.o(i.MX_TIM10_Init)
    MX_TIM1_Init                             0x08004e41   Thumb Code   244  tim.o(i.MX_TIM1_Init)
    MX_TIM3_Init                             0x08004f3d   Thumb Code   142  tim.o(i.MX_TIM3_Init)
    MX_TIM4_Init                             0x08004fd5   Thumb Code   144  tim.o(i.MX_TIM4_Init)
    MX_TIM5_Init                             0x0800506d   Thumb Code   174  tim.o(i.MX_TIM5_Init)
    MX_TIM8_Init                             0x08005125   Thumb Code   212  tim.o(i.MX_TIM8_Init)
    MX_USART1_UART_Init                      0x08005201   Thumb Code    48  usart.o(i.MX_USART1_UART_Init)
    MX_USART3_UART_Init                      0x08005239   Thumb Code    50  usart.o(i.MX_USART3_UART_Init)
    MX_USART6_UART_Init                      0x08005279   Thumb Code    48  usart.o(i.MX_USART6_UART_Init)
    MemManage_Handler                        0x080052b1   Thumb Code     2  stm32f4xx_it.o(i.MemManage_Handler)
    NMI_Handler                              0x080052b3   Thumb Code     2  stm32f4xx_it.o(i.NMI_Handler)
    OTG_FS_IRQHandler                        0x080052b5   Thumb Code     6  stm32f4xx_it.o(i.OTG_FS_IRQHandler)
    PID_init                                 0x08005441   Thumb Code    88  pid.o(i.PID_init)
    RTC_EnterInitMode                        0x0800549d   Thumb Code    58  stm32f4xx_hal_rtc.o(i.RTC_EnterInitMode)
    SPI1_DMA_enable                          0x080054d9   Thumb Code  4706  bsp_spi.o(i.SPI1_DMA_enable)
    SPI1_DMA_init                            0x0800674d   Thumb Code   216  bsp_spi.o(i.SPI1_DMA_init)
    SysTick_Handler                          0x08006929   Thumb Code    24  stm32f4xx_it.o(i.SysTick_Handler)
    SystemClock_Config                       0x08006941   Thumb Code   144  main.o(i.SystemClock_Config)
    SystemInit                               0x080069dd   Thumb Code    66  system_stm32f4xx.o(i.SystemInit)
    TIM_Base_SetConfig                       0x08006a31   Thumb Code   156  stm32f4xx_hal_tim.o(i.TIM_Base_SetConfig)
    TIM_ETR_SetConfig                        0x08006af9   Thumb Code    20  stm32f4xx_hal_tim.o(i.TIM_ETR_SetConfig)
    TIM_OC2_SetConfig                        0x08006b7d   Thumb Code    98  stm32f4xx_hal_tim.o(i.TIM_OC2_SetConfig)
    USBD_ClrClassConfig                      0x08006f95   Thumb Code    14  usbd_core.o(i.USBD_ClrClassConfig)
    USBD_CtlContinueRx                       0x08006fa3   Thumb Code    16  usbd_ioreq.o(i.USBD_CtlContinueRx)
    USBD_CtlContinueSendData                 0x08006fb3   Thumb Code    16  usbd_ioreq.o(i.USBD_CtlContinueSendData)
    USBD_CtlError                            0x08006fc3   Thumb Code    22  usbd_ctlreq.o(i.USBD_CtlError)
    USBD_CtlReceiveStatus                    0x08006fd9   Thumb Code    22  usbd_ioreq.o(i.USBD_CtlReceiveStatus)
    USBD_CtlSendData                         0x08006fef   Thumb Code    26  usbd_ioreq.o(i.USBD_CtlSendData)
    USBD_CtlSendStatus                       0x08007009   Thumb Code    22  usbd_ioreq.o(i.USBD_CtlSendStatus)
    USBD_Get_USB_Status                      0x08007107   Thumb Code    24  usbd_conf.o(i.USBD_Get_USB_Status)
    USBD_LL_ClearStallEP                     0x0800711f   Thumb Code    18  usbd_conf.o(i.USBD_LL_ClearStallEP)
    USBD_LL_DataInStage                      0x08007131   Thumb Code   198  usbd_core.o(i.USBD_LL_DataInStage)
    USBD_LL_DataOutStage                     0x080071f7   Thumb Code   130  usbd_core.o(i.USBD_LL_DataOutStage)
    USBD_LL_DevConnected                     0x08007279   Thumb Code     4  usbd_core.o(i.USBD_LL_DevConnected)
    USBD_LL_DevDisconnected                  0x0800727d   Thumb Code    22  usbd_core.o(i.USBD_LL_DevDisconnected)
    USBD_LL_IsStallEP                        0x08007293   Thumb Code    32  usbd_conf.o(i.USBD_LL_IsStallEP)
    USBD_LL_IsoINIncomplete                  0x080072b3   Thumb Code     4  usbd_core.o(i.USBD_LL_IsoINIncomplete)
    USBD_LL_IsoOUTIncomplete                 0x080072b7   Thumb Code     4  usbd_core.o(i.USBD_LL_IsoOUTIncomplete)
    USBD_LL_OpenEP                           0x080072bb   Thumb Code    24  usbd_conf.o(i.USBD_LL_OpenEP)
    USBD_LL_PrepareReceive                   0x080072d3   Thumb Code    18  usbd_conf.o(i.USBD_LL_PrepareReceive)
    USBD_LL_Reset                            0x080072e5   Thumb Code    80  usbd_core.o(i.USBD_LL_Reset)
    USBD_LL_Resume                           0x08007335   Thumb Code    12  usbd_core.o(i.USBD_LL_Resume)
    USBD_LL_SOF                              0x08007341   Thumb Code    24  usbd_core.o(i.USBD_LL_SOF)
    USBD_LL_SetSpeed                         0x08007359   Thumb Code     6  usbd_core.o(i.USBD_LL_SetSpeed)
    USBD_LL_SetUSBAddress                    0x0800735f   Thumb Code    18  usbd_conf.o(i.USBD_LL_SetUSBAddress)
    USBD_LL_SetupStage                       0x08007371   Thumb Code    90  usbd_core.o(i.USBD_LL_SetupStage)
    USBD_LL_StallEP                          0x080073cb   Thumb Code    18  usbd_conf.o(i.USBD_LL_StallEP)
    USBD_LL_Suspend                          0x080073dd   Thumb Code    18  usbd_core.o(i.USBD_LL_Suspend)
    USBD_LL_Transmit                         0x080073ef   Thumb Code    18  usbd_conf.o(i.USBD_LL_Transmit)
    USBD_ParseSetupRequest                   0x08007401   Thumb Code    40  usbd_ctlreq.o(i.USBD_ParseSetupRequest)
    USBD_SetClassConfig                      0x08007429   Thumb Code    22  usbd_core.o(i.USBD_SetClassConfig)
    USBD_StdDevReq                           0x080074c5   Thumb Code   274  usbd_ctlreq.o(i.USBD_StdDevReq)
    USBD_StdEPReq                            0x080075d7   Thumb Code   336  usbd_ctlreq.o(i.USBD_StdEPReq)
    USBD_StdItfReq                           0x08007727   Thumb Code    78  usbd_ctlreq.o(i.USBD_StdItfReq)
    USB_ActivateEndpoint                     0x08007775   Thumb Code   122  stm32f4xx_ll_usb.o(i.USB_ActivateEndpoint)
    USB_ActivateSetup                        0x080077f5   Thumb Code    52  stm32f4xx_ll_usb.o(i.USB_ActivateSetup)
    USB_EP0StartXfer                         0x08007829   Thumb Code   276  stm32f4xx_ll_usb.o(i.USB_EP0StartXfer)
    USB_EP0_OutStart                         0x08007941   Thumb Code    84  stm32f4xx_ll_usb.o(i.USB_EP0_OutStart)
    USB_EPClearStall                         0x08007999   Thumb Code    88  stm32f4xx_ll_usb.o(i.USB_EPClearStall)
    USB_EPSetStall                           0x080079f1   Thumb Code    88  stm32f4xx_ll_usb.o(i.USB_EPSetStall)
    USB_EPStartXfer                          0x08007a49   Thumb Code   482  stm32f4xx_ll_usb.o(i.USB_EPStartXfer)
    USB_FlushTxFifo                          0x08007c31   Thumb Code    32  stm32f4xx_ll_usb.o(i.USB_FlushTxFifo)
    USB_GetDevSpeed                          0x08007c55   Thumb Code    26  stm32f4xx_ll_usb.o(i.USB_GetDevSpeed)
    USB_GetMode                              0x08007c6f   Thumb Code     8  stm32f4xx_ll_usb.o(i.USB_GetMode)
    USB_ReadDevAllInEpInterrupt              0x08007c77   Thumb Code    14  stm32f4xx_ll_usb.o(i.USB_ReadDevAllInEpInterrupt)
    USB_ReadDevAllOutEpInterrupt             0x08007c85   Thumb Code    14  stm32f4xx_ll_usb.o(i.USB_ReadDevAllOutEpInterrupt)
    USB_ReadDevInEPInterrupt                 0x08007c93   Thumb Code    36  stm32f4xx_ll_usb.o(i.USB_ReadDevInEPInterrupt)
    USB_ReadDevOutEPInterrupt                0x08007cb7   Thumb Code    16  stm32f4xx_ll_usb.o(i.USB_ReadDevOutEPInterrupt)
    USB_ReadInterrupts                       0x08007cc7   Thumb Code     8  stm32f4xx_ll_usb.o(i.USB_ReadInterrupts)
    USB_ReadPacket                           0x08007ccf   Thumb Code    28  stm32f4xx_ll_usb.o(i.USB_ReadPacket)
    USB_SetDevAddress                        0x08007ceb   Thumb Code    34  stm32f4xx_ll_usb.o(i.USB_SetDevAddress)
    USB_SetTurnaroundTime                    0x08007d0d   Thumb Code   158  stm32f4xx_ll_usb.o(i.USB_SetTurnaroundTime)
    USB_WritePacket                          0x08007df5   Thumb Code    36  stm32f4xx_ll_usb.o(i.USB_WritePacket)
    UsageFault_Handler                       0x08007e19   Thumb Code     2  stm32f4xx_it.o(i.UsageFault_Handler)
    __ARM_fpclassifyf                        0x08007e1b   Thumb Code    38  fpclassifyf.o(i.__ARM_fpclassifyf)
    __hardfp_asinf                           0x08007e61   Thumb Code   258  asinf.o(i.__hardfp_asinf)
    __hardfp_atan2f                          0x08007f8d   Thumb Code   594  atan2f.o(i.__hardfp_atan2f)
    __hardfp_sqrtf                           0x08008239   Thumb Code    58  sqrtf_full.o(i.__hardfp_sqrtf)
    __mathlib_flt_infnan                     0x08008273   Thumb Code     6  funder.o(i.__mathlib_flt_infnan)
    __mathlib_flt_infnan2                    0x08008279   Thumb Code     6  funder.o(i.__mathlib_flt_infnan2)
    __mathlib_flt_invalid                    0x08008281   Thumb Code    10  funder.o(i.__mathlib_flt_invalid)
    __mathlib_flt_underflow                  0x08008291   Thumb Code    10  funder.o(i.__mathlib_flt_underflow)
    bmi088_accel_init                        0x08008769   Thumb Code   292  bmi088driver.o(i.bmi088_accel_init)
    bmi088_accel_self_test                   0x08008891   Thumb Code   698  bmi088driver.o(i.bmi088_accel_self_test)
    bmi088_gyro_init                         0x08008b51   Thumb Code   214  bmi088driver.o(i.bmi088_gyro_init)
    bmi088_gyro_self_test                    0x08008c2d   Thumb Code   202  bmi088driver.o(i.bmi088_gyro_self_test)
    can_filter_init                          0x08008cf9   Thumb Code    80  bsp_can.o(i.can_filter_init)
    delay_init                               0x08008d51   Thumb Code    26  bsp_delay.o(i.delay_init)
    delay_us                                 0x08008d79   Thumb Code    48  bsp_delay.o(i.delay_us)
    get_angle                                0x08008dad   Thumb Code   232  ahrs.o(i.get_angle)
    ist8310_GPIO_init                        0x08009091   Thumb Code     2  ist8310driver_middleware.o(i.ist8310_GPIO_init)
    ist8310_IIC_read_single_reg              0x08009095   Thumb Code    32  ist8310driver_middleware.o(i.ist8310_IIC_read_single_reg)
    ist8310_IIC_write_single_reg             0x080090b9   Thumb Code    30  ist8310driver_middleware.o(i.ist8310_IIC_write_single_reg)
    ist8310_RST_H                            0x080090dd   Thumb Code    10  ist8310driver_middleware.o(i.ist8310_RST_H)
    ist8310_RST_L                            0x080090ed   Thumb Code    10  ist8310driver_middleware.o(i.ist8310_RST_L)
    ist8310_com_init                         0x080090fd   Thumb Code     2  ist8310driver_middleware.o(i.ist8310_com_init)
    ist8310_delay_ms                         0x080090ff   Thumb Code     4  ist8310driver_middleware.o(i.ist8310_delay_ms)
    ist8310_init                             0x08009105   Thumb Code   122  ist8310driver.o(i.ist8310_init)
    main                                     0x08009185   Thumb Code   122  main.o(i.main)
    osDelay                                  0x0800920b   Thumb Code    14  cmsis_os.o(i.osDelay)
    osKernelStart                            0x08009219   Thumb Code    10  cmsis_os.o(i.osKernelStart)
    osThreadCreate                           0x08009223   Thumb Code    84  cmsis_os.o(i.osThreadCreate)
    pcTaskGetName                            0x08009279   Thumb Code    28  tasks.o(i.pcTaskGetName)
    pvPortMalloc                             0x08009a49   Thumb Code   210  heap_4.o(i.pvPortMalloc)
    pxPortInitialiseStack                    0x08009b21   Thumb Code    40  port.o(i.pxPortInitialiseStack)
    sqrtf                                    0x08009bd1   Thumb Code    62  sqrtf_full.o(i.sqrtf)
    ulTaskNotifyTake                         0x08009c11   Thumb Code    96  tasks.o(i.ulTaskNotifyTake)
    usart1_tx_dma_init                       0x08009cf5   Thumb Code    60  bsp_usart.o(i.usart1_tx_dma_init)
    uxListRemove                             0x08009d3d   Thumb Code    38  list.o(i.uxListRemove)
    vApplicationGetIdleTaskMemory            0x08009d65   Thumb Code    16  freertos.o(i.vApplicationGetIdleTaskMemory)
    vApplicationGetTimerTaskMemory           0x08009d79   Thumb Code    18  freertos.o(i.vApplicationGetTimerTaskMemory)
    vListInitialise                          0x08009d91   Thumb Code    22  list.o(i.vListInitialise)
    vListInitialiseItem                      0x08009da7   Thumb Code     6  list.o(i.vListInitialiseItem)
    vListInsert                              0x08009dad   Thumb Code    48  list.o(i.vListInsert)
    vListInsertEnd                           0x08009ddd   Thumb Code    24  list.o(i.vListInsertEnd)
    vPortEnterCritical                       0x08009df5   Thumb Code    54  port.o(i.vPortEnterCritical)
    vPortExitCritical                        0x08009e35   Thumb Code    34  port.o(i.vPortExitCritical)
    vPortFree                                0x08009e5d   Thumb Code    88  heap_4.o(i.vPortFree)
    vPortSetupTimerInterrupt                 0x08009eb9   Thumb Code    32  port.o(i.vPortSetupTimerInterrupt)
    vPortValidateInterruptPriority           0x08009edd   Thumb Code    74  port.o(i.vPortValidateInterruptPriority)
    vQueueAddToRegistry                      0x08009f31   Thumb Code    34  queue.o(i.vQueueAddToRegistry)
    vQueueWaitForMessageRestricted           0x08009f59   Thumb Code    68  queue.o(i.vQueueWaitForMessageRestricted)
    vTaskDelay                               0x08009f9d   Thumb Code    66  tasks.o(i.vTaskDelay)
    vTaskInternalSetTimeOutState             0x08009fe9   Thumb Code    12  tasks.o(i.vTaskInternalSetTimeOutState)
    vTaskMissedYield                         0x08009ff9   Thumb Code     8  tasks.o(i.vTaskMissedYield)
    vTaskNotifyGiveFromISR                   0x0800a005   Thumb Code   174  tasks.o(i.vTaskNotifyGiveFromISR)
    vTaskPlaceOnEventList                    0x0800a0bd   Thumb Code    44  tasks.o(i.vTaskPlaceOnEventList)
    vTaskPlaceOnEventListRestricted          0x0800a0ed   Thumb Code    52  tasks.o(i.vTaskPlaceOnEventListRestricted)
    vTaskStartScheduler                      0x0800a125   Thumb Code   118  tasks.o(i.vTaskStartScheduler)
    vTaskSuspendAll                          0x0800a1ad   Thumb Code    10  tasks.o(i.vTaskSuspendAll)
    vTaskSwitchContext                       0x0800a1bd   Thumb Code    82  tasks.o(i.vTaskSwitchContext)
    xPortStartScheduler                      0x0800a219   Thumb Code   222  port.o(i.xPortStartScheduler)
    xPortSysTickHandler                      0x0800a30d   Thumb Code    38  port.o(i.xPortSysTickHandler)
    xQueueGenericCreateStatic                0x0800a339   Thumb Code   102  queue.o(i.xQueueGenericCreateStatic)
    xQueueGenericReset                       0x0800a3a1   Thumb Code   132  queue.o(i.xQueueGenericReset)
    xQueueGenericSend                        0x0800a429   Thumb Code   346  queue.o(i.xQueueGenericSend)
    xQueueGenericSendFromISR                 0x0800a589   Thumb Code   188  queue.o(i.xQueueGenericSendFromISR)
    xQueueReceive                            0x0800a645   Thumb Code   308  queue.o(i.xQueueReceive)
    xTaskCheckForTimeOut                     0x0800a77d   Thumb Code   132  tasks.o(i.xTaskCheckForTimeOut)
    xTaskCreate                              0x0800a805   Thumb Code    90  tasks.o(i.xTaskCreate)
    xTaskCreateStatic                        0x0800a85f   Thumb Code    86  tasks.o(i.xTaskCreateStatic)
    xTaskGetHandle                           0x0800a8b5   Thumb Code   124  tasks.o(i.xTaskGetHandle)
    xTaskGetSchedulerState                   0x0800a939   Thumb Code    22  tasks.o(i.xTaskGetSchedulerState)
    xTaskGetTickCount                        0x0800a955   Thumb Code     6  tasks.o(i.xTaskGetTickCount)
    xTaskIncrementTick                       0x0800a961   Thumb Code   192  tasks.o(i.xTaskIncrementTick)
    xTaskPriorityDisinherit                  0x0800aa29   Thumb Code   144  tasks.o(i.xTaskPriorityDisinherit)
    xTaskRemoveFromEventList                 0x0800aac1   Thumb Code   108  tasks.o(i.xTaskRemoveFromEventList)
    xTaskResumeAll                           0x0800ab35   Thumb Code   182  tasks.o(i.xTaskResumeAll)
    xTimerCreateTimerTask                    0x0800abf9   Thumb Code    78  timers.o(i.xTimerCreateTimerTask)
    xTimerGenericCommand                     0x0800ac59   Thumb Code    98  timers.o(i.xTimerGenericCommand)
    _fp_init                                 0x0800acc1   Thumb Code    10  fpinit.o(x$fpl$fpinit)
    __fplib_config_fpu_vfp                   0x0800acc9   Thumb Code     0  fpinit.o(x$fpl$fpinit)
    __fplib_config_pureend_doubles           0x0800acc9   Thumb Code     0  fpinit.o(x$fpl$fpinit)
    __I$use$fp                               0x0800acca   Number         0  usenofp.o(x$fpl$usenofp)
    AHBPrescTable                            0x0800acf0   Data          16  system_stm32f4xx.o(.constdata)
    APBPrescTable                            0x0800ad00   Data           8  system_stm32f4xx.o(.constdata)
    sinTable_f32                             0x0800ad40   Data        2052  arm_common_tables.o(.constdata)
    Region$$Table$$Base                      0x0800b54c   Number         0  anon$$obj.o(Region$$Table)
    Region$$Table$$Limit                     0x0800b56c   Number         0  anon$$obj.o(Region$$Table)
    imuTaskHandle                            0x20000000   Data           4  freertos.o(.data)
    hcrc                                     0x20000008   Data           8  crc.o(.data)
    uwTickFreq                               0x20000010   Data           1  stm32f4xx_hal.o(.data)
    uwTickPrio                               0x20000014   Data           4  stm32f4xx_hal.o(.data)
    uwTick                                   0x20000018   Data           4  stm32f4xx_hal.o(.data)
    SystemCoreClock                          0x2000001c   Data           4  system_stm32f4xx.o(.data)
    pxCurrentTCB                             0x20000020   Data           4  tasks.o(.data)
    gyro_update_flag                         0x20000098   Data           1  ins_task.o(.data)
    accel_update_flag                        0x20000099   Data           1  ins_task.o(.data)
    accel_temp_update_flag                   0x2000009a   Data           1  ins_task.o(.data)
    mag_update_flag                          0x2000009b   Data           1  ins_task.o(.data)
    imu_start_dma_flag                       0x2000009c   Data           1  ins_task.o(.data)
    accel_temp_dma_tx_buf                    0x2000009d   Data           4  ins_task.o(.data)
    accel_temp_dma_rx_buf                    0x200000ac   Data           4  ins_task.o(.data)
    gyro_dma_tx_buf                          0x200000b0   Data           8  ins_task.o(.data)
    gyro_dma_rx_buf                          0x200000b8   Data           8  ins_task.o(.data)
    accel_dma_tx_buf                         0x200000c0   Data           9  ins_task.o(.data)
    gyro_scale_factor                        0x200000cc   Data          36  ins_task.o(.data)
    accel_scale_factor                       0x200000f0   Data          36  ins_task.o(.data)
    mag_scale_factor                         0x20000114   Data          36  ins_task.o(.data)
    BMI088_ACCEL_SEN                         0x20000140   Data           4  bmi088driver.o(.data)
    BMI088_GYRO_SEN                          0x20000144   Data           4  bmi088driver.o(.data)
    hadc1                                    0x20000824   Data          72  adc.o(.bss)
    hadc3                                    0x2000086c   Data          72  adc.o(.bss)
    hcan1                                    0x200008b4   Data          40  can.o(.bss)
    hcan2                                    0x200008dc   Data          40  can.o(.bss)
    hi2c1                                    0x20000904   Data          84  i2c.o(.bss)
    hi2c2                                    0x20000958   Data          84  i2c.o(.bss)
    hi2c3                                    0x200009ac   Data          84  i2c.o(.bss)
    hdma_i2c2_tx                             0x20000a00   Data          96  i2c.o(.bss)
    hrng                                     0x20000a60   Data          16  rng.o(.bss)
    hrtc                                     0x20000a70   Data          32  rtc.o(.bss)
    hspi1                                    0x20000a90   Data          88  spi.o(.bss)
    hspi2                                    0x20000ae8   Data          88  spi.o(.bss)
    hdma_spi1_rx                             0x20000b40   Data          96  spi.o(.bss)
    hdma_spi1_tx                             0x20000ba0   Data          96  spi.o(.bss)
    htim1                                    0x20000c00   Data          64  tim.o(.bss)
    htim3                                    0x20000c40   Data          64  tim.o(.bss)
    htim4                                    0x20000c80   Data          64  tim.o(.bss)
    htim5                                    0x20000cc0   Data          64  tim.o(.bss)
    htim8                                    0x20000d00   Data          64  tim.o(.bss)
    htim10                                   0x20000d40   Data          64  tim.o(.bss)
    huart1                                   0x20000d80   Data          64  usart.o(.bss)
    huart3                                   0x20000dc0   Data          64  usart.o(.bss)
    huart6                                   0x20000e00   Data          64  usart.o(.bss)
    hdma_usart1_tx                           0x20000e40   Data          96  usart.o(.bss)
    hdma_usart3_rx                           0x20000ea0   Data          96  usart.o(.bss)
    hdma_usart6_rx                           0x20000f00   Data          96  usart.o(.bss)
    hdma_usart6_tx                           0x20000f60   Data          96  usart.o(.bss)
    hpcd_USB_OTG_FS                          0x20000fc0   Data        1032  usbd_conf.o(.bss)
    xQueueRegistry                           0x200013c8   Data          64  queue.o(.bss)
    INS_angle                                0x20007660   Data          12  ins_task.o(.bss)
    accel_dma_rx_buf                         0x2000766c   Data           9  ins_task.o(.bss)
    bmi088_real_data                         0x20007678   Data          36  ins_task.o(.bss)
    gyro_offset                              0x2000769c   Data          12  ins_task.o(.bss)
    gyro_cali_offset                         0x200076a8   Data          12  ins_task.o(.bss)
    accel_offset                             0x200076b4   Data          12  ins_task.o(.bss)
    ist8310_real_data                        0x200076c0   Data          16  ins_task.o(.bss)
    mag_offset                               0x200076d0   Data          12  ins_task.o(.bss)
    __libspace_start                         0x20007724   Data          96  libspace.o(.bss)
    __temporary_stack_top$libspace           0x20007784   Data           0  libspace.o(.bss)



==============================================================================

Memory Map of the image

  Image Entry point : 0x08000189

  Load Region LR_IROM1 (Base: 0x08000000, Size: 0x0000b6e8, Max: 0x00100000, ABSOLUTE, COMPRESSED[0x0000b5d4])

    Execution Region ER_IROM1 (Exec base: 0x08000000, Load base: 0x08000000, Size: 0x0000b56c, Max: 0x00100000, ABSOLUTE)

    Exec Addr    Load Addr    Size         Type   Attr      Idx    E Section Name        Object

    0x08000000   0x08000000   0x00000188   Data   RO            3    RESET               startup_stm32f407xx.o
    0x08000188   0x08000188   0x00000008   Code   RO        10295  * !!!main             c_w.l(__main.o)
    0x08000190   0x08000190   0x00000034   Code   RO        10619    !!!scatter          c_w.l(__scatter.o)
    0x080001c4   0x080001c4   0x0000005a   Code   RO        10617    !!dczerorl2         c_w.l(__dczerorl2.o)
    0x0800021e   0x0800021e   0x00000002   PAD
    0x08000220   0x08000220   0x0000001c   Code   RO        10621    !!handler_zi        c_w.l(__scatter_zi.o)
    0x0800023c   0x0800023c   0x00000002   Code   RO        10548    .ARM.Collect$$libinit$$00000000  c_w.l(libinit.o)
    0x0800023e   0x0800023e   0x00000004   Code   RO        10395    .ARM.Collect$$libinit$$00000001  c_w.l(libinit2.o)
    0x08000242   0x08000242   0x00000000   Code   RO        10398    .ARM.Collect$$libinit$$00000004  c_w.l(libinit2.o)
    0x08000242   0x08000242   0x00000000   Code   RO        10401    .ARM.Collect$$libinit$$0000000A  c_w.l(libinit2.o)
    0x08000242   0x08000242   0x00000000   Code   RO        10403    .ARM.Collect$$libinit$$0000000C  c_w.l(libinit2.o)
    0x08000242   0x08000242   0x00000000   Code   RO        10405    .ARM.Collect$$libinit$$0000000E  c_w.l(libinit2.o)
    0x08000242   0x08000242   0x00000000   Code   RO        10408    .ARM.Collect$$libinit$$00000011  c_w.l(libinit2.o)
    0x08000242   0x08000242   0x00000000   Code   RO        10410    .ARM.Collect$$libinit$$00000013  c_w.l(libinit2.o)
    0x08000242   0x08000242   0x00000000   Code   RO        10412    .ARM.Collect$$libinit$$00000015  c_w.l(libinit2.o)
    0x08000242   0x08000242   0x00000000   Code   RO        10414    .ARM.Collect$$libinit$$00000017  c_w.l(libinit2.o)
    0x08000242   0x08000242   0x00000000   Code   RO        10416    .ARM.Collect$$libinit$$00000019  c_w.l(libinit2.o)
    0x08000242   0x08000242   0x00000000   Code   RO        10418    .ARM.Collect$$libinit$$0000001B  c_w.l(libinit2.o)
    0x08000242   0x08000242   0x00000000   Code   RO        10420    .ARM.Collect$$libinit$$0000001D  c_w.l(libinit2.o)
    0x08000242   0x08000242   0x00000000   Code   RO        10422    .ARM.Collect$$libinit$$0000001F  c_w.l(libinit2.o)
    0x08000242   0x08000242   0x00000000   Code   RO        10424    .ARM.Collect$$libinit$$00000021  c_w.l(libinit2.o)
    0x08000242   0x08000242   0x00000000   Code   RO        10426    .ARM.Collect$$libinit$$00000023  c_w.l(libinit2.o)
    0x08000242   0x08000242   0x00000000   Code   RO        10428    .ARM.Collect$$libinit$$00000025  c_w.l(libinit2.o)
    0x08000242   0x08000242   0x00000000   Code   RO        10432    .ARM.Collect$$libinit$$0000002C  c_w.l(libinit2.o)
    0x08000242   0x08000242   0x00000000   Code   RO        10434    .ARM.Collect$$libinit$$0000002E  c_w.l(libinit2.o)
    0x08000242   0x08000242   0x00000000   Code   RO        10436    .ARM.Collect$$libinit$$00000030  c_w.l(libinit2.o)
    0x08000242   0x08000242   0x00000000   Code   RO        10438    .ARM.Collect$$libinit$$00000032  c_w.l(libinit2.o)
    0x08000242   0x08000242   0x00000002   Code   RO        10439    .ARM.Collect$$libinit$$00000033  c_w.l(libinit2.o)
    0x08000244   0x08000244   0x00000002   Code   RO        10614    .ARM.Collect$$libshutdown$$00000000  c_w.l(libshutdown.o)
    0x08000246   0x08000246   0x00000000   Code   RO        10568    .ARM.Collect$$libshutdown$$00000002  c_w.l(libshutdown2.o)
    0x08000246   0x08000246   0x00000000   Code   RO        10570    .ARM.Collect$$libshutdown$$00000004  c_w.l(libshutdown2.o)
    0x08000246   0x08000246   0x00000000   Code   RO        10572    .ARM.Collect$$libshutdown$$00000006  c_w.l(libshutdown2.o)
    0x08000246   0x08000246   0x00000000   Code   RO        10575    .ARM.Collect$$libshutdown$$00000009  c_w.l(libshutdown2.o)
    0x08000246   0x08000246   0x00000000   Code   RO        10578    .ARM.Collect$$libshutdown$$0000000C  c_w.l(libshutdown2.o)
    0x08000246   0x08000246   0x00000000   Code   RO        10580    .ARM.Collect$$libshutdown$$0000000E  c_w.l(libshutdown2.o)
    0x08000246   0x08000246   0x00000000   Code   RO        10583    .ARM.Collect$$libshutdown$$00000011  c_w.l(libshutdown2.o)
    0x08000246   0x08000246   0x00000002   Code   RO        10584    .ARM.Collect$$libshutdown$$00000012  c_w.l(libshutdown2.o)
    0x08000248   0x08000248   0x00000000   Code   RO        10359    .ARM.Collect$$rtentry$$00000000  c_w.l(__rtentry.o)
    0x08000248   0x08000248   0x00000000   Code   RO        10468    .ARM.Collect$$rtentry$$00000002  c_w.l(__rtentry2.o)
    0x08000248   0x08000248   0x00000006   Code   RO        10480    .ARM.Collect$$rtentry$$00000004  c_w.l(__rtentry4.o)
    0x0800024e   0x0800024e   0x00000000   Code   RO        10470    .ARM.Collect$$rtentry$$00000009  c_w.l(__rtentry2.o)
    0x0800024e   0x0800024e   0x00000004   Code   RO        10471    .ARM.Collect$$rtentry$$0000000A  c_w.l(__rtentry2.o)
    0x08000252   0x08000252   0x00000000   Code   RO        10473    .ARM.Collect$$rtentry$$0000000C  c_w.l(__rtentry2.o)
    0x08000252   0x08000252   0x00000008   Code   RO        10474    .ARM.Collect$$rtentry$$0000000D  c_w.l(__rtentry2.o)
    0x0800025a   0x0800025a   0x00000002   Code   RO        10555    .ARM.Collect$$rtexit$$00000000  c_w.l(rtexit.o)
    0x0800025c   0x0800025c   0x00000000   Code   RO        10590    .ARM.Collect$$rtexit$$00000002  c_w.l(rtexit2.o)
    0x0800025c   0x0800025c   0x00000004   Code   RO        10591    .ARM.Collect$$rtexit$$00000003  c_w.l(rtexit2.o)
    0x08000260   0x08000260   0x00000006   Code   RO        10592    .ARM.Collect$$rtexit$$00000004  c_w.l(rtexit2.o)
    0x08000266   0x08000266   0x00000002   PAD
    0x08000268   0x08000268   0x000000be   Code   RO         7553    .emb_text           port.o
    0x08000326   0x08000326   0x00000002   PAD
    0x08000328   0x08000328   0x00000040   Code   RO            4    .text               startup_stm32f407xx.o
    0x08000368   0x08000368   0x00000078   Code   RO        10059    .text               arm_cortexM4lf_math.lib(arm_cos_f32.o)
    0x080003e0   0x080003e0   0x00000074   Code   RO        10112    .text               arm_cortexM4lf_math.lib(arm_sin_f32.o)
    0x08000454   0x08000454   0x000000ee   Code   RO        10279    .text               c_w.l(lludivv7m.o)
    0x08000542   0x08000542   0x0000003e   Code   RO        10281    .text               c_w.l(strlen.o)
    0x08000580   0x08000580   0x0000008a   Code   RO        10283    .text               c_w.l(rt_memcpy_v6.o)
    0x0800060a   0x0800060a   0x00000064   Code   RO        10285    .text               c_w.l(rt_memcpy_w.o)
    0x0800066e   0x0800066e   0x00000010   Code   RO        10289    .text               c_w.l(aeabi_memset.o)
    0x0800067e   0x0800067e   0x0000004e   Code   RO        10291    .text               c_w.l(rt_memclr_w.o)
    0x080006cc   0x080006cc   0x00000006   Code   RO        10293    .text               c_w.l(heapauxi.o)
    0x080006d2   0x080006d2   0x00000016   Code   RO        10389    .text               c_w.l(_rserrno.o)
    0x080006e8   0x080006e8   0x00000044   Code   RO        10391    .text               c_w.l(rt_memclr.o)
    0x0800072c   0x0800072c   0x00000008   Code   RO        10464    .text               c_w.l(libspace.o)
    0x08000734   0x08000734   0x00000008   Code   RO        10487    .text               c_w.l(rt_errno_addr_intlibspace.o)
    0x0800073c   0x0800073c   0x00000002   Code   RO        10518    .text               c_w.l(use_no_semi.o)
    0x0800073e   0x0800073e   0x00000000   Code   RO        10520    .text               c_w.l(indicate_semi.o)
    0x0800073e   0x0800073e   0x0000004a   Code   RO        10521    .text               c_w.l(sys_stackheap_outer.o)
    0x08000788   0x08000788   0x00000012   Code   RO        10529    .text               c_w.l(exit.o)
    0x0800079a   0x0800079a   0x00000002   PAD
    0x0800079c   0x0800079c   0x0000000c   Code   RO        10553    .text               c_w.l(sys_exit.o)
    0x080007a8   0x080007a8   0x00000128   Code   RO         3087    i.ADC_Init          stm32f4xx_hal_adc.o
    0x080008d0   0x080008d0   0x00000004   Code   RO         8976    i.AHRS_asinf        ahrs_middleware.o
    0x080008d4   0x080008d4   0x00000004   Code   RO         8977    i.AHRS_atan2f       ahrs_middleware.o
    0x080008d8   0x080008d8   0x00000004   Code   RO         8978    i.AHRS_cosf         ahrs_middleware.o
    0x080008dc   0x080008dc   0x0000001a   Code   RO         9969    i.AHRS_fabs         AHRS.lib(ahrs.o)
    0x080008f6   0x080008f6   0x00000002   PAD
    0x080008f8   0x080008f8   0x00000014   Code   RO         8979    i.AHRS_get_height   ahrs_middleware.o
    0x0800090c   0x0800090c   0x0000000e   Code   RO         8980    i.AHRS_get_latitude  ahrs_middleware.o
    0x0800091a   0x0800091a   0x00000002   PAD
    0x0800091c   0x0800091c   0x0000029c   Code   RO         9970    i.AHRS_init         AHRS.lib(ahrs.o)
    0x08000bb8   0x08000bb8   0x00000014   Code   RO         8981    i.AHRS_invSqrt      ahrs_middleware.o
    0x08000bcc   0x08000bcc   0x00000004   Code   RO         8982    i.AHRS_sinf         ahrs_middleware.o
    0x08000bd0   0x08000bd0   0x0000013a   Code   RO         9971    i.AHRS_update       AHRS.lib(ahrs.o)
    0x08000d0a   0x08000d0a   0x00000002   PAD
    0x08000d0c   0x08000d0c   0x00000010   Code   RO         9429    i.BMI088_ACCEL_NS_H  bmi088middleware.o
    0x08000d1c   0x08000d1c   0x00000010   Code   RO         9430    i.BMI088_ACCEL_NS_L  bmi088middleware.o
    0x08000d2c   0x08000d2c   0x00000002   Code   RO         9431    i.BMI088_GPIO_init  bmi088middleware.o
    0x08000d2e   0x08000d2e   0x00000002   PAD
    0x08000d30   0x08000d30   0x00000010   Code   RO         9432    i.BMI088_GYRO_NS_H  bmi088middleware.o
    0x08000d40   0x08000d40   0x00000010   Code   RO         9433    i.BMI088_GYRO_NS_L  bmi088middleware.o
    0x08000d50   0x08000d50   0x00000088   Code   RO         9293    i.BMI088_accel_read_over  bmi088driver.o
    0x08000dd8   0x08000dd8   0x00000002   Code   RO         9434    i.BMI088_com_init   bmi088middleware.o
    0x08000dda   0x08000dda   0x00000004   Code   RO         9435    i.BMI088_delay_ms   bmi088middleware.o
    0x08000dde   0x08000dde   0x00000004   Code   RO         9436    i.BMI088_delay_us   bmi088middleware.o
    0x08000de2   0x08000de2   0x00000002   PAD
    0x08000de4   0x08000de4   0x00000060   Code   RO         9294    i.BMI088_gyro_read_over  bmi088driver.o
    0x08000e44   0x08000e44   0x0000002e   Code   RO         9295    i.BMI088_init       bmi088driver.o
    0x08000e72   0x08000e72   0x00000002   PAD
    0x08000e74   0x08000e74   0x00000158   Code   RO         9296    i.BMI088_read       bmi088driver.o
    0x08000fcc   0x08000fcc   0x00000024   Code   RO         9299    i.BMI088_read_muli_reg  bmi088driver.o
    0x08000ff0   0x08000ff0   0x00000016   Code   RO         9300    i.BMI088_read_single_reg  bmi088driver.o
    0x08001006   0x08001006   0x00000002   PAD
    0x08001008   0x08001008   0x00000020   Code   RO         9437    i.BMI088_read_write_byte  bmi088middleware.o
    0x08001028   0x08001028   0x0000002e   Code   RO         9301    i.BMI088_temperature_read_over  bmi088driver.o
    0x08001056   0x08001056   0x00000012   Code   RO         9302    i.BMI088_write_single_reg  bmi088driver.o
    0x08001068   0x08001068   0x00000002   Code   RO         1245    i.BusFault_Handler  stm32f4xx_it.o
    0x0800106a   0x0800106a   0x00000002   PAD
    0x0800106c   0x0800106c   0x0000000c   Code   RO         1246    i.CAN1_RX0_IRQHandler  stm32f4xx_it.o
    0x08001078   0x08001078   0x0000000c   Code   RO         1247    i.CAN2_RX0_IRQHandler  stm32f4xx_it.o
    0x08001084   0x08001084   0x00000058   Code   RO         8632    i.DMA1_Stream7_IRQHandler  bsp_i2c.o
    0x080010dc   0x080010dc   0x0000000c   Code   RO         1248    i.DMA2_Stream1_IRQHandler  stm32f4xx_it.o
    0x080010e8   0x080010e8   0x000002d4   Code   RO         8002    i.DMA2_Stream2_IRQHandler  ins_task.o
    0x080013bc   0x080013bc   0x0000000c   Code   RO         1249    i.DMA2_Stream6_IRQHandler  stm32f4xx_it.o
    0x080013c8   0x080013c8   0x0000000c   Code   RO         1250    i.DMA2_Stream7_IRQHandler  stm32f4xx_it.o
    0x080013d4   0x080013d4   0x00000028   Code   RO         2414    i.DMA_CalcBaseAndBitshift  stm32f4xx_hal_dma.o
    0x080013fc   0x080013fc   0x00000054   Code   RO         2415    i.DMA_CheckFifoParam  stm32f4xx_hal_dma.o
    0x08001450   0x08001450   0x00000002   Code   RO         1251    i.DebugMon_Handler  stm32f4xx_it.o
    0x08001452   0x08001452   0x00000006   Code   RO         1252    i.EXTI0_IRQHandler  stm32f4xx_it.o
    0x08001458   0x08001458   0x00000006   Code   RO         1253    i.EXTI3_IRQHandler  stm32f4xx_it.o
    0x0800145e   0x0800145e   0x00000006   Code   RO         1254    i.EXTI4_IRQHandler  stm32f4xx_it.o
    0x08001464   0x08001464   0x00000006   Code   RO         1255    i.EXTI9_5_IRQHandler  stm32f4xx_it.o
    0x0800146a   0x0800146a   0x00000002   Code   RO           13    i.Error_Handler     main.o
    0x0800146c   0x0800146c   0x0000014c   Code   RO         3089    i.HAL_ADC_ConfigChannel  stm32f4xx_hal_adc.o
    0x080015b8   0x080015b8   0x00000054   Code   RO         3098    i.HAL_ADC_Init      stm32f4xx_hal_adc.o
    0x0800160c   0x0800160c   0x0000007c   Code   RO          384    i.HAL_ADC_MspInit   adc.o
    0x08001688   0x08001688   0x00000024   Code   RO         3360    i.HAL_CAN_ActivateNotification  stm32f4xx_hal_can.o
    0x080016ac   0x080016ac   0x0000010c   Code   RO         3362    i.HAL_CAN_ConfigFilter  stm32f4xx_hal_can.o
    0x080017b8   0x080017b8   0x00000002   Code   RO         3365    i.HAL_CAN_ErrorCallback  stm32f4xx_hal_can.o
    0x080017ba   0x080017ba   0x000001fc   Code   RO         3372    i.HAL_CAN_IRQHandler  stm32f4xx_hal_can.o
    0x080019b6   0x080019b6   0x0000011a   Code   RO         3373    i.HAL_CAN_Init      stm32f4xx_hal_can.o
    0x08001ad0   0x08001ad0   0x000000fc   Code   RO          432    i.HAL_CAN_MspInit   can.o
    0x08001bcc   0x08001bcc   0x00000002   Code   RO         3380    i.HAL_CAN_RxFifo0FullCallback  stm32f4xx_hal_can.o
    0x08001bce   0x08001bce   0x00000002   Code   RO         3381    i.HAL_CAN_RxFifo0MsgPendingCallback  stm32f4xx_hal_can.o
    0x08001bd0   0x08001bd0   0x00000002   Code   RO         3382    i.HAL_CAN_RxFifo1FullCallback  stm32f4xx_hal_can.o
    0x08001bd2   0x08001bd2   0x00000002   Code   RO         3383    i.HAL_CAN_RxFifo1MsgPendingCallback  stm32f4xx_hal_can.o
    0x08001bd4   0x08001bd4   0x00000002   Code   RO         3384    i.HAL_CAN_SleepCallback  stm32f4xx_hal_can.o
    0x08001bd6   0x08001bd6   0x00000002   PAD
    0x08001bd8   0x08001bd8   0x00000058   Code   RO         3385    i.HAL_CAN_Start     stm32f4xx_hal_can.o
    0x08001c30   0x08001c30   0x00000002   Code   RO         3387    i.HAL_CAN_TxMailbox0AbortCallback  stm32f4xx_hal_can.o
    0x08001c32   0x08001c32   0x00000002   Code   RO         3388    i.HAL_CAN_TxMailbox0CompleteCallback  stm32f4xx_hal_can.o
    0x08001c34   0x08001c34   0x00000002   Code   RO         3389    i.HAL_CAN_TxMailbox1AbortCallback  stm32f4xx_hal_can.o
    0x08001c36   0x08001c36   0x00000002   Code   RO         3390    i.HAL_CAN_TxMailbox1CompleteCallback  stm32f4xx_hal_can.o
    0x08001c38   0x08001c38   0x00000002   Code   RO         3391    i.HAL_CAN_TxMailbox2AbortCallback  stm32f4xx_hal_can.o
    0x08001c3a   0x08001c3a   0x00000002   Code   RO         3392    i.HAL_CAN_TxMailbox2CompleteCallback  stm32f4xx_hal_can.o
    0x08001c3c   0x08001c3c   0x00000002   Code   RO         3394    i.HAL_CAN_WakeUpFromRxMsgCallback  stm32f4xx_hal_can.o
    0x08001c3e   0x08001c3e   0x00000026   Code   RO         3597    i.HAL_CRC_Init      stm32f4xx_hal_crc.o
    0x08001c64   0x08001c64   0x00000028   Code   RO          481    i.HAL_CRC_MspInit   crc.o
    0x08001c8c   0x08001c8c   0x000001a0   Code   RO         2422    i.HAL_DMA_IRQHandler  stm32f4xx_hal_dma.o
    0x08001e2c   0x08001e2c   0x000000d4   Code   RO         2423    i.HAL_DMA_Init      stm32f4xx_hal_dma.o
    0x08001f00   0x08001f00   0x00000078   Code   RO         8003    i.HAL_GPIO_EXTI_Callback  ins_task.o
    0x08001f78   0x08001f78   0x00000018   Code   RO         2309    i.HAL_GPIO_EXTI_IRQHandler  stm32f4xx_hal_gpio.o
    0x08001f90   0x08001f90   0x000001b0   Code   RO         2310    i.HAL_GPIO_Init     stm32f4xx_hal_gpio.o
    0x08002140   0x08002140   0x0000000a   Code   RO         2314    i.HAL_GPIO_WritePin  stm32f4xx_hal_gpio.o
    0x0800214a   0x0800214a   0x00000002   PAD
    0x0800214c   0x0800214c   0x0000000c   Code   RO         2842    i.HAL_GetTick       stm32f4xx_hal.o
    0x08002158   0x08002158   0x00000174   Code   RO         3664    i.HAL_I2C_Init      stm32f4xx_hal_i2c.o
    0x080022cc   0x080022cc   0x000001f8   Code   RO         3682    i.HAL_I2C_Mem_Read  stm32f4xx_hal_i2c.o
    0x080024c4   0x080024c4   0x00000130   Code   RO         3685    i.HAL_I2C_Mem_Write  stm32f4xx_hal_i2c.o
    0x080025f4   0x080025f4   0x00000158   Code   RO          547    i.HAL_I2C_MspInit   i2c.o
    0x0800274c   0x0800274c   0x00000010   Code   RO         2848    i.HAL_IncTick       stm32f4xx_hal.o
    0x0800275c   0x0800275c   0x00000034   Code   RO         2849    i.HAL_Init          stm32f4xx_hal.o
    0x08002790   0x08002790   0x00000040   Code   RO         2850    i.HAL_InitTick      stm32f4xx_hal.o
    0x080027d0   0x080027d0   0x00000038   Code   RO         1369    i.HAL_MspInit       stm32f4xx_hal_msp.o
    0x08002808   0x08002808   0x0000001a   Code   RO         2699    i.HAL_NVIC_EnableIRQ  stm32f4xx_hal_cortex.o
    0x08002822   0x08002822   0x00000002   PAD
    0x08002824   0x08002824   0x00000040   Code   RO         2705    i.HAL_NVIC_SetPriority  stm32f4xx_hal_cortex.o
    0x08002864   0x08002864   0x00000024   Code   RO         2706    i.HAL_NVIC_SetPriorityGrouping  stm32f4xx_hal_cortex.o
    0x08002888   0x08002888   0x00000002   Code   RO         1614    i.HAL_PCDEx_LPM_Callback  stm32f4xx_hal_pcd_ex.o
    0x0800288a   0x0800288a   0x00000008   Code   RO          912    i.HAL_PCD_ConnectCallback  usbd_conf.o
    0x08002892   0x08002892   0x00000012   Code   RO          913    i.HAL_PCD_DataInStageCallback  usbd_conf.o
    0x080028a4   0x080028a4   0x00000014   Code   RO          914    i.HAL_PCD_DataOutStageCallback  usbd_conf.o
    0x080028b8   0x080028b8   0x00000008   Code   RO          915    i.HAL_PCD_DisconnectCallback  usbd_conf.o
    0x080028c0   0x080028c0   0x0000005c   Code   RO         1403    i.HAL_PCD_EP_ClrStall  stm32f4xx_hal_pcd.o
    0x0800291c   0x0800291c   0x00000060   Code   RO         1406    i.HAL_PCD_EP_Open   stm32f4xx_hal_pcd.o
    0x0800297c   0x0800297c   0x00000048   Code   RO         1407    i.HAL_PCD_EP_Receive  stm32f4xx_hal_pcd.o
    0x080029c4   0x080029c4   0x00000074   Code   RO         1408    i.HAL_PCD_EP_SetStall  stm32f4xx_hal_pcd.o
    0x08002a38   0x08002a38   0x00000040   Code   RO         1409    i.HAL_PCD_EP_Transmit  stm32f4xx_hal_pcd.o
    0x08002a78   0x08002a78   0x00000464   Code   RO         1411    i.HAL_PCD_IRQHandler  stm32f4xx_hal_pcd.o
    0x08002edc   0x08002edc   0x00000008   Code   RO          916    i.HAL_PCD_ISOINIncompleteCallback  usbd_conf.o
    0x08002ee4   0x08002ee4   0x00000008   Code   RO          917    i.HAL_PCD_ISOOUTIncompleteCallback  usbd_conf.o
    0x08002eec   0x08002eec   0x0000002c   Code   RO          920    i.HAL_PCD_ResetCallback  usbd_conf.o
    0x08002f18   0x08002f18   0x00000008   Code   RO          921    i.HAL_PCD_ResumeCallback  usbd_conf.o
    0x08002f20   0x08002f20   0x00000008   Code   RO          922    i.HAL_PCD_SOFCallback  usbd_conf.o
    0x08002f28   0x08002f28   0x00000028   Code   RO         1420    i.HAL_PCD_SetAddress  stm32f4xx_hal_pcd.o
    0x08002f50   0x08002f50   0x0000000e   Code   RO          923    i.HAL_PCD_SetupStageCallback  usbd_conf.o
    0x08002f5e   0x08002f5e   0x00000002   PAD
    0x08002f60   0x08002f60   0x00000030   Code   RO          924    i.HAL_PCD_SuspendCallback  usbd_conf.o
    0x08002f90   0x08002f90   0x0000013c   Code   RO         2061    i.HAL_RCCEx_PeriphCLKConfig  stm32f4xx_hal_rcc_ex.o
    0x080030cc   0x080030cc   0x00000130   Code   RO         1956    i.HAL_RCC_ClockConfig  stm32f4xx_hal_rcc.o
    0x080031fc   0x080031fc   0x0000000c   Code   RO         1961    i.HAL_RCC_GetHCLKFreq  stm32f4xx_hal_rcc.o
    0x08003208   0x08003208   0x00000020   Code   RO         1963    i.HAL_RCC_GetPCLK1Freq  stm32f4xx_hal_rcc.o
    0x08003228   0x08003228   0x00000020   Code   RO         1964    i.HAL_RCC_GetPCLK2Freq  stm32f4xx_hal_rcc.o
    0x08003248   0x08003248   0x00000064   Code   RO         1965    i.HAL_RCC_GetSysClockFreq  stm32f4xx_hal_rcc.o
    0x080032ac   0x080032ac   0x0000031c   Code   RO         1968    i.HAL_RCC_OscConfig  stm32f4xx_hal_rcc.o
    0x080035c8   0x080035c8   0x00000032   Code   RO         4102    i.HAL_RNG_Init      stm32f4xx_hal_rng.o
    0x080035fa   0x080035fa   0x00000002   PAD
    0x080035fc   0x080035fc   0x00000028   Code   RO          601    i.HAL_RNG_MspInit   rng.o
    0x08003624   0x08003624   0x000000ac   Code   RO         4203    i.HAL_RTC_Init      stm32f4xx_hal_rtc.o
    0x080036d0   0x080036d0   0x00000018   Code   RO          643    i.HAL_RTC_MspInit   rtc.o
    0x080036e8   0x080036e8   0x00000036   Code   RO         4211    i.HAL_RTC_WaitForSynchro  stm32f4xx_hal_rtc.o
    0x0800371e   0x0800371e   0x00000080   Code   RO         4571    i.HAL_SPI_Init      stm32f4xx_hal_spi.o
    0x0800379e   0x0800379e   0x00000002   PAD
    0x080037a0   0x080037a0   0x00000148   Code   RO          685    i.HAL_SPI_MspInit   spi.o
    0x080038e8   0x080038e8   0x000001e2   Code   RO         4580    i.HAL_SPI_TransmitReceive  stm32f4xx_hal_spi.o
    0x08003aca   0x08003aca   0x00000028   Code   RO         2710    i.HAL_SYSTICK_Config  stm32f4xx_hal_cortex.o
    0x08003af2   0x08003af2   0x00000054   Code   RO         5562    i.HAL_TIMEx_ConfigBreakDeadTime  stm32f4xx_hal_tim_ex.o
    0x08003b46   0x08003b46   0x00000042   Code   RO         5577    i.HAL_TIMEx_MasterConfigSynchronization  stm32f4xx_hal_tim_ex.o
    0x08003b88   0x08003b88   0x00000036   Code   RO         4884    i.HAL_TIM_Base_Init  stm32f4xx_hal_tim.o
    0x08003bbe   0x08003bbe   0x00000002   PAD
    0x08003bc0   0x08003bc0   0x000000ac   Code   RO          733    i.HAL_TIM_Base_MspInit  tim.o
    0x08003c6c   0x08003c6c   0x000000d6   Code   RO         4893    i.HAL_TIM_ConfigClockSource  stm32f4xx_hal_tim.o
    0x08003d42   0x08003d42   0x00000002   PAD
    0x08003d44   0x08003d44   0x00000164   Code   RO          734    i.HAL_TIM_MspPostInit  tim.o
    0x08003ea8   0x08003ea8   0x000000d0   Code   RO         4951    i.HAL_TIM_PWM_ConfigChannel  stm32f4xx_hal_tim.o
    0x08003f78   0x08003f78   0x00000036   Code   RO         4954    i.HAL_TIM_PWM_Init  stm32f4xx_hal_tim.o
    0x08003fae   0x08003fae   0x00000002   Code   RO         4956    i.HAL_TIM_PWM_MspInit  stm32f4xx_hal_tim.o
    0x08003fb0   0x08003fb0   0x00000062   Code   RO         5835    i.HAL_UART_Init     stm32f4xx_hal_uart.o
    0x08004012   0x08004012   0x00000002   PAD
    0x08004014   0x08004014   0x0000022c   Code   RO          811    i.HAL_UART_MspInit  usart.o
    0x08004240   0x08004240   0x00000002   Code   RO         1256    i.HardFault_Handler  stm32f4xx_it.o
    0x08004242   0x08004242   0x0000002e   Code   RO         3706    i.I2C_IsAcknowledgeFailed  stm32f4xx_hal_i2c.o
    0x08004270   0x08004270   0x000000e6   Code   RO         3715    i.I2C_RequestMemoryRead  stm32f4xx_hal_i2c.o
    0x08004356   0x08004356   0x00000002   PAD
    0x08004358   0x08004358   0x00000094   Code   RO         3716    i.I2C_RequestMemoryWrite  stm32f4xx_hal_i2c.o
    0x080043ec   0x080043ec   0x0000004c   Code   RO         3719    i.I2C_WaitOnBTFFlagUntilTimeout  stm32f4xx_hal_i2c.o
    0x08004438   0x08004438   0x00000068   Code   RO         3720    i.I2C_WaitOnFlagUntilTimeout  stm32f4xx_hal_i2c.o
    0x080044a0   0x080044a0   0x00000096   Code   RO         3721    i.I2C_WaitOnMasterAddressFlagUntilTimeout  stm32f4xx_hal_i2c.o
    0x08004536   0x08004536   0x00000066   Code   RO         3722    i.I2C_WaitOnRXNEFlagUntilTimeout  stm32f4xx_hal_i2c.o
    0x0800459c   0x0800459c   0x0000004c   Code   RO         3723    i.I2C_WaitOnTXEFlagUntilTimeout  stm32f4xx_hal_i2c.o
    0x080045e8   0x080045e8   0x00000244   Code   RO         8006    i.INS_task          ins_task.o
    0x0800482c   0x0800482c   0x00000064   Code   RO          385    i.MX_ADC1_Init      adc.o
    0x08004890   0x08004890   0x00000064   Code   RO          386    i.MX_ADC3_Init      adc.o
    0x080048f4   0x080048f4   0x00000044   Code   RO          433    i.MX_CAN1_Init      can.o
    0x08004938   0x08004938   0x00000044   Code   RO          434    i.MX_CAN2_Init      can.o
    0x0800497c   0x0800497c   0x00000024   Code   RO          482    i.MX_CRC_Init       crc.o
    0x080049a0   0x080049a0   0x0000009c   Code   RO          522    i.MX_DMA_Init       dma.o
    0x08004a3c   0x08004a3c   0x00000028   Code   RO          323    i.MX_FREERTOS_Init  freertos.o
    0x08004a64   0x08004a64   0x000001cc   Code   RO          299    i.MX_GPIO_Init      gpio.o
    0x08004c30   0x08004c30   0x00000040   Code   RO          548    i.MX_I2C1_Init      i2c.o
    0x08004c70   0x08004c70   0x00000040   Code   RO          549    i.MX_I2C2_Init      i2c.o
    0x08004cb0   0x08004cb0   0x00000040   Code   RO          550    i.MX_I2C3_Init      i2c.o
    0x08004cf0   0x08004cf0   0x00000024   Code   RO          602    i.MX_RNG_Init       rng.o
    0x08004d14   0x08004d14   0x00000038   Code   RO          644    i.MX_RTC_Init       rtc.o
    0x08004d4c   0x08004d4c   0x00000048   Code   RO          686    i.MX_SPI1_Init      spi.o
    0x08004d94   0x08004d94   0x00000048   Code   RO          687    i.MX_SPI2_Init      spi.o
    0x08004ddc   0x08004ddc   0x00000064   Code   RO          735    i.MX_TIM10_Init     tim.o
    0x08004e40   0x08004e40   0x000000fc   Code   RO          736    i.MX_TIM1_Init      tim.o
    0x08004f3c   0x08004f3c   0x00000098   Code   RO          737    i.MX_TIM3_Init      tim.o
    0x08004fd4   0x08004fd4   0x00000098   Code   RO          738    i.MX_TIM4_Init      tim.o
    0x0800506c   0x0800506c   0x000000b8   Code   RO          739    i.MX_TIM5_Init      tim.o
    0x08005124   0x08005124   0x000000dc   Code   RO          740    i.MX_TIM8_Init      tim.o
    0x08005200   0x08005200   0x00000038   Code   RO          812    i.MX_USART1_UART_Init  usart.o
    0x08005238   0x08005238   0x00000040   Code   RO          813    i.MX_USART3_UART_Init  usart.o
    0x08005278   0x08005278   0x00000038   Code   RO          814    i.MX_USART6_UART_Init  usart.o
    0x080052b0   0x080052b0   0x00000002   Code   RO         1257    i.MemManage_Handler  stm32f4xx_it.o
    0x080052b2   0x080052b2   0x00000002   Code   RO         1258    i.NMI_Handler       stm32f4xx_it.o
    0x080052b4   0x080052b4   0x0000000c   Code   RO         1259    i.OTG_FS_IRQHandler  stm32f4xx_it.o
    0x080052c0   0x080052c0   0x000000dc   Code   RO         1425    i.PCD_EP_OutXfrComplete_int  stm32f4xx_hal_pcd.o
    0x0800539c   0x0800539c   0x000000a2   Code   RO         1426    i.PCD_WriteEmptyTxFifo  stm32f4xx_hal_pcd.o
    0x0800543e   0x0800543e   0x00000002   PAD
    0x08005440   0x08005440   0x0000005c   Code   RO         9256    i.PID_init          pid.o
    0x0800549c   0x0800549c   0x0000003a   Code   RO         4214    i.RTC_EnterInitMode  stm32f4xx_hal_rtc.o
    0x080054d6   0x080054d6   0x00000002   PAD
    0x080054d8   0x080054d8   0x00001274   Code   RO         8895    i.SPI1_DMA_enable   bsp_spi.o
    0x0800674c   0x0800674c   0x000000f0   Code   RO         8896    i.SPI1_DMA_init     bsp_spi.o
    0x0800683c   0x0800683c   0x00000058   Code   RO         4609    i.SPI_EndRxTxTransaction  stm32f4xx_hal_spi.o
    0x08006894   0x08006894   0x00000094   Code   RO         4614    i.SPI_WaitFlagStateUntilTimeout  stm32f4xx_hal_spi.o
    0x08006928   0x08006928   0x00000018   Code   RO         1260    i.SysTick_Handler   stm32f4xx_it.o
    0x08006940   0x08006940   0x0000009c   Code   RO           14    i.SystemClock_Config  main.o
    0x080069dc   0x080069dc   0x00000054   Code   RO         6137    i.SystemInit        system_stm32f4xx.o
    0x08006a30   0x08006a30   0x000000c8   Code   RO         4972    i.TIM_Base_SetConfig  stm32f4xx_hal_tim.o
    0x08006af8   0x08006af8   0x00000014   Code   RO         4983    i.TIM_ETR_SetConfig  stm32f4xx_hal_tim.o
    0x08006b0c   0x08006b0c   0x00000010   Code   RO         4984    i.TIM_ITRx_SetConfig  stm32f4xx_hal_tim.o
    0x08006b1c   0x08006b1c   0x00000060   Code   RO         4985    i.TIM_OC1_SetConfig  stm32f4xx_hal_tim.o
    0x08006b7c   0x08006b7c   0x0000006c   Code   RO         4986    i.TIM_OC2_SetConfig  stm32f4xx_hal_tim.o
    0x08006be8   0x08006be8   0x00000068   Code   RO         4987    i.TIM_OC3_SetConfig  stm32f4xx_hal_tim.o
    0x08006c50   0x08006c50   0x00000050   Code   RO         4988    i.TIM_OC4_SetConfig  stm32f4xx_hal_tim.o
    0x08006ca0   0x08006ca0   0x00000022   Code   RO         4990    i.TIM_TI1_ConfigInputStage  stm32f4xx_hal_tim.o
    0x08006cc2   0x08006cc2   0x00000024   Code   RO         4992    i.TIM_TI2_ConfigInputStage  stm32f4xx_hal_tim.o
    0x08006ce6   0x08006ce6   0x00000002   PAD
    0x08006ce8   0x08006ce8   0x000002ac   Code   RO         5861    i.UART_SetConfig    stm32f4xx_hal_uart.o
    0x08006f94   0x08006f94   0x0000000e   Code   RO         7633    i.USBD_ClrClassConfig  usbd_core.o
    0x08006fa2   0x08006fa2   0x00000010   Code   RO         7836    i.USBD_CtlContinueRx  usbd_ioreq.o
    0x08006fb2   0x08006fb2   0x00000010   Code   RO         7837    i.USBD_CtlContinueSendData  usbd_ioreq.o
    0x08006fc2   0x08006fc2   0x00000016   Code   RO         7771    i.USBD_CtlError     usbd_ctlreq.o
    0x08006fd8   0x08006fd8   0x00000016   Code   RO         7839    i.USBD_CtlReceiveStatus  usbd_ioreq.o
    0x08006fee   0x08006fee   0x0000001a   Code   RO         7840    i.USBD_CtlSendData  usbd_ioreq.o
    0x08007008   0x08007008   0x00000016   Code   RO         7841    i.USBD_CtlSendStatus  usbd_ioreq.o
    0x0800701e   0x0800701e   0x000000e8   Code   RO         7772    i.USBD_GetDescriptor  usbd_ctlreq.o
    0x08007106   0x08007106   0x00000018   Code   RO          925    i.USBD_Get_USB_Status  usbd_conf.o
    0x0800711e   0x0800711e   0x00000012   Code   RO          926    i.USBD_LL_ClearStallEP  usbd_conf.o
    0x08007130   0x08007130   0x000000c6   Code   RO         7636    i.USBD_LL_DataInStage  usbd_core.o
    0x080071f6   0x080071f6   0x00000082   Code   RO         7637    i.USBD_LL_DataOutStage  usbd_core.o
    0x08007278   0x08007278   0x00000004   Code   RO         7638    i.USBD_LL_DevConnected  usbd_core.o
    0x0800727c   0x0800727c   0x00000016   Code   RO         7639    i.USBD_LL_DevDisconnected  usbd_core.o
    0x08007292   0x08007292   0x00000020   Code   RO          933    i.USBD_LL_IsStallEP  usbd_conf.o
    0x080072b2   0x080072b2   0x00000004   Code   RO         7640    i.USBD_LL_IsoINIncomplete  usbd_core.o
    0x080072b6   0x080072b6   0x00000004   Code   RO         7641    i.USBD_LL_IsoOUTIncomplete  usbd_core.o
    0x080072ba   0x080072ba   0x00000018   Code   RO          934    i.USBD_LL_OpenEP    usbd_conf.o
    0x080072d2   0x080072d2   0x00000012   Code   RO          935    i.USBD_LL_PrepareReceive  usbd_conf.o
    0x080072e4   0x080072e4   0x00000050   Code   RO         7642    i.USBD_LL_Reset     usbd_core.o
    0x08007334   0x08007334   0x0000000c   Code   RO         7643    i.USBD_LL_Resume    usbd_core.o
    0x08007340   0x08007340   0x00000018   Code   RO         7644    i.USBD_LL_SOF       usbd_core.o
    0x08007358   0x08007358   0x00000006   Code   RO         7645    i.USBD_LL_SetSpeed  usbd_core.o
    0x0800735e   0x0800735e   0x00000012   Code   RO          936    i.USBD_LL_SetUSBAddress  usbd_conf.o
    0x08007370   0x08007370   0x0000005a   Code   RO         7646    i.USBD_LL_SetupStage  usbd_core.o
    0x080073ca   0x080073ca   0x00000012   Code   RO          937    i.USBD_LL_StallEP   usbd_conf.o
    0x080073dc   0x080073dc   0x00000012   Code   RO         7647    i.USBD_LL_Suspend   usbd_core.o
    0x080073ee   0x080073ee   0x00000012   Code   RO          940    i.USBD_LL_Transmit  usbd_conf.o
    0x08007400   0x08007400   0x00000028   Code   RO         7774    i.USBD_ParseSetupRequest  usbd_ctlreq.o
    0x08007428   0x08007428   0x00000016   Code   RO         7650    i.USBD_SetClassConfig  usbd_core.o
    0x0800743e   0x0800743e   0x00000002   PAD
    0x08007440   0x08007440   0x00000084   Code   RO         7775    i.USBD_SetConfig    usbd_ctlreq.o
    0x080074c4   0x080074c4   0x00000112   Code   RO         7776    i.USBD_StdDevReq    usbd_ctlreq.o
    0x080075d6   0x080075d6   0x00000150   Code   RO         7777    i.USBD_StdEPReq     usbd_ctlreq.o
    0x08007726   0x08007726   0x0000004e   Code   RO         7778    i.USBD_StdItfReq    usbd_ctlreq.o
    0x08007774   0x08007774   0x00000080   Code   RO         1656    i.USB_ActivateEndpoint  stm32f4xx_ll_usb.o
    0x080077f4   0x080077f4   0x00000034   Code   RO         1658    i.USB_ActivateSetup  stm32f4xx_ll_usb.o
    0x08007828   0x08007828   0x00000118   Code   RO         1671    i.USB_EP0StartXfer  stm32f4xx_ll_usb.o
    0x08007940   0x08007940   0x00000058   Code   RO         1672    i.USB_EP0_OutStart  stm32f4xx_ll_usb.o
    0x08007998   0x08007998   0x00000058   Code   RO         1673    i.USB_EPClearStall  stm32f4xx_ll_usb.o
    0x080079f0   0x080079f0   0x00000058   Code   RO         1674    i.USB_EPSetStall    stm32f4xx_ll_usb.o
    0x08007a48   0x08007a48   0x000001e8   Code   RO         1675    i.USB_EPStartXfer   stm32f4xx_ll_usb.o
    0x08007c30   0x08007c30   0x00000024   Code   RO         1678    i.USB_FlushTxFifo   stm32f4xx_ll_usb.o
    0x08007c54   0x08007c54   0x0000001a   Code   RO         1680    i.USB_GetDevSpeed   stm32f4xx_ll_usb.o
    0x08007c6e   0x08007c6e   0x00000008   Code   RO         1682    i.USB_GetMode       stm32f4xx_ll_usb.o
    0x08007c76   0x08007c76   0x0000000e   Code   RO         1689    i.USB_ReadDevAllInEpInterrupt  stm32f4xx_ll_usb.o
    0x08007c84   0x08007c84   0x0000000e   Code   RO         1690    i.USB_ReadDevAllOutEpInterrupt  stm32f4xx_ll_usb.o
    0x08007c92   0x08007c92   0x00000024   Code   RO         1691    i.USB_ReadDevInEPInterrupt  stm32f4xx_ll_usb.o
    0x08007cb6   0x08007cb6   0x00000010   Code   RO         1692    i.USB_ReadDevOutEPInterrupt  stm32f4xx_ll_usb.o
    0x08007cc6   0x08007cc6   0x00000008   Code   RO         1693    i.USB_ReadInterrupts  stm32f4xx_ll_usb.o
    0x08007cce   0x08007cce   0x0000001c   Code   RO         1694    i.USB_ReadPacket    stm32f4xx_ll_usb.o
    0x08007cea   0x08007cea   0x00000022   Code   RO         1697    i.USB_SetDevAddress  stm32f4xx_ll_usb.o
    0x08007d0c   0x08007d0c   0x000000e8   Code   RO         1699    i.USB_SetTurnaroundTime  stm32f4xx_ll_usb.o
    0x08007df4   0x08007df4   0x00000024   Code   RO         1702    i.USB_WritePacket   stm32f4xx_ll_usb.o
    0x08007e18   0x08007e18   0x00000002   Code   RO         1261    i.UsageFault_Handler  stm32f4xx_it.o
    0x08007e1a   0x08007e1a   0x00000026   Code   RO        10443    i.__ARM_fpclassifyf  m_wm.l(fpclassifyf.o)
    0x08007e40   0x08007e40   0x00000020   Code   RO         2712    i.__NVIC_SetPriority  stm32f4xx_hal_cortex.o
    0x08007e60   0x08007e60   0x0000012c   Code   RO        10309    i.__hardfp_asinf    m_wm.l(asinf.o)
    0x08007f8c   0x08007f8c   0x000002ac   Code   RO        10321    i.__hardfp_atan2f   m_wm.l(atan2f.o)
    0x08008238   0x08008238   0x0000003a   Code   RO        10345    i.__hardfp_sqrtf    m_wm.l(sqrtf_full.o)
    0x08008272   0x08008272   0x00000006   Code   RO        10446    i.__mathlib_flt_infnan  m_wm.l(funder.o)
    0x08008278   0x08008278   0x00000006   Code   RO        10447    i.__mathlib_flt_infnan2  m_wm.l(funder.o)
    0x0800827e   0x0800827e   0x00000002   PAD
    0x08008280   0x08008280   0x00000010   Code   RO        10448    i.__mathlib_flt_invalid  m_wm.l(funder.o)
    0x08008290   0x08008290   0x00000010   Code   RO        10451    i.__mathlib_flt_underflow  m_wm.l(funder.o)
    0x080082a0   0x080082a0   0x000001d0   Code   RO         9972    i.accel_comple_filter  AHRS.lib(ahrs.o)
    0x08008470   0x08008470   0x0000018c   Code   RO         9973    i.accel_update_kp_ki  AHRS.lib(ahrs.o)
    0x080085fc   0x080085fc   0x0000016c   Code   RO         9974    i.angle_to_quat     AHRS.lib(ahrs.o)
    0x08008768   0x08008768   0x00000128   Code   RO         9303    i.bmi088_accel_init  bmi088driver.o
    0x08008890   0x08008890   0x000002c0   Code   RO         9304    i.bmi088_accel_self_test  bmi088driver.o
    0x08008b50   0x08008b50   0x000000dc   Code   RO         9305    i.bmi088_gyro_init  bmi088driver.o
    0x08008c2c   0x08008c2c   0x000000ca   Code   RO         9306    i.bmi088_gyro_self_test  bmi088driver.o
    0x08008cf6   0x08008cf6   0x00000002   PAD
    0x08008cf8   0x08008cf8   0x00000058   Code   RO         8426    i.can_filter_init   bsp_can.o
    0x08008d50   0x08008d50   0x00000028   Code   RO         8494    i.delay_init        bsp_delay.o
    0x08008d78   0x08008d78   0x00000034   Code   RO         8496    i.delay_us          bsp_delay.o
    0x08008dac   0x08008dac   0x000000e8   Code   RO         9975    i.get_angle         AHRS.lib(ahrs.o)
    0x08008e94   0x08008e94   0x000000ec   Code   RO         8013    i.imu_cali_slove    ins_task.o
    0x08008f80   0x08008f80   0x00000110   Code   RO         8014    i.imu_cmd_spi_dma   ins_task.o
    0x08009090   0x08009090   0x00000002   Code   RO         9558    i.ist8310_GPIO_init  ist8310driver_middleware.o
    0x08009092   0x08009092   0x00000002   PAD
    0x08009094   0x08009094   0x00000024   Code   RO         9560    i.ist8310_IIC_read_single_reg  ist8310driver_middleware.o
    0x080090b8   0x080090b8   0x00000024   Code   RO         9562    i.ist8310_IIC_write_single_reg  ist8310driver_middleware.o
    0x080090dc   0x080090dc   0x00000010   Code   RO         9563    i.ist8310_RST_H     ist8310driver_middleware.o
    0x080090ec   0x080090ec   0x00000010   Code   RO         9564    i.ist8310_RST_L     ist8310driver_middleware.o
    0x080090fc   0x080090fc   0x00000002   Code   RO         9565    i.ist8310_com_init  ist8310driver_middleware.o
    0x080090fe   0x080090fe   0x00000004   Code   RO         9566    i.ist8310_delay_ms  ist8310driver_middleware.o
    0x08009102   0x08009102   0x00000002   PAD
    0x08009104   0x08009104   0x00000080   Code   RO         9523    i.ist8310_init      ist8310driver.o
    0x08009184   0x08009184   0x0000007a   Code   RO           15    i.main              main.o
    0x080091fe   0x080091fe   0x0000000c   Code   RO         7125    i.makeFreeRtosPriority  cmsis_os.o
    0x0800920a   0x0800920a   0x0000000e   Code   RO         7127    i.osDelay           cmsis_os.o
    0x08009218   0x08009218   0x0000000a   Code   RO         7130    i.osKernelStart     cmsis_os.o
    0x08009222   0x08009222   0x00000054   Code   RO         7164    i.osThreadCreate    cmsis_os.o
    0x08009276   0x08009276   0x00000002   PAD
    0x08009278   0x08009278   0x00000020   Code   RO         6648    i.pcTaskGetName     tasks.o
    0x08009298   0x08009298   0x00000078   Code   RO         6649    i.prvAddCurrentTaskToDelayedList  tasks.o
    0x08009310   0x08009310   0x000000d0   Code   RO         6650    i.prvAddNewTaskToReadyList  tasks.o
    0x080093e0   0x080093e0   0x00000058   Code   RO         6982    i.prvCheckForValidListAndQueue  timers.o
    0x08009438   0x08009438   0x00000026   Code   RO         6315    i.prvCopyDataFromQueue  queue.o
    0x0800945e   0x0800945e   0x0000006c   Code   RO         6316    i.prvCopyDataToQueue  queue.o
    0x080094ca   0x080094ca   0x00000034   Code   RO         6651    i.prvDeleteTCB      tasks.o
    0x080094fe   0x080094fe   0x00000002   PAD
    0x08009500   0x08009500   0x0000004c   Code   RO         7504    i.prvHeapInit       heap_4.o
    0x0800954c   0x0800954c   0x00000060   Code   RO         6652    i.prvIdleTask       tasks.o
    0x080095ac   0x080095ac   0x00000016   Code   RO         6318    i.prvInitialiseNewQueue  queue.o
    0x080095c2   0x080095c2   0x000000a0   Code   RO         6653    i.prvInitialiseNewTask  tasks.o
    0x08009662   0x08009662   0x00000002   PAD
    0x08009664   0x08009664   0x0000004c   Code   RO         7505    i.prvInsertBlockIntoFreeList  heap_4.o
    0x080096b0   0x080096b0   0x00000038   Code   RO         6984    i.prvInsertTimerInActiveList  timers.o
    0x080096e8   0x080096e8   0x0000001c   Code   RO         6319    i.prvIsQueueEmpty   queue.o
    0x08009704   0x08009704   0x000000cc   Code   RO         6985    i.prvProcessReceivedCommands  timers.o
    0x080097d0   0x080097d0   0x000000b4   Code   RO         6986    i.prvProcessTimerOrBlockTask  timers.o
    0x08009884   0x08009884   0x00000020   Code   RO         6654    i.prvResetNextTaskUnblockTime  tasks.o
    0x080098a4   0x080098a4   0x00000028   Code   RO         6987    i.prvSampleTimeNow  timers.o
    0x080098cc   0x080098cc   0x00000056   Code   RO         6655    i.prvSearchForNameWithinSingleList  tasks.o
    0x08009922   0x08009922   0x00000002   PAD
    0x08009924   0x08009924   0x0000006c   Code   RO         6988    i.prvSwitchTimerLists  timers.o
    0x08009990   0x08009990   0x00000028   Code   RO         7554    i.prvTaskExitError  port.o
    0x080099b8   0x080099b8   0x00000024   Code   RO         6989    i.prvTimerTask      timers.o
    0x080099dc   0x080099dc   0x0000006a   Code   RO         6320    i.prvUnlockQueue    queue.o
    0x08009a46   0x08009a46   0x00000002   PAD
    0x08009a48   0x08009a48   0x000000d8   Code   RO         7506    i.pvPortMalloc      heap_4.o
    0x08009b20   0x08009b20   0x0000002c   Code   RO         7555    i.pxPortInitialiseStack  port.o
    0x08009b4c   0x08009b4c   0x00000084   Code   RO         9980    i.quat_normalization  AHRS.lib(ahrs.o)
    0x08009bd0   0x08009bd0   0x0000003e   Code   RO        10347    i.sqrtf             m_wm.l(sqrtf_full.o)
    0x08009c0e   0x08009c0e   0x00000002   PAD
    0x08009c10   0x08009c10   0x00000068   Code   RO         6658    i.ulTaskNotifyTake  tasks.o
    0x08009c78   0x08009c78   0x0000007a   Code   RO         9981    i.update_w          AHRS.lib(ahrs.o)
    0x08009cf2   0x08009cf2   0x00000002   PAD
    0x08009cf4   0x08009cf4   0x00000048   Code   RO         8930    i.usart1_tx_dma_init  bsp_usart.o
    0x08009d3c   0x08009d3c   0x00000026   Code   RO         6275    i.uxListRemove      list.o
    0x08009d62   0x08009d62   0x00000002   PAD
    0x08009d64   0x08009d64   0x00000014   Code   RO          325    i.vApplicationGetIdleTaskMemory  freertos.o
    0x08009d78   0x08009d78   0x00000018   Code   RO          326    i.vApplicationGetTimerTaskMemory  freertos.o
    0x08009d90   0x08009d90   0x00000016   Code   RO         6276    i.vListInitialise   list.o
    0x08009da6   0x08009da6   0x00000006   Code   RO         6277    i.vListInitialiseItem  list.o
    0x08009dac   0x08009dac   0x00000030   Code   RO         6278    i.vListInsert       list.o
    0x08009ddc   0x08009ddc   0x00000018   Code   RO         6279    i.vListInsertEnd    list.o
    0x08009df4   0x08009df4   0x00000040   Code   RO         7557    i.vPortEnterCritical  port.o
    0x08009e34   0x08009e34   0x00000028   Code   RO         7558    i.vPortExitCritical  port.o
    0x08009e5c   0x08009e5c   0x0000005c   Code   RO         7507    i.vPortFree         heap_4.o
    0x08009eb8   0x08009eb8   0x00000024   Code   RO         7559    i.vPortSetupTimerInterrupt  port.o
    0x08009edc   0x08009edc   0x00000054   Code   RO         7560    i.vPortValidateInterruptPriority  port.o
    0x08009f30   0x08009f30   0x00000028   Code   RO         6324    i.vQueueAddToRegistry  queue.o
    0x08009f58   0x08009f58   0x00000044   Code   RO         6327    i.vQueueWaitForMessageRestricted  queue.o
    0x08009f9c   0x08009f9c   0x0000004c   Code   RO         6664    i.vTaskDelay        tasks.o
    0x08009fe8   0x08009fe8   0x00000010   Code   RO         6668    i.vTaskInternalSetTimeOutState  tasks.o
    0x08009ff8   0x08009ff8   0x0000000c   Code   RO         6669    i.vTaskMissedYield  tasks.o
    0x0800a004   0x0800a004   0x000000b8   Code   RO         6670    i.vTaskNotifyGiveFromISR  tasks.o
    0x0800a0bc   0x0800a0bc   0x00000030   Code   RO         6671    i.vTaskPlaceOnEventList  tasks.o
    0x0800a0ec   0x0800a0ec   0x00000038   Code   RO         6672    i.vTaskPlaceOnEventListRestricted  tasks.o
    0x0800a124   0x0800a124   0x00000088   Code   RO         6679    i.vTaskStartScheduler  tasks.o
    0x0800a1ac   0x0800a1ac   0x00000010   Code   RO         6681    i.vTaskSuspendAll   tasks.o
    0x0800a1bc   0x0800a1bc   0x0000005c   Code   RO         6682    i.vTaskSwitchContext  tasks.o
    0x0800a218   0x0800a218   0x000000f4   Code   RO         7561    i.xPortStartScheduler  port.o
    0x0800a30c   0x0800a30c   0x0000002c   Code   RO         7562    i.xPortSysTickHandler  port.o
    0x0800a338   0x0800a338   0x00000066   Code   RO         6331    i.xQueueGenericCreateStatic  queue.o
    0x0800a39e   0x0800a39e   0x00000002   PAD
    0x0800a3a0   0x0800a3a0   0x00000088   Code   RO         6332    i.xQueueGenericReset  queue.o
    0x0800a428   0x0800a428   0x00000160   Code   RO         6333    i.xQueueGenericSend  queue.o
    0x0800a588   0x0800a588   0x000000bc   Code   RO         6334    i.xQueueGenericSendFromISR  queue.o
    0x0800a644   0x0800a644   0x00000138   Code   RO         6342    i.xQueueReceive     queue.o
    0x0800a77c   0x0800a77c   0x00000088   Code   RO         6684    i.xTaskCheckForTimeOut  tasks.o
    0x0800a804   0x0800a804   0x0000005a   Code   RO         6685    i.xTaskCreate       tasks.o
    0x0800a85e   0x0800a85e   0x00000056   Code   RO         6686    i.xTaskCreateStatic  tasks.o
    0x0800a8b4   0x0800a8b4   0x00000084   Code   RO         6690    i.xTaskGetHandle    tasks.o
    0x0800a938   0x0800a938   0x0000001c   Code   RO         6691    i.xTaskGetSchedulerState  tasks.o
    0x0800a954   0x0800a954   0x0000000c   Code   RO         6692    i.xTaskGetTickCount  tasks.o
    0x0800a960   0x0800a960   0x000000c8   Code   RO         6694    i.xTaskIncrementTick  tasks.o
    0x0800aa28   0x0800aa28   0x00000098   Code   RO         6697    i.xTaskPriorityDisinherit  tasks.o
    0x0800aac0   0x0800aac0   0x00000074   Code   RO         6699    i.xTaskRemoveFromEventList  tasks.o
    0x0800ab34   0x0800ab34   0x000000c4   Code   RO         6700    i.xTaskResumeAll    tasks.o
    0x0800abf8   0x0800abf8   0x00000060   Code   RO         6994    i.xTimerCreateTimerTask  timers.o
    0x0800ac58   0x0800ac58   0x00000068   Code   RO         6995    i.xTimerGenericCommand  timers.o
    0x0800acc0   0x0800acc0   0x0000000a   Code   RO        10510    x$fpl$fpinit        g_wm.l(fpinit.o)
    0x0800acca   0x0800acca   0x00000000   Code   RO        10442    x$fpl$usenofp       g_wm.l(usenofp.o)
    0x0800acca   0x0800acca   0x00000002   PAD
    0x0800accc   0x0800accc   0x0000001c   Data   RO          328    .constdata          freertos.o
    0x0800ace8   0x0800ace8   0x00000008   Data   RO         2429    .constdata          stm32f4xx_hal_dma.o
    0x0800acf0   0x0800acf0   0x00000010   Data   RO         6138    .constdata          system_stm32f4xx.o
    0x0800ad00   0x0800ad00   0x00000008   Data   RO         6139    .constdata          system_stm32f4xx.o
    0x0800ad08   0x0800ad08   0x0000000c   Data   RO         8018    .constdata          ins_task.o
    0x0800ad14   0x0800ad14   0x00000012   Data   RO         9311    .constdata          bmi088driver.o
    0x0800ad26   0x0800ad26   0x0000000c   Data   RO         9526    .constdata          ist8310driver.o
    0x0800ad32   0x0800ad32   0x00000002   PAD
    0x0800ad34   0x0800ad34   0x0000000c   Data   RO         9982    .constdata          AHRS.lib(ahrs.o)
    0x0800ad40   0x0800ad40   0x00000804   Data   RO        10192    .constdata          arm_cortexM4lf_math.lib(arm_common_tables.o)
    0x0800b544   0x0800b544   0x00000008   Data   RO          329    .conststring        freertos.o
    0x0800b54c   0x0800b54c   0x00000020   Data   RO        10615    Region$$Table       anon$$obj.o


    Execution Region RW_IRAM2 (Exec base: 0x10000000, Load base: 0x0800b5d4, Size: 0x00000000, Max: 0x00010000, ABSOLUTE)

    **** No section assigned to this execution region ****


    Execution Region RW_IRAM1 (Exec base: 0x20000000, Load base: 0x0800b56c, Size: 0x0000b788, Max: 0x00020000, ABSOLUTE, COMPRESSED[0x00000068])

    Exec Addr    Load Addr    Size         Type   Attr      Idx    E Section Name        Object

    0x20000000   COMPRESSED   0x00000004   Data   RW          331    .data               freertos.o
    0x20000004   COMPRESSED   0x00000004   Data   RW          436    .data               can.o
    0x20000008   COMPRESSED   0x00000008   Data   RW          483    .data               crc.o
    0x20000010   COMPRESSED   0x0000000c   Data   RW         2856    .data               stm32f4xx_hal.o
    0x2000001c   COMPRESSED   0x00000004   Data   RW         6140    .data               system_stm32f4xx.o
    0x20000020   COMPRESSED   0x0000003c   Data   RW         6703    .data               tasks.o
    0x2000005c   COMPRESSED   0x00000014   Data   RW         7003    .data               timers.o
    0x20000070   COMPRESSED   0x00000018   Data   RW         7512    .data               heap_4.o
    0x20000088   COMPRESSED   0x0000000c   Data   RW         7563    .data               port.o
    0x20000094   COMPRESSED   0x00000001   Data   RW         7779    .data               usbd_ctlreq.o
    0x20000095   COMPRESSED   0x00000003   PAD
    0x20000098   COMPRESSED   0x000000a0   Data   RW         8020    .data               ins_task.o
    0x20000138   COMPRESSED   0x00000008   Data   RW         8497    .data               bsp_delay.o
    0x20000140   COMPRESSED   0x0000002c   Data   RW         9312    .data               bmi088driver.o
    0x2000016c   COMPRESSED   0x00000010   Data   RW         9983    .data               AHRS.lib(ahrs.o)
    0x2000017c        -       0x000006a8   Zero   RW          327    .bss                freertos.o
    0x20000824        -       0x00000090   Zero   RW          387    .bss                adc.o
    0x200008b4        -       0x00000050   Zero   RW          435    .bss                can.o
    0x20000904        -       0x0000015c   Zero   RW          551    .bss                i2c.o
    0x20000a60        -       0x00000010   Zero   RW          603    .bss                rng.o
    0x20000a70        -       0x00000020   Zero   RW          645    .bss                rtc.o
    0x20000a90        -       0x00000170   Zero   RW          688    .bss                spi.o
    0x20000c00        -       0x00000180   Zero   RW          741    .bss                tim.o
    0x20000d80        -       0x00000240   Zero   RW          815    .bss                usart.o
    0x20000fc0        -       0x00000408   Zero   RW          941    .bss                usbd_conf.o
    0x200013c8        -       0x00000040   Zero   RW         6345    .bss                queue.o
    0x20001408        -       0x000000f0   Zero   RW         6702    .bss                tasks.o
    0x200014f8        -       0x00000110   Zero   RW         7002    .bss                timers.o
    0x20001608        -       0x00006000   Zero   RW         7511    .bss                heap_4.o
    0x20007608        -       0x0000011c   Zero   RW         8015    .bss                ins_task.o
    0x20007724        -       0x00000060   Zero   RW        10465    .bss                c_w.l(libspace.o)
    0x20007784   COMPRESSED   0x00000004   PAD
    0x20007788        -       0x00002000   Zero   RW            2    HEAP                startup_stm32f407xx.o
    0x20009788        -       0x00002000   Zero   RW            1    STACK               startup_stm32f407xx.o


==============================================================================

Image component sizes


      Code (inc. data)   RO Data    RW Data    ZI Data      Debug   Object Name

       324         40          0          0        144       2382   adc.o
        70          6          0          0          0       5192   ahrs_middleware.o
      2166         34         18         44          0      10987   bmi088driver.o
       108         28          0          0          0       4768   bmi088middleware.o
         0          0          0          0          0     570244   bsp_adc.o
        88          8          0          0          0        590   bsp_can.o
        92         18          0          8          0       1352   bsp_delay.o
        88         14          0          0          0        554   bsp_i2c.o
      4964         74          0          0          0       2430   bsp_spi.o
        72         12          0          0          0        517   bsp_usart.o
       388         42          0          4         80       2514   can.o
       120          0          0          0          0      22405   cmsis_os.o
        76         18          0          8          0       1551   crc.o
       156          4          0          0          0        870   dma.o
         0          0          0          0          0      17880   event_groups.o
        84         20         36          4       1704       2771   freertos.o
       460         30          0          0          0       1259   gpio.o
       460         24          0         24      24576       4871   heap_4.o
       536         84          0          0        348       3208   i2c.o
      1932        112         12        160        284     595465   ins_task.o
       128          6         12          0          0       2015   ist8310driver.o
       112         22          0          0          0       3975   ist8310driver_middleware.o
       138          0          0          0          0       3642   list.o
       280         12          0          0          0     788016   main.o
        92          4          0          0          0       1747   pid.o
       786         82          0         12          0      12149   port.o
      1500         20          0          0         64      14908   queue.o
        76         18          0          0         16       1551   rng.o
        80         18          0          0         32       1503   rtc.o
       472         44          0          0        368       2656   spi.o
        64         26        392          0      16384        860   startup_stm32f407xx.o
       144         24          0         12          0       4037   stm32f4xx_hal.o
       712         28          0          0          0       2947   stm32f4xx_hal_adc.o
      1208          6          0          0          0      12969   stm32f4xx_hal_can.o
       198         14          0          0          0      34043   stm32f4xx_hal_cortex.o
        38          0          0          0          0       1087   stm32f4xx_hal_crc.o
       752         16          8          0          0       4160   stm32f4xx_hal_dma.o
       466         50          0          0          0       3111   stm32f4xx_hal_gpio.o
      2112         44          0          0          0      12814   stm32f4xx_hal_i2c.o
        56          4          0          0          0        870   stm32f4xx_hal_msp.o
      1986         18          0          0          0       9903   stm32f4xx_hal_pcd.o
         2          0          0          0          0        969   stm32f4xx_hal_pcd_ex.o
      1276         86          0          0          0       5744   stm32f4xx_hal_rcc.o
       316         20          0          0          0       1424   stm32f4xx_hal_rcc_ex.o
        50          0          0          0          0       1111   stm32f4xx_hal_rng.o
       284          6          0          0          0       2928   stm32f4xx_hal_rtc.o
       846          8          0          0          0       4821   stm32f4xx_hal_spi.o
      1226         80          0          0          0      11616   stm32f4xx_hal_tim.o
       150          0          0          0          0       2192   stm32f4xx_hal_tim_ex.o
       782          8          0          0          0       2080   stm32f4xx_hal_uart.o
       132         36          0          0          0       8167   stm32f4xx_it.o
      1700         98          0          0          0      15895   stm32f4xx_ll_usb.o
         0          0          0          0          0        384   stream_buffer.o
        84         18         24          4          0       1207   system_stm32f4xx.o
      2674        188          0         60        240      29357   tasks.o
      1588        134          0          0        384       6755   tim.o
       912         82          0         20        272      26615   timers.o
       732         78          0          0        576       3592   usart.o
       362          4          0          0       1032      12197   usbd_conf.o
       628          0          0          0          0      10435   usbd_core.o
      1114         28          0          1          0       7375   usbd_ctlreq.o
       102          0          0          0          0       3904   usbd_ioreq.o

    ----------------------------------------------------------------------
     38606       1898        536        364      46504    2329541   Object Totals
         0          0         32          0          0          0   (incl. Generated)
        62          0          2          3          0          0   (incl. Padding)

    ----------------------------------------------------------------------

      Code (inc. data)   RO Data    RW Data    ZI Data      Debug   Library Member Name

      2718         84         12         16          0       9922   ahrs.o
         0          0       2052          0          0       4636   arm_common_tables.o
       120         12          0          0          0      16970   arm_cos_f32.o
       116         12          0          0          0        658   arm_sin_f32.o
        90          0          0          0          0          0   __dczerorl2.o
         8          0          0          0          0         68   __main.o
         0          0          0          0          0          0   __rtentry.o
        12          0          0          0          0          0   __rtentry2.o
         6          0          0          0          0          0   __rtentry4.o
        52          8          0          0          0          0   __scatter.o
        28          0          0          0          0          0   __scatter_zi.o
        22          0          0          0          0        100   _rserrno.o
        16          0          0          0          0         68   aeabi_memset.o
        18          0          0          0          0         80   exit.o
         6          0          0          0          0        152   heapauxi.o
         0          0          0          0          0          0   indicate_semi.o
         2          0          0          0          0          0   libinit.o
         6          0          0          0          0          0   libinit2.o
         2          0          0          0          0          0   libshutdown.o
         2          0          0          0          0          0   libshutdown2.o
         8          4          0          0         96         68   libspace.o
       238          0          0          0          0        100   lludivv7m.o
         8          4          0          0          0         68   rt_errno_addr_intlibspace.o
        68          0          0          0          0         68   rt_memclr.o
        78          0          0          0          0         80   rt_memclr_w.o
       138          0          0          0          0         68   rt_memcpy_v6.o
       100          0          0          0          0         80   rt_memcpy_w.o
         2          0          0          0          0          0   rtexit.o
        10          0          0          0          0          0   rtexit2.o
        62          0          0          0          0         76   strlen.o
        12          4          0          0          0         68   sys_exit.o
        74          0          0          0          0         80   sys_stackheap_outer.o
         2          0          0          0          0         68   use_no_semi.o
        10          0          0          0          0        116   fpinit.o
         0          0          0          0          0          0   usenofp.o
       300         42          0          0          0        176   asinf.o
       684         90          0          0          0        208   atan2f.o
        38          0          0          0          0        116   fpclassifyf.o
        44         12          0          0          0        464   funder.o
       120          0          0          0          0        272   sqrtf_full.o

    ----------------------------------------------------------------------
      5238        272       2064         16        100      34830   Library Totals
        18          0          0          0          4          0   (incl. Padding)

    ----------------------------------------------------------------------

      Code (inc. data)   RO Data    RW Data    ZI Data      Debug   Library Name

      2718         84         12         16          0       9922   AHRS.lib
       236         24       2052          0          0      22264   arm_cortexM4lf_math.lib
      1070         20          0          0         96       1292   c_w.l
        10          0          0          0          0        116   g_wm.l
      1186        144          0          0          0       1236   m_wm.l

    ----------------------------------------------------------------------
      5238        272       2064         16        100      34830   Library Totals

    ----------------------------------------------------------------------

==============================================================================


      Code (inc. data)   RO Data    RW Data    ZI Data      Debug   

     43844       2170       2600        380      46604    2329547   Grand Totals
     43844       2170       2600        104      46604    2329547   ELF Image Totals (compressed)
     43844       2170       2600        104          0          0   ROM Totals

==============================================================================

    Total RO  Size (Code + RO Data)                46444 (  45.36kB)
    Total RW  Size (RW Data + ZI Data)             46984 (  45.88kB)
    Total ROM Size (Code + RO Data + RW Data)      46548 (  45.46kB)

==============================================================================

