Component: ARM Compiler 5.06 update 7 (build 960) Tool: armlink [4d3601]

==============================================================================

Section Cross References

    startup_stm32f407xx.o(STACK) refers (Special) to heapauxi.o(.text) for __use_two_region_memory
    startup_stm32f407xx.o(HEAP) refers (Special) to heapauxi.o(.text) for __use_two_region_memory
    startup_stm32f407xx.o(RESET) refers (Special) to heapauxi.o(.text) for __use_two_region_memory
    startup_stm32f407xx.o(RESET) refers to startup_stm32f407xx.o(STACK) for __initial_sp
    startup_stm32f407xx.o(RESET) refers to startup_stm32f407xx.o(.text) for Reset_Handler
    startup_stm32f407xx.o(RESET) refers to stm32f4xx_it.o(i.NMI_Handler) for NMI_Handler
    startup_stm32f407xx.o(RESET) refers to stm32f4xx_it.o(i.HardFault_Handler) for HardFault_Handler
    startup_stm32f407xx.o(RESET) refers to stm32f4xx_it.o(i.MemManage_Handler) for MemManage_Handler
    startup_stm32f407xx.o(RESET) refers to stm32f4xx_it.o(i.BusFault_Handler) for BusFault_Handler
    startup_stm32f407xx.o(RESET) refers to stm32f4xx_it.o(i.UsageFault_Handler) for UsageFault_Handler
    startup_stm32f407xx.o(RESET) refers to port.o(.emb_text) for SVC_Handler
    startup_stm32f407xx.o(RESET) refers to stm32f4xx_it.o(i.DebugMon_Handler) for DebugMon_Handler
    startup_stm32f407xx.o(RESET) refers to stm32f4xx_it.o(i.SysTick_Handler) for SysTick_Handler
    startup_stm32f407xx.o(RESET) refers to stm32f4xx_it.o(i.EXTI0_IRQHandler) for EXTI0_IRQHandler
    startup_stm32f407xx.o(RESET) refers to stm32f4xx_it.o(i.EXTI3_IRQHandler) for EXTI3_IRQHandler
    startup_stm32f407xx.o(RESET) refers to stm32f4xx_it.o(i.EXTI4_IRQHandler) for EXTI4_IRQHandler
    startup_stm32f407xx.o(RESET) refers to stm32f4xx_it.o(i.CAN1_RX0_IRQHandler) for CAN1_RX0_IRQHandler
    startup_stm32f407xx.o(RESET) refers to stm32f4xx_it.o(i.EXTI9_5_IRQHandler) for EXTI9_5_IRQHandler
    startup_stm32f407xx.o(RESET) refers to bsp_i2c.o(i.DMA1_Stream7_IRQHandler) for DMA1_Stream7_IRQHandler
    startup_stm32f407xx.o(RESET) refers to stm32f4xx_it.o(i.DMA2_Stream1_IRQHandler) for DMA2_Stream1_IRQHandler
    startup_stm32f407xx.o(RESET) refers to ins.o(i.DMA2_Stream2_IRQHandler) for DMA2_Stream2_IRQHandler
    startup_stm32f407xx.o(RESET) refers to stm32f4xx_it.o(i.CAN2_RX0_IRQHandler) for CAN2_RX0_IRQHandler
    startup_stm32f407xx.o(RESET) refers to stm32f4xx_it.o(i.OTG_FS_IRQHandler) for OTG_FS_IRQHandler
    startup_stm32f407xx.o(RESET) refers to stm32f4xx_it.o(i.DMA2_Stream6_IRQHandler) for DMA2_Stream6_IRQHandler
    startup_stm32f407xx.o(RESET) refers to stm32f4xx_it.o(i.DMA2_Stream7_IRQHandler) for DMA2_Stream7_IRQHandler
    startup_stm32f407xx.o(.text) refers (Special) to heapauxi.o(.text) for __use_two_region_memory
    startup_stm32f407xx.o(.text) refers to system_stm32f4xx.o(i.SystemInit) for SystemInit
    startup_stm32f407xx.o(.text) refers to __main.o(!!!main) for __main
    startup_stm32f407xx.o(.text) refers to startup_stm32f407xx.o(HEAP) for Heap_Mem
    startup_stm32f407xx.o(.text) refers to startup_stm32f407xx.o(STACK) for Stack_Mem
    main.o(i.SystemClock_Config) refers to rt_memclr_w.o(.text) for __aeabi_memclr4
    main.o(i.SystemClock_Config) refers to stm32f4xx_hal_rcc.o(i.HAL_RCC_OscConfig) for HAL_RCC_OscConfig
    main.o(i.SystemClock_Config) refers to stm32f4xx_hal_rcc.o(i.HAL_RCC_ClockConfig) for HAL_RCC_ClockConfig
    main.o(i.SystemClock_Config) refers to stm32f4xx_hal_rcc_ex.o(i.HAL_RCCEx_PeriphCLKConfig) for HAL_RCCEx_PeriphCLKConfig
    main.o(i.main) refers to stm32f4xx_hal.o(i.HAL_Init) for HAL_Init
    main.o(i.main) refers to main.o(i.SystemClock_Config) for SystemClock_Config
    main.o(i.main) refers to gpio.o(i.MX_GPIO_Init) for MX_GPIO_Init
    main.o(i.main) refers to dma.o(i.MX_DMA_Init) for MX_DMA_Init
    main.o(i.main) refers to adc.o(i.MX_ADC1_Init) for MX_ADC1_Init
    main.o(i.main) refers to adc.o(i.MX_ADC3_Init) for MX_ADC3_Init
    main.o(i.main) refers to can.o(i.MX_CAN1_Init) for MX_CAN1_Init
    main.o(i.main) refers to can.o(i.MX_CAN2_Init) for MX_CAN2_Init
    main.o(i.main) refers to i2c.o(i.MX_I2C1_Init) for MX_I2C1_Init
    main.o(i.main) refers to spi.o(i.MX_SPI1_Init) for MX_SPI1_Init
    main.o(i.main) refers to tim.o(i.MX_TIM4_Init) for MX_TIM4_Init
    main.o(i.main) refers to tim.o(i.MX_TIM5_Init) for MX_TIM5_Init
    main.o(i.main) refers to usart.o(i.MX_USART3_UART_Init) for MX_USART3_UART_Init
    main.o(i.main) refers to tim.o(i.MX_TIM8_Init) for MX_TIM8_Init
    main.o(i.main) refers to crc.o(i.MX_CRC_Init) for MX_CRC_Init
    main.o(i.main) refers to rng.o(i.MX_RNG_Init) for MX_RNG_Init
    main.o(i.main) refers to i2c.o(i.MX_I2C2_Init) for MX_I2C2_Init
    main.o(i.main) refers to i2c.o(i.MX_I2C3_Init) for MX_I2C3_Init
    main.o(i.main) refers to rtc.o(i.MX_RTC_Init) for MX_RTC_Init
    main.o(i.main) refers to spi.o(i.MX_SPI2_Init) for MX_SPI2_Init
    main.o(i.main) refers to tim.o(i.MX_TIM1_Init) for MX_TIM1_Init
[...]
    HAL_PCD_EP_Open                          0x0800291d   Thumb Code    96  stm32f4xx_hal_pcd.o(i.HAL_PCD_EP_Open)
    HAL_PCD_EP_Receive                       0x0800297d   Thumb Code    72  stm32f4xx_hal_pcd.o(i.HAL_PCD_EP_Receive)
    HAL_PCD_EP_SetStall                      0x080029c5   Thumb Code   116  stm32f4xx_hal_pcd.o(i.HAL_PCD_EP_SetStall)
    HAL_PCD_EP_Transmit                      0x08002a39   Thumb Code    64  stm32f4xx_hal_pcd.o(i.HAL_PCD_EP_Transmit)
    HAL_PCD_IRQHandler                       0x08002a79   Thumb Code  1114  stm32f4xx_hal_pcd.o(i.HAL_PCD_IRQHandler)
    HAL_PCD_ISOINIncompleteCallback          0x08002edd   Thumb Code     8  usbd_conf.o(i.HAL_PCD_ISOINIncompleteCallback)
    HAL_PCD_ISOOUTIncompleteCallback         0x08002ee5   Thumb Code     8  usbd_conf.o(i.HAL_PCD_ISOOUTIncompleteCallback)
    HAL_PCD_ResetCallback                    0x08002eed   Thumb Code    44  usbd_conf.o(i.HAL_PCD_ResetCallback)
    HAL_PCD_ResumeCallback                   0x08002f19   Thumb Code     8  usbd_conf.o(i.HAL_PCD_ResumeCallback)
    HAL_PCD_SOFCallback                      0x08002f21   Thumb Code     8  usbd_conf.o(i.HAL_PCD_SOFCallback)
    HAL_PCD_SetAddress                       0x08002f29   Thumb Code    40  stm32f4xx_hal_pcd.o(i.HAL_PCD_SetAddress)
    HAL_PCD_SetupStageCallback               0x08002f51   Thumb Code    14  usbd_conf.o(i.HAL_PCD_SetupStageCallback)
    HAL_PCD_SuspendCallback                  0x08002f61   Thumb Code    44  usbd_conf.o(i.HAL_PCD_SuspendCallback)
    HAL_RCCEx_PeriphCLKConfig                0x08002f91   Thumb Code   296  stm32f4xx_hal_rcc_ex.o(i.HAL_RCCEx_PeriphCLKConfig)
    HAL_RCC_ClockConfig                      0x080030cd   Thumb Code   286  stm32f4xx_hal_rcc.o(i.HAL_RCC_ClockConfig)
    HAL_RCC_GetHCLKFreq                      0x080031fd   Thumb Code     6  stm32f4xx_hal_rcc.o(i.HAL_RCC_GetHCLKFreq)
    HAL_RCC_GetPCLK1Freq                     0x08003209   Thumb Code    20  stm32f4xx_hal_rcc.o(i.HAL_RCC_GetPCLK1Freq)
    HAL_RCC_GetPCLK2Freq                     0x08003229   Thumb Code    20  stm32f4xx_hal_rcc.o(i.HAL_RCC_GetPCLK2Freq)
    HAL_RCC_GetSysClockFreq                  0x08003249   Thumb Code    88  stm32f4xx_hal_rcc.o(i.HAL_RCC_GetSysClockFreq)
    HAL_RCC_OscConfig                        0x080032ad   Thumb Code   770  stm32f4xx_hal_rcc.o(i.HAL_RCC_OscConfig)
    HAL_RNG_Init                             0x080035c9   Thumb Code    50  stm32f4xx_hal_rng.o(i.HAL_RNG_Init)
    HAL_RNG_MspInit                          0x080035fd   Thumb Code    30  rng.o(i.HAL_RNG_MspInit)
    HAL_RTC_Init                             0x08003625   Thumb Code   166  stm32f4xx_hal_rtc.o(i.HAL_RTC_Init)
    HAL_RTC_MspInit                          0x080036d1   Thumb Code    16  rtc.o(i.HAL_RTC_MspInit)
    HAL_RTC_WaitForSynchro                   0x080036e9   Thumb Code    54  stm32f4xx_hal_rtc.o(i.HAL_RTC_WaitForSynchro)
    HAL_SPI_Init                             0x0800371f   Thumb Code   128  stm32f4xx_hal_spi.o(i.HAL_SPI_Init)
    HAL_SPI_MspInit                          0x080037a1   Thumb Code   300  spi.o(i.HAL_SPI_MspInit)
    HAL_SPI_TransmitReceive                  0x080038e9   Thumb Code   482  stm32f4xx_hal_spi.o(i.HAL_SPI_TransmitReceive)
    HAL_SYSTICK_Config                       0x08003acb   Thumb Code    40  stm32f4xx_hal_cortex.o(i.HAL_SYSTICK_Config)
    HAL_TIMEx_ConfigBreakDeadTime            0x08003af3   Thumb Code    84  stm32f4xx_hal_tim_ex.o(i.HAL_TIMEx_ConfigBreakDeadTime)
    HAL_TIMEx_MasterConfigSynchronization    0x08003b47   Thumb Code    66  stm32f4xx_hal_tim_ex.o(i.HAL_TIMEx_MasterConfigSynchronization)
    HAL_TIM_Base_Init                        0x08003b89   Thumb Code    54  stm32f4xx_hal_tim.o(i.HAL_TIM_Base_Init)
    HAL_TIM_Base_MspInit                     0x08003bc1   Thumb Code   142  tim.o(i.HAL_TIM_Base_MspInit)
    HAL_TIM_ConfigClockSource                0x08003c6d   Thumb Code   214  stm32f4xx_hal_tim.o(i.HAL_TIM_ConfigClockSource)
    HAL_TIM_MspPostInit                      0x08003d45   Thumb Code   304  tim.o(i.HAL_TIM_MspPostInit)
    HAL_TIM_PWM_ConfigChannel                0x08003ea9   Thumb Code   208  stm32f4xx_hal_tim.o(i.HAL_TIM_PWM_ConfigChannel)
    HAL_TIM_PWM_Init                         0x08003f79   Thumb Code    54  stm32f4xx_hal_tim.o(i.HAL_TIM_PWM_Init)
    HAL_TIM_PWM_MspInit                      0x08003faf   Thumb Code     2  stm32f4xx_hal_tim.o(i.HAL_TIM_PWM_MspInit)
    HAL_UART_Init                            0x08003fb1   Thumb Code    98  stm32f4xx_hal_uart.o(i.HAL_UART_Init)
    HAL_UART_MspInit                         0x08004015   Thumb Code   508  usart.o(i.HAL_UART_MspInit)
    HardFault_Handler                        0x08004241   Thumb Code     2  stm32f4xx_it.o(i.HardFault_Handler)
    MX_ADC1_Init                             0x080045e9   Thumb Code    88  adc.o(i.MX_ADC1_Init)
    MX_ADC3_Init                             0x0800464d   Thumb Code    88  adc.o(i.MX_ADC3_Init)
    MX_CAN1_Init                             0x080046b1   Thumb Code    60  can.o(i.MX_CAN1_Init)
    MX_CAN2_Init                             0x080046f5   Thumb Code    60  can.o(i.MX_CAN2_Init)
    MX_CRC_Init                              0x08004739   Thumb Code    28  crc.o(i.MX_CRC_Init)
    MX_DMA_Init                              0x0800475d   Thumb Code   152  dma.o(i.MX_DMA_Init)
    MX_FREERTOS_Init                         0x080047f9   Thumb Code    30  freertos.o(i.MX_FREERTOS_Init)
    MX_GPIO_Init                             0x08004821   Thumb Code   430  gpio.o(i.MX_GPIO_Init)
    MX_I2C1_Init                             0x080049ed   Thumb Code    50  i2c.o(i.MX_I2C1_Init)
    MX_I2C2_Init                             0x08004a2d   Thumb Code    50  i2c.o(i.MX_I2C2_Init)
    MX_I2C3_Init                             0x08004a6d   Thumb Code    50  i2c.o(i.MX_I2C3_Init)
    MX_RNG_Init                              0x08004aad   Thumb Code    28  rng.o(i.MX_RNG_Init)
    MX_RTC_Init                              0x08004ad1   Thumb Code    46  rtc.o(i.MX_RTC_Init)
    MX_SPI1_Init                             0x08004b09   Thumb Code    64  spi.o(i.MX_SPI1_Init)
    MX_SPI2_Init                             0x08004b51   Thumb Code    64  spi.o(i.MX_SPI2_Init)
    MX_TIM10_Init                            0x08004b99   Thumb Code    92  tim.o(i.MX_TIM10_Init)
    MX_TIM1_Init                             0x08004bfd   Thumb Code   244  tim.o(i.MX_TIM1_Init)
    MX_TIM3_Init                             0x08004cf9   Thumb Code   142  tim.o(i.MX_TIM3_Init)
    MX_TIM4_Init                             0x08004d91   Thumb Code   144  tim.o(i.MX_TIM4_Init)
    MX_TIM5_Init                             0x08004e29   Thumb Code   174  tim.o(i.MX_TIM5_Init)
    MX_TIM8_Init                             0x08004ee1   Thumb Code   212  tim.o(i.MX_TIM8_Init)
    MX_USART1_UART_Init                      0x08004fbd   Thumb Code    48  usart.o(i.MX_USART1_UART_Init)
    MX_USART3_UART_Init                      0x08004ff5   Thumb Code    50  usart.o(i.MX_USART3_UART_Init)
    MX_USART6_UART_Init                      0x08005035   Thumb Code    48  usart.o(i.MX_USART6_UART_Init)
    MemManage_Handler                        0x0800506d   Thumb Code     2  stm32f4xx_it.o(i.MemManage_Handler)
    NMI_Handler                              0x0800506f   Thumb Code     2  stm32f4xx_it.o(i.NMI_Handler)
    OTG_FS_IRQHandler                        0x08005071   Thumb Code     6  stm32f4xx_it.o(i.OTG_FS_IRQHandler)
    PID_init                                 0x080051fd   Thumb Code    88  pid.o(i.PID_init)
    RTC_EnterInitMode                        0x08005259   Thumb Code    58  stm32f4xx_hal_rtc.o(i.RTC_EnterInitMode)
    SPI1_DMA_enable                          0x08005295   Thumb Code  4706  bsp_spi.o(i.SPI1_DMA_enable)
    SPI1_DMA_init                            0x08006509   Thumb Code   216  bsp_spi.o(i.SPI1_DMA_init)
    SysTick_Handler                          0x080066e5   Thumb Code    24  stm32f4xx_it.o(i.SysTick_Handler)
    SystemClock_Config                       0x080066fd   Thumb Code   144  main.o(i.SystemClock_Config)
    SystemInit                               0x08006799   Thumb Code    66  system_stm32f4xx.o(i.SystemInit)
    TIM_Base_SetConfig                       0x080067ed   Thumb Code   156  stm32f4xx_hal_tim.o(i.TIM_Base_SetConfig)
    TIM_ETR_SetConfig                        0x080068b5   Thumb Code    20  stm32f4xx_hal_tim.o(i.TIM_ETR_SetConfig)
    TIM_OC2_SetConfig                        0x08006939   Thumb Code    98  stm32f4xx_hal_tim.o(i.TIM_OC2_SetConfig)
    Task_init                                0x08006aa3   Thumb Code     2  system_config.o(i.Task_init)
    Task_start                               0x08006aa5   Thumb Code    24  system_config.o(i.Task_start)
    USBD_ClrClassConfig                      0x08006d7d   Thumb Code    14  usbd_core.o(i.USBD_ClrClassConfig)
    USBD_CtlContinueRx                       0x08006d8b   Thumb Code    16  usbd_ioreq.o(i.USBD_CtlContinueRx)
    USBD_CtlContinueSendData                 0x08006d9b   Thumb Code    16  usbd_ioreq.o(i.USBD_CtlContinueSendData)
    USBD_CtlError                            0x08006dab   Thumb Code    22  usbd_ctlreq.o(i.USBD_CtlError)
    USBD_CtlReceiveStatus                    0x08006dc1   Thumb Code    22  usbd_ioreq.o(i.USBD_CtlReceiveStatus)
    USBD_CtlSendData                         0x08006dd7   Thumb Code    26  usbd_ioreq.o(i.USBD_CtlSendData)
    USBD_CtlSendStatus                       0x08006df1   Thumb Code    22  usbd_ioreq.o(i.USBD_CtlSendStatus)
    USBD_Get_USB_Status                      0x08006eef   Thumb Code    24  usbd_conf.o(i.USBD_Get_USB_Status)
    USBD_LL_ClearStallEP                     0x08006f07   Thumb Code    18  usbd_conf.o(i.USBD_LL_ClearStallEP)
    USBD_LL_DataInStage                      0x08006f19   Thumb Code   198  usbd_core.o(i.USBD_LL_DataInStage)
    USBD_LL_DataOutStage                     0x08006fdf   Thumb Code   130  usbd_core.o(i.USBD_LL_DataOutStage)
    USBD_LL_DevConnected                     0x08007061   Thumb Code     4  usbd_core.o(i.USBD_LL_DevConnected)
    USBD_LL_DevDisconnected                  0x08007065   Thumb Code    22  usbd_core.o(i.USBD_LL_DevDisconnected)
    USBD_LL_IsStallEP                        0x0800707b   Thumb Code    32  usbd_conf.o(i.USBD_LL_IsStallEP)
    USBD_LL_IsoINIncomplete                  0x0800709b   Thumb Code     4  usbd_core.o(i.USBD_LL_IsoINIncomplete)
    USBD_LL_IsoOUTIncomplete                 0x0800709f   Thumb Code     4  usbd_core.o(i.USBD_LL_IsoOUTIncomplete)
    USBD_LL_OpenEP                           0x080070a3   Thumb Code    24  usbd_conf.o(i.USBD_LL_OpenEP)
    USBD_LL_PrepareReceive                   0x080070bb   Thumb Code    18  usbd_conf.o(i.USBD_LL_PrepareReceive)
    USBD_LL_Reset                            0x080070cd   Thumb Code    80  usbd_core.o(i.USBD_LL_Reset)
    USBD_LL_Resume                           0x0800711d   Thumb Code    12  usbd_core.o(i.USBD_LL_Resume)
    USBD_LL_SOF                              0x08007129   Thumb Code    24  usbd_core.o(i.USBD_LL_SOF)
    USBD_LL_SetSpeed                         0x08007141   Thumb Code     6  usbd_core.o(i.USBD_LL_SetSpeed)
    USBD_LL_SetUSBAddress                    0x08007147   Thumb Code    18  usbd_conf.o(i.USBD_LL_SetUSBAddress)
    USBD_LL_SetupStage                       0x08007159   Thumb Code    90  usbd_core.o(i.USBD_LL_SetupStage)
    USBD_LL_StallEP                          0x080071b3   Thumb Code    18  usbd_conf.o(i.USBD_LL_StallEP)
    USBD_LL_Suspend                          0x080071c5   Thumb Code    18  usbd_core.o(i.USBD_LL_Suspend)
    USBD_LL_Transmit                         0x080071d7   Thumb Code    18  usbd_conf.o(i.USBD_LL_Transmit)
    USBD_ParseSetupRequest                   0x080071e9   Thumb Code    40  usbd_ctlreq.o(i.USBD_ParseSetupRequest)
    USBD_SetClassConfig                      0x08007211   Thumb Code    22  usbd_core.o(i.USBD_SetClassConfig)
    USBD_StdDevReq                           0x080072ad   Thumb Code   274  usbd_ctlreq.o(i.USBD_StdDevReq)
    USBD_StdEPReq                            0x080073bf   Thumb Code   336  usbd_ctlreq.o(i.USBD_StdEPReq)
    USBD_StdItfReq                           0x0800750f   Thumb Code    78  usbd_ctlreq.o(i.USBD_StdItfReq)
    USB_ActivateEndpoint                     0x0800755d   Thumb Code   122  stm32f4xx_ll_usb.o(i.USB_ActivateEndpoint)
    USB_ActivateSetup                        0x080075dd   Thumb Code    52  stm32f4xx_ll_usb.o(i.USB_ActivateSetup)
    USB_EP0StartXfer                         0x08007611   Thumb Code   276  stm32f4xx_ll_usb.o(i.USB_EP0StartXfer)
    USB_EP0_OutStart                         0x08007729   Thumb Code    84  stm32f4xx_ll_usb.o(i.USB_EP0_OutStart)
    USB_EPClearStall                         0x08007781   Thumb Code    88  stm32f4xx_ll_usb.o(i.USB_EPClearStall)
    USB_EPSetStall                           0x080077d9   Thumb Code    88  stm32f4xx_ll_usb.o(i.USB_EPSetStall)
    USB_EPStartXfer                          0x08007831   Thumb Code   482  stm32f4xx_ll_usb.o(i.USB_EPStartXfer)
    USB_FlushTxFifo                          0x08007a19   Thumb Code    32  stm32f4xx_ll_usb.o(i.USB_FlushTxFifo)
    USB_GetDevSpeed                          0x08007a3d   Thumb Code    26  stm32f4xx_ll_usb.o(i.USB_GetDevSpeed)
    USB_GetMode                              0x08007a57   Thumb Code     8  stm32f4xx_ll_usb.o(i.USB_GetMode)
    USB_ReadDevAllInEpInterrupt              0x08007a5f   Thumb Code    14  stm32f4xx_ll_usb.o(i.USB_ReadDevAllInEpInterrupt)
    USB_ReadDevAllOutEpInterrupt             0x08007a6d   Thumb Code    14  stm32f4xx_ll_usb.o(i.USB_ReadDevAllOutEpInterrupt)
    USB_ReadDevInEPInterrupt                 0x08007a7b   Thumb Code    36  stm32f4xx_ll_usb.o(i.USB_ReadDevInEPInterrupt)
    USB_ReadDevOutEPInterrupt                0x08007a9f   Thumb Code    16  stm32f4xx_ll_usb.o(i.USB_ReadDevOutEPInterrupt)
    USB_ReadInterrupts                       0x08007aaf   Thumb Code     8  stm32f4xx_ll_usb.o(i.USB_ReadInterrupts)
    USB_ReadPacket                           0x08007ab7   Thumb Code    28  stm32f4xx_ll_usb.o(i.USB_ReadPacket)
    USB_SetDevAddress                        0x08007ad3   Thumb Code    34  stm32f4xx_ll_usb.o(i.USB_SetDevAddress)
    USB_SetTurnaroundTime                    0x08007af5   Thumb Code   158  stm32f4xx_ll_usb.o(i.USB_SetTurnaroundTime)
    USB_WritePacket                          0x08007bdd   Thumb Code    36  stm32f4xx_ll_usb.o(i.USB_WritePacket)
    UsageFault_Handler                       0x08007c01   Thumb Code     2  stm32f4xx_it.o(i.UsageFault_Handler)
    INS_task(void*)                          0x08007d15   Thumb Code    22  ins_task.o(i._Z8INS_taskPv)
    INS::INS_Info_Get()                      0x08007d31   Thumb Code   318  ins.o(i._ZN3INS12INS_Info_GetEv)
    INS::imu_cali_slove(float*, float*, float*, BMI088_REAL_DATA*, ist8310_real_data_t*) 0x08007e85   Thumb Code   232  ins.o(i._ZN3INS14imu_cali_sloveEPfS0_S0_P16BMI088_REAL_DATAP19ist8310_real_data_t)
    INS::init()                              0x08007f75   Thumb Code   318  ins.o(i._ZN3INS4initEv)
    __ARM_fpclassifyf                        0x080080cd   Thumb Code    38  fpclassifyf.o(i.__ARM_fpclassifyf)
    __hardfp_asinf                           0x08008115   Thumb Code   258  asinf.o(i.__hardfp_asinf)
    __hardfp_atan2f                          0x08008241   Thumb Code   594  atan2f.o(i.__hardfp_atan2f)
    __hardfp_sqrtf                           0x080084ed   Thumb Code    58  sqrtf_full.o(i.__hardfp_sqrtf)
    __mathlib_flt_infnan                     0x08008527   Thumb Code     6  funder.o(i.__mathlib_flt_infnan)
    __mathlib_flt_infnan2                    0x0800852d   Thumb Code     6  funder.o(i.__mathlib_flt_infnan2)
    __mathlib_flt_invalid                    0x08008535   Thumb Code    10  funder.o(i.__mathlib_flt_invalid)
    __mathlib_flt_underflow                  0x08008545   Thumb Code    10  funder.o(i.__mathlib_flt_underflow)
    bmi088_accel_init                        0x08008a1d   Thumb Code   292  bmi088driver.o(i.bmi088_accel_init)
    bmi088_accel_self_test                   0x08008b45   Thumb Code   698  bmi088driver.o(i.bmi088_accel_self_test)
    bmi088_gyro_init                         0x08008e05   Thumb Code   214  bmi088driver.o(i.bmi088_gyro_init)
    bmi088_gyro_self_test                    0x08008ee1   Thumb Code   202  bmi088driver.o(i.bmi088_gyro_self_test)
    can_filter_init                          0x08008fad   Thumb Code    80  bsp_can.o(i.can_filter_init)
    delay_init                               0x08009005   Thumb Code    26  bsp_delay.o(i.delay_init)
    delay_us                                 0x0800902d   Thumb Code    48  bsp_delay.o(i.delay_us)
    get_angle                                0x08009061   Thumb Code   232  ahrs.o(i.get_angle)
    ist8310_GPIO_init                        0x08009149   Thumb Code     2  ist8310driver_middleware.o(i.ist8310_GPIO_init)
    ist8310_IIC_read_single_reg              0x0800914d   Thumb Code    32  ist8310driver_middleware.o(i.ist8310_IIC_read_single_reg)
    ist8310_IIC_write_single_reg             0x08009171   Thumb Code    30  ist8310driver_middleware.o(i.ist8310_IIC_write_single_reg)
    ist8310_RST_H                            0x08009195   Thumb Code    10  ist8310driver_middleware.o(i.ist8310_RST_H)
    ist8310_RST_L                            0x080091a5   Thumb Code    10  ist8310driver_middleware.o(i.ist8310_RST_L)
    ist8310_com_init                         0x080091b5   Thumb Code     2  ist8310driver_middleware.o(i.ist8310_com_init)
    ist8310_delay_ms                         0x080091b7   Thumb Code     4  ist8310driver_middleware.o(i.ist8310_delay_ms)
    ist8310_init                             0x080091bd   Thumb Code   122  ist8310driver.o(i.ist8310_init)
    main                                     0x0800923d   Thumb Code   122  main.o(i.main)
    osDelay                                  0x080092c3   Thumb Code    14  cmsis_os.o(i.osDelay)
    osKernelStart                            0x080092d1   Thumb Code    10  cmsis_os.o(i.osKernelStart)
    osThreadCreate                           0x080092db   Thumb Code    84  cmsis_os.o(i.osThreadCreate)
    osThreadTerminate                        0x0800932f   Thumb Code    10  cmsis_os.o(i.osThreadTerminate)
    pcTaskGetName                            0x08009339   Thumb Code    28  tasks.o(i.pcTaskGetName)
    pvPortMalloc                             0x08009b09   Thumb Code   210  heap_4.o(i.pvPortMalloc)
    pxPortInitialiseStack                    0x08009be1   Thumb Code    40  port.o(i.pxPortInitialiseStack)
    sqrtf                                    0x08009c91   Thumb Code    62  sqrtf_full.o(i.sqrtf)
    start_task                               0x08009cd1   Thumb Code    20  freertos.o(i.start_task)
    ulTaskNotifyTake                         0x08009ce9   Thumb Code    96  tasks.o(i.ulTaskNotifyTake)
    usart1_tx_dma_init                       0x08009dcd   Thumb Code    60  bsp_usart.o(i.usart1_tx_dma_init)
    uxListRemove                             0x08009e15   Thumb Code    38  list.o(i.uxListRemove)
    vApplicationGetIdleTaskMemory            0x08009e3d   Thumb Code    16  freertos.o(i.vApplicationGetIdleTaskMemory)
    vApplicationGetTimerTaskMemory           0x08009e51   Thumb Code    18  freertos.o(i.vApplicationGetTimerTaskMemory)
    vListInitialise                          0x08009e69   Thumb Code    22  list.o(i.vListInitialise)
    vListInitialiseItem                      0x08009e7f   Thumb Code     6  list.o(i.vListInitialiseItem)
    vListInsert                              0x08009e85   Thumb Code    48  list.o(i.vListInsert)
    vListInsertEnd                           0x08009eb5   Thumb Code    24  list.o(i.vListInsertEnd)
    vPortEnterCritical                       0x08009ecd   Thumb Code    54  port.o(i.vPortEnterCritical)
    vPortExitCritical                        0x08009f0d   Thumb Code    34  port.o(i.vPortExitCritical)
    vPortFree                                0x08009f35   Thumb Code    88  heap_4.o(i.vPortFree)
    vPortSetupTimerInterrupt                 0x08009f91   Thumb Code    32  port.o(i.vPortSetupTimerInterrupt)
    vPortValidateInterruptPriority           0x08009fb5   Thumb Code    74  port.o(i.vPortValidateInterruptPriority)
    vQueueAddToRegistry                      0x0800a009   Thumb Code    34  queue.o(i.vQueueAddToRegistry)
    vQueueWaitForMessageRestricted           0x0800a031   Thumb Code    68  queue.o(i.vQueueWaitForMessageRestricted)
    vTaskDelay                               0x0800a075   Thumb Code    66  tasks.o(i.vTaskDelay)
    vTaskDelete                              0x0800a0c1   Thumb Code   158  tasks.o(i.vTaskDelete)
    vTaskInternalSetTimeOutState             0x0800a16d   Thumb Code    12  tasks.o(i.vTaskInternalSetTimeOutState)
    vTaskMissedYield                         0x0800a17d   Thumb Code     8  tasks.o(i.vTaskMissedYield)
    vTaskNotifyGiveFromISR                   0x0800a189   Thumb Code   174  tasks.o(i.vTaskNotifyGiveFromISR)
    vTaskPlaceOnEventList                    0x0800a241   Thumb Code    44  tasks.o(i.vTaskPlaceOnEventList)
    vTaskPlaceOnEventListRestricted          0x0800a271   Thumb Code    52  tasks.o(i.vTaskPlaceOnEventListRestricted)
    vTaskStartScheduler                      0x0800a2a9   Thumb Code   118  tasks.o(i.vTaskStartScheduler)
    vTaskSuspendAll                          0x0800a331   Thumb Code    10  tasks.o(i.vTaskSuspendAll)
    vTaskSwitchContext                       0x0800a341   Thumb Code    82  tasks.o(i.vTaskSwitchContext)
    xPortStartScheduler                      0x0800a39d   Thumb Code   222  port.o(i.xPortStartScheduler)
    xPortSysTickHandler                      0x0800a491   Thumb Code    38  port.o(i.xPortSysTickHandler)
    xQueueGenericCreateStatic                0x0800a4bd   Thumb Code   102  queue.o(i.xQueueGenericCreateStatic)
    xQueueGenericReset                       0x0800a525   Thumb Code   132  queue.o(i.xQueueGenericReset)
    xQueueGenericSend                        0x0800a5ad   Thumb Code   346  queue.o(i.xQueueGenericSend)
    xQueueGenericSendFromISR                 0x0800a70d   Thumb Code   188  queue.o(i.xQueueGenericSendFromISR)
    xQueueReceive                            0x0800a7c9   Thumb Code   308  queue.o(i.xQueueReceive)
    xTaskCheckForTimeOut                     0x0800a901   Thumb Code   132  tasks.o(i.xTaskCheckForTimeOut)
    xTaskCreate                              0x0800a989   Thumb Code    90  tasks.o(i.xTaskCreate)
    xTaskCreateStatic                        0x0800a9e3   Thumb Code    86  tasks.o(i.xTaskCreateStatic)
    xTaskGetHandle                           0x0800aa39   Thumb Code   124  tasks.o(i.xTaskGetHandle)
    xTaskGetSchedulerState                   0x0800aabd   Thumb Code    22  tasks.o(i.xTaskGetSchedulerState)
    xTaskGetTickCount                        0x0800aad9   Thumb Code     6  tasks.o(i.xTaskGetTickCount)
    xTaskIncrementTick                       0x0800aae5   Thumb Code   192  tasks.o(i.xTaskIncrementTick)
    xTaskPriorityDisinherit                  0x0800abad   Thumb Code   144  tasks.o(i.xTaskPriorityDisinherit)
    xTaskRemoveFromEventList                 0x0800ac45   Thumb Code   108  tasks.o(i.xTaskRemoveFromEventList)
    xTaskResumeAll                           0x0800acb9   Thumb Code   182  tasks.o(i.xTaskResumeAll)
    xTimerCreateTimerTask                    0x0800ad7d   Thumb Code    78  timers.o(i.xTimerCreateTimerTask)
    xTimerGenericCommand                     0x0800addd   Thumb Code    98  timers.o(i.xTimerGenericCommand)
    _fp_init                                 0x0800ae45   Thumb Code    10  fpinit.o(x$fpl$fpinit)
    __fplib_config_fpu_vfp                   0x0800ae4d   Thumb Code     0  fpinit.o(x$fpl$fpinit)
    __fplib_config_pureend_doubles           0x0800ae4d   Thumb Code     0  fpinit.o(x$fpl$fpinit)
    __I$use$fp                               0x0800ae4e   Number         0  usenofp.o(x$fpl$usenofp)
    AHBPrescTable                            0x0800ae74   Data          16  system_stm32f4xx.o(.constdata)
    APBPrescTable                            0x0800ae84   Data           8  system_stm32f4xx.o(.constdata)
    sinTable_f32                             0x0800aec4   Data        2052  arm_common_tables.o(.constdata)
    Region$$Table$$Base                      0x0800b6d0   Number         0  anon$$obj.o(Region$$Table)
    Region$$Table$$Limit                     0x0800b6f0   Number         0  anon$$obj.o(Region$$Table)
    startTaskHandle                          0x20000000   Data           4  freertos.o(.data)
    hcrc                                     0x20000008   Data           8  crc.o(.data)
    uwTickFreq                               0x20000010   Data           1  stm32f4xx_hal.o(.data)
    uwTickPrio                               0x20000014   Data           4  stm32f4xx_hal.o(.data)
    uwTick                                   0x20000018   Data           4  stm32f4xx_hal.o(.data)
    SystemCoreClock                          0x2000001c   Data           4  system_stm32f4xx.o(.data)
    pxCurrentTCB                             0x20000020   Data           4  tasks.o(.data)
    INS_Task_Handle                          0x20000098   Data           4  system_config.o(.data)
    gyro_update_flag                         0x2000009c   Data           1  ins.o(.data)
    accel_update_flag                        0x2000009d   Data           1  ins.o(.data)
    accel_temp_update_flag                   0x2000009e   Data           1  ins.o(.data)
    mag_update_flag                          0x2000009f   Data           1  ins.o(.data)
    imu_start_dma_flag                       0x200000a0   Data           1  ins.o(.data)
    accel_temp_dma_tx_buf                    0x200000a1   Data           4  ins.o(.data)
    INS_task_local_handler                   0x200000ac   Data           4  ins.o(.data)
    accel_temp_dma_rx_buf                    0x200000b0   Data           4  ins.o(.data)
    gyro_dma_tx_buf                          0x200000b4   Data           8  ins.o(.data)
    gyro_dma_rx_buf                          0x200000bc   Data           8  ins.o(.data)
    accel_dma_tx_buf                         0x200000c4   Data           9  ins.o(.data)
    gyro_scale_factor                        0x200000d0   Data          36  ins.o(.data)
    accel_scale_factor                       0x200000f4   Data          36  ins.o(.data)
    mag_scale_factor                         0x20000118   Data          36  ins.o(.data)
    BMI088_ACCEL_SEN                         0x20000144   Data           4  bmi088driver.o(.data)
    BMI088_GYRO_SEN                          0x20000148   Data           4  bmi088driver.o(.data)
    hadc1                                    0x20000828   Data          72  adc.o(.bss)
    hadc3                                    0x20000870   Data          72  adc.o(.bss)
    hcan1                                    0x200008b8   Data          40  can.o(.bss)
    hcan2                                    0x200008e0   Data          40  can.o(.bss)
    hi2c1                                    0x20000908   Data          84  i2c.o(.bss)
    hi2c2                                    0x2000095c   Data          84  i2c.o(.bss)
    hi2c3                                    0x200009b0   Data          84  i2c.o(.bss)
    hdma_i2c2_tx                             0x20000a04   Data          96  i2c.o(.bss)
    hrng                                     0x20000a64   Data          16  rng.o(.bss)
    hrtc                                     0x20000a74   Data          32  rtc.o(.bss)
    hspi1                                    0x20000a94   Data          88  spi.o(.bss)
    hspi2                                    0x20000aec   Data          88  spi.o(.bss)
    hdma_spi1_rx                             0x20000b44   Data          96  spi.o(.bss)
    hdma_spi1_tx                             0x20000ba4   Data          96  spi.o(.bss)
    htim1                                    0x20000c04   Data          64  tim.o(.bss)
    htim3                                    0x20000c44   Data          64  tim.o(.bss)
    htim4                                    0x20000c84   Data          64  tim.o(.bss)
    htim5                                    0x20000cc4   Data          64  tim.o(.bss)
    htim8                                    0x20000d04   Data          64  tim.o(.bss)
    htim10                                   0x20000d44   Data          64  tim.o(.bss)
    huart1                                   0x20000d84   Data          64  usart.o(.bss)
    huart3                                   0x20000dc4   Data          64  usart.o(.bss)
    huart6                                   0x20000e04   Data          64  usart.o(.bss)
    hdma_usart1_tx                           0x20000e44   Data          96  usart.o(.bss)
    hdma_usart3_rx                           0x20000ea4   Data          96  usart.o(.bss)
    hdma_usart6_rx                           0x20000f04   Data          96  usart.o(.bss)
    hdma_usart6_tx                           0x20000f64   Data          96  usart.o(.bss)
    hpcd_USB_OTG_FS                          0x20000fc4   Data        1032  usbd_conf.o(.bss)
    xQueueRegistry                           0x200013cc   Data          64  queue.o(.bss)
    imu                                      0x2000760c   Data         316  ins_task.o(.bss)
    accel_dma_rx_buf                         0x20007748   Data           9  ins.o(.bss)
    gyro_offset                              0x20007754   Data          12  ins.o(.bss)
    accel_offset                             0x20007760   Data          12  ins.o(.bss)
    mag_offset                               0x2000776c   Data          12  ins.o(.bss)
    temp                                     0x20007778   Data          16  ins.o(.bss)
    __libspace_start                         0x20007788   Data          96  libspace.o(.bss)
    __temporary_stack_top$libspace           0x200077e8   Data           0  libspace.o(.bss)



==============================================================================

Memory Map of the image

  Image Entry point : 0x08000189

  Load Region LR_IROM1 (Base: 0x08000000, Size: 0x0000b870, Max: 0x00100000, ABSOLUTE, COMPRESSED[0x0000b758])

    Execution Region ER_IROM1 (Exec base: 0x08000000, Load base: 0x08000000, Size: 0x0000b6f0, Max: 0x00100000, ABSOLUTE)

    Exec Addr    Load Addr    Size         Type   Attr      Idx    E Section Name        Object

    0x08000000   0x08000000   0x00000188   Data   RO            3    RESET               startup_stm32f407xx.o
    0x08000188   0x08000188   0x00000008   Code   RO        10455  * !!!main             c_w.l(__main.o)
    0x08000190   0x08000190   0x00000034   Code   RO        10779    !!!scatter          c_w.l(__scatter.o)
    0x080001c4   0x080001c4   0x0000005a   Code   RO        10777    !!dczerorl2         c_w.l(__dczerorl2.o)
    0x0800021e   0x0800021e   0x00000002   PAD
    0x08000220   0x08000220   0x0000001c   Code   RO        10781    !!handler_zi        c_w.l(__scatter_zi.o)
    0x0800023c   0x0800023c   0x00000002   Code   RO        10708    .ARM.Collect$$libinit$$00000000  c_w.l(libinit.o)
    0x0800023e   0x0800023e   0x00000004   Code   RO        10555    .ARM.Collect$$libinit$$00000001  c_w.l(libinit2.o)
    0x08000242   0x08000242   0x00000000   Code   RO        10558    .ARM.Collect$$libinit$$00000004  c_w.l(libinit2.o)
    0x08000242   0x08000242   0x00000000   Code   RO        10561    .ARM.Collect$$libinit$$0000000A  c_w.l(libinit2.o)
    0x08000242   0x08000242   0x00000000   Code   RO        10563    .ARM.Collect$$libinit$$0000000C  c_w.l(libinit2.o)
    0x08000242   0x08000242   0x00000000   Code   RO        10565    .ARM.Collect$$libinit$$0000000E  c_w.l(libinit2.o)
    0x08000242   0x08000242   0x00000000   Code   RO        10568    .ARM.Collect$$libinit$$00000011  c_w.l(libinit2.o)
    0x08000242   0x08000242   0x00000000   Code   RO        10570    .ARM.Collect$$libinit$$00000013  c_w.l(libinit2.o)
    0x08000242   0x08000242   0x00000000   Code   RO        10572    .ARM.Collect$$libinit$$00000015  c_w.l(libinit2.o)
    0x08000242   0x08000242   0x00000000   Code   RO        10574    .ARM.Collect$$libinit$$00000017  c_w.l(libinit2.o)
    0x08000242   0x08000242   0x00000000   Code   RO        10576    .ARM.Collect$$libinit$$00000019  c_w.l(libinit2.o)
    0x08000242   0x08000242   0x00000000   Code   RO        10578    .ARM.Collect$$libinit$$0000001B  c_w.l(libinit2.o)
    0x08000242   0x08000242   0x00000000   Code   RO        10580    .ARM.Collect$$libinit$$0000001D  c_w.l(libinit2.o)
    0x08000242   0x08000242   0x00000000   Code   RO        10582    .ARM.Collect$$libinit$$0000001F  c_w.l(libinit2.o)
    0x08000242   0x08000242   0x00000000   Code   RO        10584    .ARM.Collect$$libinit$$00000021  c_w.l(libinit2.o)
    0x08000242   0x08000242   0x00000000   Code   RO        10586    .ARM.Collect$$libinit$$00000023  c_w.l(libinit2.o)
    0x08000242   0x08000242   0x00000000   Code   RO        10588    .ARM.Collect$$libinit$$00000025  c_w.l(libinit2.o)
    0x08000242   0x08000242   0x00000000   Code   RO        10592    .ARM.Collect$$libinit$$0000002C  c_w.l(libinit2.o)
    0x08000242   0x08000242   0x00000000   Code   RO        10594    .ARM.Collect$$libinit$$0000002E  c_w.l(libinit2.o)
    0x08000242   0x08000242   0x00000000   Code   RO        10596    .ARM.Collect$$libinit$$00000030  c_w.l(libinit2.o)
    0x08000242   0x08000242   0x00000000   Code   RO        10598    .ARM.Collect$$libinit$$00000032  c_w.l(libinit2.o)
    0x08000242   0x08000242   0x00000002   Code   RO        10599    .ARM.Collect$$libinit$$00000033  c_w.l(libinit2.o)
    0x08000244   0x08000244   0x00000002   Code   RO        10774    .ARM.Collect$$libshutdown$$00000000  c_w.l(libshutdown.o)
    0x08000246   0x08000246   0x00000000   Code   RO        10728    .ARM.Collect$$libshutdown$$00000002  c_w.l(libshutdown2.o)
    0x08000246   0x08000246   0x00000000   Code   RO        10730    .ARM.Collect$$libshutdown$$00000004  c_w.l(libshutdown2.o)
    0x08000246   0x08000246   0x00000000   Code   RO        10732    .ARM.Collect$$libshutdown$$00000006  c_w.l(libshutdown2.o)
    0x08000246   0x08000246   0x00000000   Code   RO        10735    .ARM.Collect$$libshutdown$$00000009  c_w.l(libshutdown2.o)
    0x08000246   0x08000246   0x00000000   Code   RO        10738    .ARM.Collect$$libshutdown$$0000000C  c_w.l(libshutdown2.o)
    0x08000246   0x08000246   0x00000000   Code   RO        10740    .ARM.Collect$$libshutdown$$0000000E  c_w.l(libshutdown2.o)
    0x08000246   0x08000246   0x00000000   Code   RO        10743    .ARM.Collect$$libshutdown$$00000011  c_w.l(libshutdown2.o)
    0x08000246   0x08000246   0x00000002   Code   RO        10744    .ARM.Collect$$libshutdown$$00000012  c_w.l(libshutdown2.o)
    0x08000248   0x08000248   0x00000000   Code   RO        10519    .ARM.Collect$$rtentry$$00000000  c_w.l(__rtentry.o)
    0x08000248   0x08000248   0x00000000   Code   RO        10628    .ARM.Collect$$rtentry$$00000002  c_w.l(__rtentry2.o)
    0x08000248   0x08000248   0x00000006   Code   RO        10640    .ARM.Collect$$rtentry$$00000004  c_w.l(__rtentry4.o)
    0x0800024e   0x0800024e   0x00000000   Code   RO        10630    .ARM.Collect$$rtentry$$00000009  c_w.l(__rtentry2.o)
    0x0800024e   0x0800024e   0x00000004   Code   RO        10631    .ARM.Collect$$rtentry$$0000000A  c_w.l(__rtentry2.o)
    0x08000252   0x08000252   0x00000000   Code   RO        10633    .ARM.Collect$$rtentry$$0000000C  c_w.l(__rtentry2.o)
    0x08000252   0x08000252   0x00000008   Code   RO        10634    .ARM.Collect$$rtentry$$0000000D  c_w.l(__rtentry2.o)
    0x0800025a   0x0800025a   0x00000002   Code   RO        10715    .ARM.Collect$$rtexit$$00000000  c_w.l(rtexit.o)
    0x0800025c   0x0800025c   0x00000000   Code   RO        10750    .ARM.Collect$$rtexit$$00000002  c_w.l(rtexit2.o)
    0x0800025c   0x0800025c   0x00000004   Code   RO        10751    .ARM.Collect$$rtexit$$00000003  c_w.l(rtexit2.o)
    0x08000260   0x08000260   0x00000006   Code   RO        10752    .ARM.Collect$$rtexit$$00000004  c_w.l(rtexit2.o)
    0x08000266   0x08000266   0x00000002   PAD
    0x08000268   0x08000268   0x000000be   Code   RO         7559    .emb_text           port.o
    0x08000326   0x08000326   0x00000002   PAD
    0x08000328   0x08000328   0x00000040   Code   RO            4    .text               startup_stm32f407xx.o
    0x08000368   0x08000368   0x00000078   Code   RO        10219    .text               arm_cortexM4lf_math.lib(arm_cos_f32.o)
    0x080003e0   0x080003e0   0x00000074   Code   RO        10272    .text               arm_cortexM4lf_math.lib(arm_sin_f32.o)
    0x08000454   0x08000454   0x000000ee   Code   RO        10439    .text               c_w.l(lludivv7m.o)
    0x08000542   0x08000542   0x0000003e   Code   RO        10441    .text               c_w.l(strlen.o)
    0x08000580   0x08000580   0x0000008a   Code   RO        10443    .text               c_w.l(rt_memcpy_v6.o)
    0x0800060a   0x0800060a   0x00000064   Code   RO        10445    .text               c_w.l(rt_memcpy_w.o)
    0x0800066e   0x0800066e   0x00000010   Code   RO        10449    .text               c_w.l(aeabi_memset.o)
    0x0800067e   0x0800067e   0x0000004e   Code   RO        10451    .text               c_w.l(rt_memclr_w.o)
    0x080006cc   0x080006cc   0x00000006   Code   RO        10453    .text               c_w.l(heapauxi.o)
    0x080006d2   0x080006d2   0x00000016   Code   RO        10549    .text               c_w.l(_rserrno.o)
    0x080006e8   0x080006e8   0x00000044   Code   RO        10551    .text               c_w.l(rt_memclr.o)
    0x0800072c   0x0800072c   0x00000008   Code   RO        10624    .text               c_w.l(libspace.o)
    0x08000734   0x08000734   0x00000008   Code   RO        10647    .text               c_w.l(rt_errno_addr_intlibspace.o)
    0x0800073c   0x0800073c   0x00000002   Code   RO        10678    .text               c_w.l(use_no_semi.o)
    0x0800073e   0x0800073e   0x00000000   Code   RO        10680    .text               c_w.l(indicate_semi.o)
    0x0800073e   0x0800073e   0x0000004a   Code   RO        10681    .text               c_w.l(sys_stackheap_outer.o)
    0x08000788   0x08000788   0x00000012   Code   RO        10689    .text               c_w.l(exit.o)
    0x0800079a   0x0800079a   0x00000002   PAD
    0x0800079c   0x0800079c   0x0000000c   Code   RO        10713    .text               c_w.l(sys_exit.o)
    0x080007a8   0x080007a8   0x00000128   Code   RO         3093    i.ADC_Init          stm32f4xx_hal_adc.o
    0x080008d0   0x080008d0   0x00000004   Code   RO         9136    i.AHRS_asinf        ahrs_middleware.o
    0x080008d4   0x080008d4   0x00000004   Code   RO         9137    i.AHRS_atan2f       ahrs_middleware.o
    0x080008d8   0x080008d8   0x00000004   Code   RO         9138    i.AHRS_cosf         ahrs_middleware.o
    0x080008dc   0x080008dc   0x0000001a   Code   RO        10129    i.AHRS_fabs         AHRS.lib(ahrs.o)
    0x080008f6   0x080008f6   0x00000002   PAD
    0x080008f8   0x080008f8   0x00000014   Code   RO         9139    i.AHRS_get_height   ahrs_middleware.o
    0x0800090c   0x0800090c   0x0000000e   Code   RO         9140    i.AHRS_get_latitude  ahrs_middleware.o
    0x0800091a   0x0800091a   0x00000002   PAD
    0x0800091c   0x0800091c   0x0000029c   Code   RO        10130    i.AHRS_init         AHRS.lib(ahrs.o)
    0x08000bb8   0x08000bb8   0x00000014   Code   RO         9141    i.AHRS_invSqrt      ahrs_middleware.o
    0x08000bcc   0x08000bcc   0x00000004   Code   RO         9142    i.AHRS_sinf         ahrs_middleware.o
    0x08000bd0   0x08000bd0   0x0000013a   Code   RO        10131    i.AHRS_update       AHRS.lib(ahrs.o)
    0x08000d0a   0x08000d0a   0x00000002   PAD
    0x08000d0c   0x08000d0c   0x00000010   Code   RO         9589    i.BMI088_ACCEL_NS_H  bmi088middleware.o
    0x08000d1c   0x08000d1c   0x00000010   Code   RO         9590    i.BMI088_ACCEL_NS_L  bmi088middleware.o
    0x08000d2c   0x08000d2c   0x00000002   Code   RO         9591    i.BMI088_GPIO_init  bmi088middleware.o
    0x08000d2e   0x08000d2e   0x00000002   PAD
    0x08000d30   0x08000d30   0x00000010   Code   RO         9592    i.BMI088_GYRO_NS_H  bmi088middleware.o
    0x08000d40   0x08000d40   0x00000010   Code   RO         9593    i.BMI088_GYRO_NS_L  bmi088middleware.o
    0x08000d50   0x08000d50   0x00000088   Code   RO         9453    i.BMI088_accel_read_over  bmi088driver.o
    0x08000dd8   0x08000dd8   0x00000002   Code   RO         9594    i.BMI088_com_init   bmi088middleware.o
    0x08000dda   0x08000dda   0x00000004   Code   RO         9595    i.BMI088_delay_ms   bmi088middleware.o
    0x08000dde   0x08000dde   0x00000004   Code   RO         9596    i.BMI088_delay_us   bmi088middleware.o
    0x08000de2   0x08000de2   0x00000002   PAD
    0x08000de4   0x08000de4   0x00000060   Code   RO         9454    i.BMI088_gyro_read_over  bmi088driver.o
    0x08000e44   0x08000e44   0x0000002e   Code   RO         9455    i.BMI088_init       bmi088driver.o
    0x08000e72   0x08000e72   0x00000002   PAD
    0x08000e74   0x08000e74   0x00000158   Code   RO         9456    i.BMI088_read       bmi088driver.o
    0x08000fcc   0x08000fcc   0x00000024   Code   RO         9459    i.BMI088_read_muli_reg  bmi088driver.o
    0x08000ff0   0x08000ff0   0x00000016   Code   RO         9460    i.BMI088_read_single_reg  bmi088driver.o
    0x08001006   0x08001006   0x00000002   PAD
    0x08001008   0x08001008   0x00000020   Code   RO         9597    i.BMI088_read_write_byte  bmi088middleware.o
    0x08001028   0x08001028   0x0000002e   Code   RO         9461    i.BMI088_temperature_read_over  bmi088driver.o
    0x08001056   0x08001056   0x00000012   Code   RO         9462    i.BMI088_write_single_reg  bmi088driver.o
    0x08001068   0x08001068   0x00000002   Code   RO         1251    i.BusFault_Handler  stm32f4xx_it.o
    0x0800106a   0x0800106a   0x00000002   PAD
    0x0800106c   0x0800106c   0x0000000c   Code   RO         1252    i.CAN1_RX0_IRQHandler  stm32f4xx_it.o
    0x08001078   0x08001078   0x0000000c   Code   RO         1253    i.CAN2_RX0_IRQHandler  stm32f4xx_it.o
    0x08001084   0x08001084   0x00000058   Code   RO         8792    i.DMA1_Stream7_IRQHandler  bsp_i2c.o
    0x080010dc   0x080010dc   0x0000000c   Code   RO         1254    i.DMA2_Stream1_IRQHandler  stm32f4xx_it.o
    0x080010e8   0x080010e8   0x000002d4   Code   RO         8297    i.DMA2_Stream2_IRQHandler  ins.o
    0x080013bc   0x080013bc   0x0000000c   Code   RO         1255    i.DMA2_Stream6_IRQHandler  stm32f4xx_it.o
    0x080013c8   0x080013c8   0x0000000c   Code   RO         1256    i.DMA2_Stream7_IRQHandler  stm32f4xx_it.o
    0x080013d4   0x080013d4   0x00000028   Code   RO         2420    i.DMA_CalcBaseAndBitshift  stm32f4xx_hal_dma.o
    0x080013fc   0x080013fc   0x00000054   Code   RO         2421    i.DMA_CheckFifoParam  stm32f4xx_hal_dma.o
    0x08001450   0x08001450   0x00000002   Code   RO         1257    i.DebugMon_Handler  stm32f4xx_it.o
    0x08001452   0x08001452   0x00000006   Code   RO         1258    i.EXTI0_IRQHandler  stm32f4xx_it.o
    0x08001458   0x08001458   0x00000006   Code   RO         1259    i.EXTI3_IRQHandler  stm32f4xx_it.o
    0x0800145e   0x0800145e   0x00000006   Code   RO         1260    i.EXTI4_IRQHandler  stm32f4xx_it.o
    0x08001464   0x08001464   0x00000006   Code   RO         1261    i.EXTI9_5_IRQHandler  stm32f4xx_it.o
    0x0800146a   0x0800146a   0x00000002   Code   RO           13    i.Error_Handler     main.o
    0x0800146c   0x0800146c   0x0000014c   Code   RO         3095    i.HAL_ADC_ConfigChannel  stm32f4xx_hal_adc.o
    0x080015b8   0x080015b8   0x00000054   Code   RO         3104    i.HAL_ADC_Init      stm32f4xx_hal_adc.o
    0x0800160c   0x0800160c   0x0000007c   Code   RO          390    i.HAL_ADC_MspInit   adc.o
    0x08001688   0x08001688   0x00000024   Code   RO         3366    i.HAL_CAN_ActivateNotification  stm32f4xx_hal_can.o
    0x080016ac   0x080016ac   0x0000010c   Code   RO         3368    i.HAL_CAN_ConfigFilter  stm32f4xx_hal_can.o
    0x080017b8   0x080017b8   0x00000002   Code   RO         3371    i.HAL_CAN_ErrorCallback  stm32f4xx_hal_can.o
    0x080017ba   0x080017ba   0x000001fc   Code   RO         3378    i.HAL_CAN_IRQHandler  stm32f4xx_hal_can.o
    0x080019b6   0x080019b6   0x0000011a   Code   RO         3379    i.HAL_CAN_Init      stm32f4xx_hal_can.o
    0x08001ad0   0x08001ad0   0x000000fc   Code   RO          438    i.HAL_CAN_MspInit   can.o
    0x08001bcc   0x08001bcc   0x00000002   Code   RO         3386    i.HAL_CAN_RxFifo0FullCallback  stm32f4xx_hal_can.o
    0x08001bce   0x08001bce   0x00000002   Code   RO         3387    i.HAL_CAN_RxFifo0MsgPendingCallback  stm32f4xx_hal_can.o
    0x08001bd0   0x08001bd0   0x00000002   Code   RO         3388    i.HAL_CAN_RxFifo1FullCallback  stm32f4xx_hal_can.o
    0x08001bd2   0x08001bd2   0x00000002   Code   RO         3389    i.HAL_CAN_RxFifo1MsgPendingCallback  stm32f4xx_hal_can.o
    0x08001bd4   0x08001bd4   0x00000002   Code   RO         3390    i.HAL_CAN_SleepCallback  stm32f4xx_hal_can.o
    0x08001bd6   0x08001bd6   0x00000002   PAD
    0x08001bd8   0x08001bd8   0x00000058   Code   RO         3391    i.HAL_CAN_Start     stm32f4xx_hal_can.o
    0x08001c30   0x08001c30   0x00000002   Code   RO         3393    i.HAL_CAN_TxMailbox0AbortCallback  stm32f4xx_hal_can.o
    0x08001c32   0x08001c32   0x00000002   Code   RO         3394    i.HAL_CAN_TxMailbox0CompleteCallback  stm32f4xx_hal_can.o
    0x08001c34   0x08001c34   0x00000002   Code   RO         3395    i.HAL_CAN_TxMailbox1AbortCallback  stm32f4xx_hal_can.o
    0x08001c36   0x08001c36   0x00000002   Code   RO         3396    i.HAL_CAN_TxMailbox1CompleteCallback  stm32f4xx_hal_can.o
    0x08001c38   0x08001c38   0x00000002   Code   RO         3397    i.HAL_CAN_TxMailbox2AbortCallback  stm32f4xx_hal_can.o
    0x08001c3a   0x08001c3a   0x00000002   Code   RO         3398    i.HAL_CAN_TxMailbox2CompleteCallback  stm32f4xx_hal_can.o
    0x08001c3c   0x08001c3c   0x00000002   Code   RO         3400    i.HAL_CAN_WakeUpFromRxMsgCallback  stm32f4xx_hal_can.o
    0x08001c3e   0x08001c3e   0x00000026   Code   RO         3603    i.HAL_CRC_Init      stm32f4xx_hal_crc.o
    0x08001c64   0x08001c64   0x00000028   Code   RO          487    i.HAL_CRC_MspInit   crc.o
    0x08001c8c   0x08001c8c   0x000001a0   Code   RO         2428    i.HAL_DMA_IRQHandler  stm32f4xx_hal_dma.o
    0x08001e2c   0x08001e2c   0x000000d4   Code   RO         2429    i.HAL_DMA_Init      stm32f4xx_hal_dma.o
    0x08001f00   0x08001f00   0x00000078   Code   RO         8298    i.HAL_GPIO_EXTI_Callback  ins.o
    0x08001f78   0x08001f78   0x00000018   Code   RO         2315    i.HAL_GPIO_EXTI_IRQHandler  stm32f4xx_hal_gpio.o
    0x08001f90   0x08001f90   0x000001b0   Code   RO         2316    i.HAL_GPIO_Init     stm32f4xx_hal_gpio.o
    0x08002140   0x08002140   0x0000000a   Code   RO         2320    i.HAL_GPIO_WritePin  stm32f4xx_hal_gpio.o
    0x0800214a   0x0800214a   0x00000002   PAD
    0x0800214c   0x0800214c   0x0000000c   Code   RO         2848    i.HAL_GetTick       stm32f4xx_hal.o
    0x08002158   0x08002158   0x00000174   Code   RO         3670    i.HAL_I2C_Init      stm32f4xx_hal_i2c.o
    0x080022cc   0x080022cc   0x000001f8   Code   RO         3688    i.HAL_I2C_Mem_Read  stm32f4xx_hal_i2c.o
    0x080024c4   0x080024c4   0x00000130   Code   RO         3691    i.HAL_I2C_Mem_Write  stm32f4xx_hal_i2c.o
    0x080025f4   0x080025f4   0x00000158   Code   RO          553    i.HAL_I2C_MspInit   i2c.o
    0x0800274c   0x0800274c   0x00000010   Code   RO         2854    i.HAL_IncTick       stm32f4xx_hal.o
    0x0800275c   0x0800275c   0x00000034   Code   RO         2855    i.HAL_Init          stm32f4xx_hal.o
    0x08002790   0x08002790   0x00000040   Code   RO         2856    i.HAL_InitTick      stm32f4xx_hal.o
    0x080027d0   0x080027d0   0x00000038   Code   RO         1375    i.HAL_MspInit       stm32f4xx_hal_msp.o
    0x08002808   0x08002808   0x0000001a   Code   RO         2705    i.HAL_NVIC_EnableIRQ  stm32f4xx_hal_cortex.o
    0x08002822   0x08002822   0x00000002   PAD
    0x08002824   0x08002824   0x00000040   Code   RO         2711    i.HAL_NVIC_SetPriority  stm32f4xx_hal_cortex.o
    0x08002864   0x08002864   0x00000024   Code   RO         2712    i.HAL_NVIC_SetPriorityGrouping  stm32f4xx_hal_cortex.o
    0x08002888   0x08002888   0x00000002   Code   RO         1620    i.HAL_PCDEx_LPM_Callback  stm32f4xx_hal_pcd_ex.o
    0x0800288a   0x0800288a   0x00000008   Code   RO          918    i.HAL_PCD_ConnectCallback  usbd_conf.o
    0x08002892   0x08002892   0x00000012   Code   RO          919    i.HAL_PCD_DataInStageCallback  usbd_conf.o
    0x080028a4   0x080028a4   0x00000014   Code   RO          920    i.HAL_PCD_DataOutStageCallback  usbd_conf.o
    0x080028b8   0x080028b8   0x00000008   Code   RO          921    i.HAL_PCD_DisconnectCallback  usbd_conf.o
    0x080028c0   0x080028c0   0x0000005c   Code   RO         1409    i.HAL_PCD_EP_ClrStall  stm32f4xx_hal_pcd.o
    0x0800291c   0x0800291c   0x00000060   Code   RO         1412    i.HAL_PCD_EP_Open   stm32f4xx_hal_pcd.o
    0x0800297c   0x0800297c   0x00000048   Code   RO         1413    i.HAL_PCD_EP_Receive  stm32f4xx_hal_pcd.o
    0x080029c4   0x080029c4   0x00000074   Code   RO         1414    i.HAL_PCD_EP_SetStall  stm32f4xx_hal_pcd.o
    0x08002a38   0x08002a38   0x00000040   Code   RO         1415    i.HAL_PCD_EP_Transmit  stm32f4xx_hal_pcd.o
    0x08002a78   0x08002a78   0x00000464   Code   RO         1417    i.HAL_PCD_IRQHandler  stm32f4xx_hal_pcd.o
    0x08002edc   0x08002edc   0x00000008   Code   RO          922    i.HAL_PCD_ISOINIncompleteCallback  usbd_conf.o
    0x08002ee4   0x08002ee4   0x00000008   Code   RO          923    i.HAL_PCD_ISOOUTIncompleteCallback  usbd_conf.o
    0x08002eec   0x08002eec   0x0000002c   Code   RO          926    i.HAL_PCD_ResetCallback  usbd_conf.o
    0x08002f18   0x08002f18   0x00000008   Code   RO          927    i.HAL_PCD_ResumeCallback  usbd_conf.o
    0x08002f20   0x08002f20   0x00000008   Code   RO          928    i.HAL_PCD_SOFCallback  usbd_conf.o
    0x08002f28   0x08002f28   0x00000028   Code   RO         1426    i.HAL_PCD_SetAddress  stm32f4xx_hal_pcd.o
    0x08002f50   0x08002f50   0x0000000e   Code   RO          929    i.HAL_PCD_SetupStageCallback  usbd_conf.o
    0x08002f5e   0x08002f5e   0x00000002   PAD
    0x08002f60   0x08002f60   0x00000030   Code   RO          930    i.HAL_PCD_SuspendCallback  usbd_conf.o
    0x08002f90   0x08002f90   0x0000013c   Code   RO         2067    i.HAL_RCCEx_PeriphCLKConfig  stm32f4xx_hal_rcc_ex.o
    0x080030cc   0x080030cc   0x00000130   Code   RO         1962    i.HAL_RCC_ClockConfig  stm32f4xx_hal_rcc.o
    0x080031fc   0x080031fc   0x0000000c   Code   RO         1967    i.HAL_RCC_GetHCLKFreq  stm32f4xx_hal_rcc.o
    0x08003208   0x08003208   0x00000020   Code   RO         1969    i.HAL_RCC_GetPCLK1Freq  stm32f4xx_hal_rcc.o
    0x08003228   0x08003228   0x00000020   Code   RO         1970    i.HAL_RCC_GetPCLK2Freq  stm32f4xx_hal_rcc.o
    0x08003248   0x08003248   0x00000064   Code   RO         1971    i.HAL_RCC_GetSysClockFreq  stm32f4xx_hal_rcc.o
    0x080032ac   0x080032ac   0x0000031c   Code   RO         1974    i.HAL_RCC_OscConfig  stm32f4xx_hal_rcc.o
    0x080035c8   0x080035c8   0x00000032   Code   RO         4108    i.HAL_RNG_Init      stm32f4xx_hal_rng.o
    0x080035fa   0x080035fa   0x00000002   PAD
    0x080035fc   0x080035fc   0x00000028   Code   RO          607    i.HAL_RNG_MspInit   rng.o
    0x08003624   0x08003624   0x000000ac   Code   RO         4209    i.HAL_RTC_Init      stm32f4xx_hal_rtc.o
    0x080036d0   0x080036d0   0x00000018   Code   RO          649    i.HAL_RTC_MspInit   rtc.o
    0x080036e8   0x080036e8   0x00000036   Code   RO         4217    i.HAL_RTC_WaitForSynchro  stm32f4xx_hal_rtc.o
    0x0800371e   0x0800371e   0x00000080   Code   RO         4577    i.HAL_SPI_Init      stm32f4xx_hal_spi.o
    0x0800379e   0x0800379e   0x00000002   PAD
    0x080037a0   0x080037a0   0x00000148   Code   RO          691    i.HAL_SPI_MspInit   spi.o
    0x080038e8   0x080038e8   0x000001e2   Code   RO         4586    i.HAL_SPI_TransmitReceive  stm32f4xx_hal_spi.o
    0x08003aca   0x08003aca   0x00000028   Code   RO         2716    i.HAL_SYSTICK_Config  stm32f4xx_hal_cortex.o
    0x08003af2   0x08003af2   0x00000054   Code   RO         5568    i.HAL_TIMEx_ConfigBreakDeadTime  stm32f4xx_hal_tim_ex.o
    0x08003b46   0x08003b46   0x00000042   Code   RO         5583    i.HAL_TIMEx_MasterConfigSynchronization  stm32f4xx_hal_tim_ex.o
    0x08003b88   0x08003b88   0x00000036   Code   RO         4890    i.HAL_TIM_Base_Init  stm32f4xx_hal_tim.o
    0x08003bbe   0x08003bbe   0x00000002   PAD
    0x08003bc0   0x08003bc0   0x000000ac   Code   RO          739    i.HAL_TIM_Base_MspInit  tim.o
    0x08003c6c   0x08003c6c   0x000000d6   Code   RO         4899    i.HAL_TIM_ConfigClockSource  stm32f4xx_hal_tim.o
    0x08003d42   0x08003d42   0x00000002   PAD
    0x08003d44   0x08003d44   0x00000164   Code   RO          740    i.HAL_TIM_MspPostInit  tim.o
    0x08003ea8   0x08003ea8   0x000000d0   Code   RO         4957    i.HAL_TIM_PWM_ConfigChannel  stm32f4xx_hal_tim.o
    0x08003f78   0x08003f78   0x00000036   Code   RO         4960    i.HAL_TIM_PWM_Init  stm32f4xx_hal_tim.o
    0x08003fae   0x08003fae   0x00000002   Code   RO         4962    i.HAL_TIM_PWM_MspInit  stm32f4xx_hal_tim.o
    0x08003fb0   0x08003fb0   0x00000062   Code   RO         5841    i.HAL_UART_Init     stm32f4xx_hal_uart.o
    0x08004012   0x08004012   0x00000002   PAD
    0x08004014   0x08004014   0x0000022c   Code   RO          817    i.HAL_UART_MspInit  usart.o
    0x08004240   0x08004240   0x00000002   Code   RO         1262    i.HardFault_Handler  stm32f4xx_it.o
    0x08004242   0x08004242   0x0000002e   Code   RO         3712    i.I2C_IsAcknowledgeFailed  stm32f4xx_hal_i2c.o
    0x08004270   0x08004270   0x000000e6   Code   RO         3721    i.I2C_RequestMemoryRead  stm32f4xx_hal_i2c.o
    0x08004356   0x08004356   0x00000002   PAD
    0x08004358   0x08004358   0x00000094   Code   RO         3722    i.I2C_RequestMemoryWrite  stm32f4xx_hal_i2c.o
    0x080043ec   0x080043ec   0x0000004c   Code   RO         3725    i.I2C_WaitOnBTFFlagUntilTimeout  stm32f4xx_hal_i2c.o
    0x08004438   0x08004438   0x00000068   Code   RO         3726    i.I2C_WaitOnFlagUntilTimeout  stm32f4xx_hal_i2c.o
    0x080044a0   0x080044a0   0x00000096   Code   RO         3727    i.I2C_WaitOnMasterAddressFlagUntilTimeout  stm32f4xx_hal_i2c.o
    0x08004536   0x08004536   0x00000066   Code   RO         3728    i.I2C_WaitOnRXNEFlagUntilTimeout  stm32f4xx_hal_i2c.o
    0x0800459c   0x0800459c   0x0000004c   Code   RO         3729    i.I2C_WaitOnTXEFlagUntilTimeout  stm32f4xx_hal_i2c.o
    0x080045e8   0x080045e8   0x00000064   Code   RO          391    i.MX_ADC1_Init      adc.o
    0x0800464c   0x0800464c   0x00000064   Code   RO          392    i.MX_ADC3_Init      adc.o
    0x080046b0   0x080046b0   0x00000044   Code   RO          439    i.MX_CAN1_Init      can.o
    0x080046f4   0x080046f4   0x00000044   Code   RO          440    i.MX_CAN2_Init      can.o
    0x08004738   0x08004738   0x00000024   Code   RO          488    i.MX_CRC_Init       crc.o
    0x0800475c   0x0800475c   0x0000009c   Code   RO          528    i.MX_DMA_Init       dma.o
    0x080047f8   0x080047f8   0x00000028   Code   RO          323    i.MX_FREERTOS_Init  freertos.o
    0x08004820   0x08004820   0x000001cc   Code   RO          299    i.MX_GPIO_Init      gpio.o
    0x080049ec   0x080049ec   0x00000040   Code   RO          554    i.MX_I2C1_Init      i2c.o
    0x08004a2c   0x08004a2c   0x00000040   Code   RO          555    i.MX_I2C2_Init      i2c.o
    0x08004a6c   0x08004a6c   0x00000040   Code   RO          556    i.MX_I2C3_Init      i2c.o
    0x08004aac   0x08004aac   0x00000024   Code   RO          608    i.MX_RNG_Init       rng.o
    0x08004ad0   0x08004ad0   0x00000038   Code   RO          650    i.MX_RTC_Init       rtc.o
    0x08004b08   0x08004b08   0x00000048   Code   RO          692    i.MX_SPI1_Init      spi.o
    0x08004b50   0x08004b50   0x00000048   Code   RO          693    i.MX_SPI2_Init      spi.o
    0x08004b98   0x08004b98   0x00000064   Code   RO          741    i.MX_TIM10_Init     tim.o
    0x08004bfc   0x08004bfc   0x000000fc   Code   RO          742    i.MX_TIM1_Init      tim.o
    0x08004cf8   0x08004cf8   0x00000098   Code   RO          743    i.MX_TIM3_Init      tim.o
    0x08004d90   0x08004d90   0x00000098   Code   RO          744    i.MX_TIM4_Init      tim.o
    0x08004e28   0x08004e28   0x000000b8   Code   RO          745    i.MX_TIM5_Init      tim.o
    0x08004ee0   0x08004ee0   0x000000dc   Code   RO          746    i.MX_TIM8_Init      tim.o
    0x08004fbc   0x08004fbc   0x00000038   Code   RO          818    i.MX_USART1_UART_Init  usart.o
    0x08004ff4   0x08004ff4   0x00000040   Code   RO          819    i.MX_USART3_UART_Init  usart.o
    0x08005034   0x08005034   0x00000038   Code   RO          820    i.MX_USART6_UART_Init  usart.o
    0x0800506c   0x0800506c   0x00000002   Code   RO         1263    i.MemManage_Handler  stm32f4xx_it.o
    0x0800506e   0x0800506e   0x00000002   Code   RO         1264    i.NMI_Handler       stm32f4xx_it.o
    0x08005070   0x08005070   0x0000000c   Code   RO         1265    i.OTG_FS_IRQHandler  stm32f4xx_it.o
    0x0800507c   0x0800507c   0x000000dc   Code   RO         1431    i.PCD_EP_OutXfrComplete_int  stm32f4xx_hal_pcd.o
    0x08005158   0x08005158   0x000000a2   Code   RO         1432    i.PCD_WriteEmptyTxFifo  stm32f4xx_hal_pcd.o
    0x080051fa   0x080051fa   0x00000002   PAD
    0x080051fc   0x080051fc   0x0000005c   Code   RO         9416    i.PID_init          pid.o
    0x08005258   0x08005258   0x0000003a   Code   RO         4220    i.RTC_EnterInitMode  stm32f4xx_hal_rtc.o
    0x08005292   0x08005292   0x00000002   PAD
    0x08005294   0x08005294   0x00001274   Code   RO         9055    i.SPI1_DMA_enable   bsp_spi.o
    0x08006508   0x08006508   0x000000f0   Code   RO         9056    i.SPI1_DMA_init     bsp_spi.o
    0x080065f8   0x080065f8   0x00000058   Code   RO         4615    i.SPI_EndRxTxTransaction  stm32f4xx_hal_spi.o
    0x08006650   0x08006650   0x00000094   Code   RO         4620    i.SPI_WaitFlagStateUntilTimeout  stm32f4xx_hal_spi.o
    0x080066e4   0x080066e4   0x00000018   Code   RO         1266    i.SysTick_Handler   stm32f4xx_it.o
    0x080066fc   0x080066fc   0x0000009c   Code   RO           14    i.SystemClock_Config  main.o
    0x08006798   0x08006798   0x00000054   Code   RO         6143    i.SystemInit        system_stm32f4xx.o
    0x080067ec   0x080067ec   0x000000c8   Code   RO         4978    i.TIM_Base_SetConfig  stm32f4xx_hal_tim.o
    0x080068b4   0x080068b4   0x00000014   Code   RO         4989    i.TIM_ETR_SetConfig  stm32f4xx_hal_tim.o
    0x080068c8   0x080068c8   0x00000010   Code   RO         4990    i.TIM_ITRx_SetConfig  stm32f4xx_hal_tim.o
    0x080068d8   0x080068d8   0x00000060   Code   RO         4991    i.TIM_OC1_SetConfig  stm32f4xx_hal_tim.o
    0x08006938   0x08006938   0x0000006c   Code   RO         4992    i.TIM_OC2_SetConfig  stm32f4xx_hal_tim.o
    0x080069a4   0x080069a4   0x00000068   Code   RO         4993    i.TIM_OC3_SetConfig  stm32f4xx_hal_tim.o
    0x08006a0c   0x08006a0c   0x00000050   Code   RO         4994    i.TIM_OC4_SetConfig  stm32f4xx_hal_tim.o
    0x08006a5c   0x08006a5c   0x00000022   Code   RO         4996    i.TIM_TI1_ConfigInputStage  stm32f4xx_hal_tim.o
    0x08006a7e   0x08006a7e   0x00000024   Code   RO         4998    i.TIM_TI2_ConfigInputStage  stm32f4xx_hal_tim.o
    0x08006aa2   0x08006aa2   0x00000002   Code   RO         8243    i.Task_init         system_config.o
    0x08006aa4   0x08006aa4   0x0000002c   Code   RO         8244    i.Task_start        system_config.o
    0x08006ad0   0x08006ad0   0x000002ac   Code   RO         5867    i.UART_SetConfig    stm32f4xx_hal_uart.o
    0x08006d7c   0x08006d7c   0x0000000e   Code   RO         7639    i.USBD_ClrClassConfig  usbd_core.o
    0x08006d8a   0x08006d8a   0x00000010   Code   RO         7842    i.USBD_CtlContinueRx  usbd_ioreq.o
    0x08006d9a   0x08006d9a   0x00000010   Code   RO         7843    i.USBD_CtlContinueSendData  usbd_ioreq.o
    0x08006daa   0x08006daa   0x00000016   Code   RO         7777    i.USBD_CtlError     usbd_ctlreq.o
    0x08006dc0   0x08006dc0   0x00000016   Code   RO         7845    i.USBD_CtlReceiveStatus  usbd_ioreq.o
    0x08006dd6   0x08006dd6   0x0000001a   Code   RO         7846    i.USBD_CtlSendData  usbd_ioreq.o
    0x08006df0   0x08006df0   0x00000016   Code   RO         7847    i.USBD_CtlSendStatus  usbd_ioreq.o
    0x08006e06   0x08006e06   0x000000e8   Code   RO         7778    i.USBD_GetDescriptor  usbd_ctlreq.o
    0x08006eee   0x08006eee   0x00000018   Code   RO          931    i.USBD_Get_USB_Status  usbd_conf.o
    0x08006f06   0x08006f06   0x00000012   Code   RO          932    i.USBD_LL_ClearStallEP  usbd_conf.o
    0x08006f18   0x08006f18   0x000000c6   Code   RO         7642    i.USBD_LL_DataInStage  usbd_core.o
    0x08006fde   0x08006fde   0x00000082   Code   RO         7643    i.USBD_LL_DataOutStage  usbd_core.o
    0x08007060   0x08007060   0x00000004   Code   RO         7644    i.USBD_LL_DevConnected  usbd_core.o
    0x08007064   0x08007064   0x00000016   Code   RO         7645    i.USBD_LL_DevDisconnected  usbd_core.o
    0x0800707a   0x0800707a   0x00000020   Code   RO          939    i.USBD_LL_IsStallEP  usbd_conf.o
    0x0800709a   0x0800709a   0x00000004   Code   RO         7646    i.USBD_LL_IsoINIncomplete  usbd_core.o
    0x0800709e   0x0800709e   0x00000004   Code   RO         7647    i.USBD_LL_IsoOUTIncomplete  usbd_core.o
    0x080070a2   0x080070a2   0x00000018   Code   RO          940    i.USBD_LL_OpenEP    usbd_conf.o
    0x080070ba   0x080070ba   0x00000012   Code   RO          941    i.USBD_LL_PrepareReceive  usbd_conf.o
    0x080070cc   0x080070cc   0x00000050   Code   RO         7648    i.USBD_LL_Reset     usbd_core.o
    0x0800711c   0x0800711c   0x0000000c   Code   RO         7649    i.USBD_LL_Resume    usbd_core.o
    0x08007128   0x08007128   0x00000018   Code   RO         7650    i.USBD_LL_SOF       usbd_core.o
    0x08007140   0x08007140   0x00000006   Code   RO         7651    i.USBD_LL_SetSpeed  usbd_core.o
    0x08007146   0x08007146   0x00000012   Code   RO          942    i.USBD_LL_SetUSBAddress  usbd_conf.o
    0x08007158   0x08007158   0x0000005a   Code   RO         7652    i.USBD_LL_SetupStage  usbd_core.o
    0x080071b2   0x080071b2   0x00000012   Code   RO          943    i.USBD_LL_StallEP   usbd_conf.o
    0x080071c4   0x080071c4   0x00000012   Code   RO         7653    i.USBD_LL_Suspend   usbd_core.o
    0x080071d6   0x080071d6   0x00000012   Code   RO          946    i.USBD_LL_Transmit  usbd_conf.o
    0x080071e8   0x080071e8   0x00000028   Code   RO         7780    i.USBD_ParseSetupRequest  usbd_ctlreq.o
    0x08007210   0x08007210   0x00000016   Code   RO         7656    i.USBD_SetClassConfig  usbd_core.o
    0x08007226   0x08007226   0x00000002   PAD
    0x08007228   0x08007228   0x00000084   Code   RO         7781    i.USBD_SetConfig    usbd_ctlreq.o
    0x080072ac   0x080072ac   0x00000112   Code   RO         7782    i.USBD_StdDevReq    usbd_ctlreq.o
    0x080073be   0x080073be   0x00000150   Code   RO         7783    i.USBD_StdEPReq     usbd_ctlreq.o
    0x0800750e   0x0800750e   0x0000004e   Code   RO         7784    i.USBD_StdItfReq    usbd_ctlreq.o
    0x0800755c   0x0800755c   0x00000080   Code   RO         1662    i.USB_ActivateEndpoint  stm32f4xx_ll_usb.o
    0x080075dc   0x080075dc   0x00000034   Code   RO         1664    i.USB_ActivateSetup  stm32f4xx_ll_usb.o
    0x08007610   0x08007610   0x00000118   Code   RO         1677    i.USB_EP0StartXfer  stm32f4xx_ll_usb.o
    0x08007728   0x08007728   0x00000058   Code   RO         1678    i.USB_EP0_OutStart  stm32f4xx_ll_usb.o
    0x08007780   0x08007780   0x00000058   Code   RO         1679    i.USB_EPClearStall  stm32f4xx_ll_usb.o
    0x080077d8   0x080077d8   0x00000058   Code   RO         1680    i.USB_EPSetStall    stm32f4xx_ll_usb.o
    0x08007830   0x08007830   0x000001e8   Code   RO         1681    i.USB_EPStartXfer   stm32f4xx_ll_usb.o
    0x08007a18   0x08007a18   0x00000024   Code   RO         1684    i.USB_FlushTxFifo   stm32f4xx_ll_usb.o
    0x08007a3c   0x08007a3c   0x0000001a   Code   RO         1686    i.USB_GetDevSpeed   stm32f4xx_ll_usb.o
    0x08007a56   0x08007a56   0x00000008   Code   RO         1688    i.USB_GetMode       stm32f4xx_ll_usb.o
    0x08007a5e   0x08007a5e   0x0000000e   Code   RO         1695    i.USB_ReadDevAllInEpInterrupt  stm32f4xx_ll_usb.o
    0x08007a6c   0x08007a6c   0x0000000e   Code   RO         1696    i.USB_ReadDevAllOutEpInterrupt  stm32f4xx_ll_usb.o
    0x08007a7a   0x08007a7a   0x00000024   Code   RO         1697    i.USB_ReadDevInEPInterrupt  stm32f4xx_ll_usb.o
    0x08007a9e   0x08007a9e   0x00000010   Code   RO         1698    i.USB_ReadDevOutEPInterrupt  stm32f4xx_ll_usb.o
    0x08007aae   0x08007aae   0x00000008   Code   RO         1699    i.USB_ReadInterrupts  stm32f4xx_ll_usb.o
    0x08007ab6   0x08007ab6   0x0000001c   Code   RO         1700    i.USB_ReadPacket    stm32f4xx_ll_usb.o
    0x08007ad2   0x08007ad2   0x00000022   Code   RO         1703    i.USB_SetDevAddress  stm32f4xx_ll_usb.o
    0x08007af4   0x08007af4   0x000000e8   Code   RO         1705    i.USB_SetTurnaroundTime  stm32f4xx_ll_usb.o
    0x08007bdc   0x08007bdc   0x00000024   Code   RO         1708    i.USB_WritePacket   stm32f4xx_ll_usb.o
    0x08007c00   0x08007c00   0x00000002   Code   RO         1267    i.UsageFault_Handler  stm32f4xx_it.o
    0x08007c02   0x08007c02   0x00000002   PAD
    0x08007c04   0x08007c04   0x00000110   Code   RO         8299    i._Z15imu_cmd_spi_dmav  ins.o
    0x08007d14   0x08007d14   0x0000001c   Code   RO         8008    i._Z8INS_taskPv     ins_task.o
    0x08007d30   0x08007d30   0x00000154   Code   RO         8300    i._ZN3INS12INS_Info_GetEv  ins.o
    0x08007e84   0x08007e84   0x000000f0   Code   RO         8301    i._ZN3INS14imu_cali_sloveEPfS0_S0_P16BMI088_REAL_DATAP19ist8310_real_data_t  ins.o
    0x08007f74   0x08007f74   0x00000158   Code   RO         8306    i._ZN3INS4initEv    ins.o
    0x080080cc   0x080080cc   0x00000026   Code   RO        10603    i.__ARM_fpclassifyf  m_wm.l(fpclassifyf.o)
    0x080080f2   0x080080f2   0x00000020   Code   RO         2718    i.__NVIC_SetPriority  stm32f4xx_hal_cortex.o
    0x08008112   0x08008112   0x00000002   PAD
    0x08008114   0x08008114   0x0000012c   Code   RO        10469    i.__hardfp_asinf    m_wm.l(asinf.o)
    0x08008240   0x08008240   0x000002ac   Code   RO        10481    i.__hardfp_atan2f   m_wm.l(atan2f.o)
    0x080084ec   0x080084ec   0x0000003a   Code   RO        10505    i.__hardfp_sqrtf    m_wm.l(sqrtf_full.o)
    0x08008526   0x08008526   0x00000006   Code   RO        10606    i.__mathlib_flt_infnan  m_wm.l(funder.o)
    0x0800852c   0x0800852c   0x00000006   Code   RO        10607    i.__mathlib_flt_infnan2  m_wm.l(funder.o)
    0x08008532   0x08008532   0x00000002   PAD
    0x08008534   0x08008534   0x00000010   Code   RO        10608    i.__mathlib_flt_invalid  m_wm.l(funder.o)
    0x08008544   0x08008544   0x00000010   Code   RO        10611    i.__mathlib_flt_underflow  m_wm.l(funder.o)
    0x08008554   0x08008554   0x000001d0   Code   RO        10132    i.accel_comple_filter  AHRS.lib(ahrs.o)
    0x08008724   0x08008724   0x0000018c   Code   RO        10133    i.accel_update_kp_ki  AHRS.lib(ahrs.o)
    0x080088b0   0x080088b0   0x0000016c   Code   RO        10134    i.angle_to_quat     AHRS.lib(ahrs.o)
    0x08008a1c   0x08008a1c   0x00000128   Code   RO         9463    i.bmi088_accel_init  bmi088driver.o
    0x08008b44   0x08008b44   0x000002c0   Code   RO         9464    i.bmi088_accel_self_test  bmi088driver.o
    0x08008e04   0x08008e04   0x000000dc   Code   RO         9465    i.bmi088_gyro_init  bmi088driver.o
    0x08008ee0   0x08008ee0   0x000000ca   Code   RO         9466    i.bmi088_gyro_self_test  bmi088driver.o
    0x08008faa   0x08008faa   0x00000002   PAD
    0x08008fac   0x08008fac   0x00000058   Code   RO         8586    i.can_filter_init   bsp_can.o
    0x08009004   0x08009004   0x00000028   Code   RO         8654    i.delay_init        bsp_delay.o
    0x0800902c   0x0800902c   0x00000034   Code   RO         8656    i.delay_us          bsp_delay.o
    0x08009060   0x08009060   0x000000e8   Code   RO        10135    i.get_angle         AHRS.lib(ahrs.o)
    0x08009148   0x08009148   0x00000002   Code   RO         9718    i.ist8310_GPIO_init  ist8310driver_middleware.o
    0x0800914a   0x0800914a   0x00000002   PAD
    0x0800914c   0x0800914c   0x00000024   Code   RO         9720    i.ist8310_IIC_read_single_reg  ist8310driver_middleware.o
    0x08009170   0x08009170   0x00000024   Code   RO         9722    i.ist8310_IIC_write_single_reg  ist8310driver_middleware.o
    0x08009194   0x08009194   0x00000010   Code   RO         9723    i.ist8310_RST_H     ist8310driver_middleware.o
    0x080091a4   0x080091a4   0x00000010   Code   RO         9724    i.ist8310_RST_L     ist8310driver_middleware.o
    0x080091b4   0x080091b4   0x00000002   Code   RO         9725    i.ist8310_com_init  ist8310driver_middleware.o
    0x080091b6   0x080091b6   0x00000004   Code   RO         9726    i.ist8310_delay_ms  ist8310driver_middleware.o
    0x080091ba   0x080091ba   0x00000002   PAD
    0x080091bc   0x080091bc   0x00000080   Code   RO         9683    i.ist8310_init      ist8310driver.o
    0x0800923c   0x0800923c   0x0000007a   Code   RO           15    i.main              main.o
    0x080092b6   0x080092b6   0x0000000c   Code   RO         7131    i.makeFreeRtosPriority  cmsis_os.o
    0x080092c2   0x080092c2   0x0000000e   Code   RO         7133    i.osDelay           cmsis_os.o
    0x080092d0   0x080092d0   0x0000000a   Code   RO         7136    i.osKernelStart     cmsis_os.o
    0x080092da   0x080092da   0x00000054   Code   RO         7170    i.osThreadCreate    cmsis_os.o
    0x0800932e   0x0800932e   0x0000000a   Code   RO         7181    i.osThreadTerminate  cmsis_os.o
    0x08009338   0x08009338   0x00000020   Code   RO         6654    i.pcTaskGetName     tasks.o
    0x08009358   0x08009358   0x00000078   Code   RO         6655    i.prvAddCurrentTaskToDelayedList  tasks.o
    0x080093d0   0x080093d0   0x000000d0   Code   RO         6656    i.prvAddNewTaskToReadyList  tasks.o
    0x080094a0   0x080094a0   0x00000058   Code   RO         6988    i.prvCheckForValidListAndQueue  timers.o
    0x080094f8   0x080094f8   0x00000026   Code   RO         6321    i.prvCopyDataFromQueue  queue.o
    0x0800951e   0x0800951e   0x0000006c   Code   RO         6322    i.prvCopyDataToQueue  queue.o
    0x0800958a   0x0800958a   0x00000034   Code   RO         6657    i.prvDeleteTCB      tasks.o
    0x080095be   0x080095be   0x00000002   PAD
    0x080095c0   0x080095c0   0x0000004c   Code   RO         7510    i.prvHeapInit       heap_4.o
    0x0800960c   0x0800960c   0x00000060   Code   RO         6658    i.prvIdleTask       tasks.o
    0x0800966c   0x0800966c   0x00000016   Code   RO         6324    i.prvInitialiseNewQueue  queue.o
    0x08009682   0x08009682   0x000000a0   Code   RO         6659    i.prvInitialiseNewTask  tasks.o
    0x08009722   0x08009722   0x00000002   PAD
    0x08009724   0x08009724   0x0000004c   Code   RO         7511    i.prvInsertBlockIntoFreeList  heap_4.o
    0x08009770   0x08009770   0x00000038   Code   RO         6990    i.prvInsertTimerInActiveList  timers.o
    0x080097a8   0x080097a8   0x0000001c   Code   RO         6325    i.prvIsQueueEmpty   queue.o
    0x080097c4   0x080097c4   0x000000cc   Code   RO         6991    i.prvProcessReceivedCommands  timers.o
    0x08009890   0x08009890   0x000000b4   Code   RO         6992    i.prvProcessTimerOrBlockTask  timers.o
    0x08009944   0x08009944   0x00000020   Code   RO         6660    i.prvResetNextTaskUnblockTime  tasks.o
    0x08009964   0x08009964   0x00000028   Code   RO         6993    i.prvSampleTimeNow  timers.o
    0x0800998c   0x0800998c   0x00000056   Code   RO         6661    i.prvSearchForNameWithinSingleList  tasks.o
    0x080099e2   0x080099e2   0x00000002   PAD
    0x080099e4   0x080099e4   0x0000006c   Code   RO         6994    i.prvSwitchTimerLists  timers.o
    0x08009a50   0x08009a50   0x00000028   Code   RO         7560    i.prvTaskExitError  port.o
    0x08009a78   0x08009a78   0x00000024   Code   RO         6995    i.prvTimerTask      timers.o
    0x08009a9c   0x08009a9c   0x0000006a   Code   RO         6326    i.prvUnlockQueue    queue.o
    0x08009b06   0x08009b06   0x00000002   PAD
    0x08009b08   0x08009b08   0x000000d8   Code   RO         7512    i.pvPortMalloc      heap_4.o
    0x08009be0   0x08009be0   0x0000002c   Code   RO         7561    i.pxPortInitialiseStack  port.o
    0x08009c0c   0x08009c0c   0x00000084   Code   RO        10140    i.quat_normalization  AHRS.lib(ahrs.o)
    0x08009c90   0x08009c90   0x0000003e   Code   RO        10507    i.sqrtf             m_wm.l(sqrtf_full.o)
    0x08009cce   0x08009cce   0x00000002   PAD
    0x08009cd0   0x08009cd0   0x00000018   Code   RO          324    i.start_task        freertos.o
    0x08009ce8   0x08009ce8   0x00000068   Code   RO         6664    i.ulTaskNotifyTake  tasks.o
    0x08009d50   0x08009d50   0x0000007a   Code   RO        10141    i.update_w          AHRS.lib(ahrs.o)
    0x08009dca   0x08009dca   0x00000002   PAD
    0x08009dcc   0x08009dcc   0x00000048   Code   RO         9090    i.usart1_tx_dma_init  bsp_usart.o
    0x08009e14   0x08009e14   0x00000026   Code   RO         6281    i.uxListRemove      list.o
    0x08009e3a   0x08009e3a   0x00000002   PAD
    0x08009e3c   0x08009e3c   0x00000014   Code   RO          326    i.vApplicationGetIdleTaskMemory  freertos.o
    0x08009e50   0x08009e50   0x00000018   Code   RO          327    i.vApplicationGetTimerTaskMemory  freertos.o
    0x08009e68   0x08009e68   0x00000016   Code   RO         6282    i.vListInitialise   list.o
    0x08009e7e   0x08009e7e   0x00000006   Code   RO         6283    i.vListInitialiseItem  list.o
    0x08009e84   0x08009e84   0x00000030   Code   RO         6284    i.vListInsert       list.o
    0x08009eb4   0x08009eb4   0x00000018   Code   RO         6285    i.vListInsertEnd    list.o
    0x08009ecc   0x08009ecc   0x00000040   Code   RO         7563    i.vPortEnterCritical  port.o
    0x08009f0c   0x08009f0c   0x00000028   Code   RO         7564    i.vPortExitCritical  port.o
    0x08009f34   0x08009f34   0x0000005c   Code   RO         7513    i.vPortFree         heap_4.o
    0x08009f90   0x08009f90   0x00000024   Code   RO         7565    i.vPortSetupTimerInterrupt  port.o
    0x08009fb4   0x08009fb4   0x00000054   Code   RO         7566    i.vPortValidateInterruptPriority  port.o
    0x0800a008   0x0800a008   0x00000028   Code   RO         6330    i.vQueueAddToRegistry  queue.o
    0x0800a030   0x0800a030   0x00000044   Code   RO         6333    i.vQueueWaitForMessageRestricted  queue.o
    0x0800a074   0x0800a074   0x0000004c   Code   RO         6670    i.vTaskDelay        tasks.o
    0x0800a0c0   0x0800a0c0   0x000000ac   Code   RO         6672    i.vTaskDelete       tasks.o
    0x0800a16c   0x0800a16c   0x00000010   Code   RO         6674    i.vTaskInternalSetTimeOutState  tasks.o
    0x0800a17c   0x0800a17c   0x0000000c   Code   RO         6675    i.vTaskMissedYield  tasks.o
    0x0800a188   0x0800a188   0x000000b8   Code   RO         6676    i.vTaskNotifyGiveFromISR  tasks.o
    0x0800a240   0x0800a240   0x00000030   Code   RO         6677    i.vTaskPlaceOnEventList  tasks.o
    0x0800a270   0x0800a270   0x00000038   Code   RO         6678    i.vTaskPlaceOnEventListRestricted  tasks.o
    0x0800a2a8   0x0800a2a8   0x00000088   Code   RO         6685    i.vTaskStartScheduler  tasks.o
    0x0800a330   0x0800a330   0x00000010   Code   RO         6687    i.vTaskSuspendAll   tasks.o
    0x0800a340   0x0800a340   0x0000005c   Code   RO         6688    i.vTaskSwitchContext  tasks.o
    0x0800a39c   0x0800a39c   0x000000f4   Code   RO         7567    i.xPortStartScheduler  port.o
    0x0800a490   0x0800a490   0x0000002c   Code   RO         7568    i.xPortSysTickHandler  port.o
    0x0800a4bc   0x0800a4bc   0x00000066   Code   RO         6337    i.xQueueGenericCreateStatic  queue.o
    0x0800a522   0x0800a522   0x00000002   PAD
    0x0800a524   0x0800a524   0x00000088   Code   RO         6338    i.xQueueGenericReset  queue.o
    0x0800a5ac   0x0800a5ac   0x00000160   Code   RO         6339    i.xQueueGenericSend  queue.o
    0x0800a70c   0x0800a70c   0x000000bc   Code   RO         6340    i.xQueueGenericSendFromISR  queue.o
    0x0800a7c8   0x0800a7c8   0x00000138   Code   RO         6348    i.xQueueReceive     queue.o
    0x0800a900   0x0800a900   0x00000088   Code   RO         6690    i.xTaskCheckForTimeOut  tasks.o
    0x0800a988   0x0800a988   0x0000005a   Code   RO         6691    i.xTaskCreate       tasks.o
    0x0800a9e2   0x0800a9e2   0x00000056   Code   RO         6692    i.xTaskCreateStatic  tasks.o
    0x0800aa38   0x0800aa38   0x00000084   Code   RO         6696    i.xTaskGetHandle    tasks.o
    0x0800aabc   0x0800aabc   0x0000001c   Code   RO         6697    i.xTaskGetSchedulerState  tasks.o
    0x0800aad8   0x0800aad8   0x0000000c   Code   RO         6698    i.xTaskGetTickCount  tasks.o
    0x0800aae4   0x0800aae4   0x000000c8   Code   RO         6700    i.xTaskIncrementTick  tasks.o
    0x0800abac   0x0800abac   0x00000098   Code   RO         6703    i.xTaskPriorityDisinherit  tasks.o
    0x0800ac44   0x0800ac44   0x00000074   Code   RO         6705    i.xTaskRemoveFromEventList  tasks.o
    0x0800acb8   0x0800acb8   0x000000c4   Code   RO         6706    i.xTaskResumeAll    tasks.o
    0x0800ad7c   0x0800ad7c   0x00000060   Code   RO         7000    i.xTimerCreateTimerTask  timers.o
    0x0800addc   0x0800addc   0x00000068   Code   RO         7001    i.xTimerGenericCommand  timers.o
    0x0800ae44   0x0800ae44   0x0000000a   Code   RO        10670    x$fpl$fpinit        g_wm.l(fpinit.o)
    0x0800ae4e   0x0800ae4e   0x00000000   Code   RO        10602    x$fpl$usenofp       g_wm.l(usenofp.o)
    0x0800ae4e   0x0800ae4e   0x00000002   PAD
    0x0800ae50   0x0800ae50   0x0000001c   Data   RO          329    .constdata          freertos.o
    0x0800ae6c   0x0800ae6c   0x00000008   Data   RO         2435    .constdata          stm32f4xx_hal_dma.o
    0x0800ae74   0x0800ae74   0x00000010   Data   RO         6144    .constdata          system_stm32f4xx.o
    0x0800ae84   0x0800ae84   0x00000008   Data   RO         6145    .constdata          system_stm32f4xx.o
    0x0800ae8c   0x0800ae8c   0x0000000c   Data   RO         8319    .constdata          ins.o
    0x0800ae98   0x0800ae98   0x00000012   Data   RO         9471    .constdata          bmi088driver.o
    0x0800aeaa   0x0800aeaa   0x0000000c   Data   RO         9686    .constdata          ist8310driver.o
    0x0800aeb6   0x0800aeb6   0x00000002   PAD
    0x0800aeb8   0x0800aeb8   0x0000000c   Data   RO        10142    .constdata          AHRS.lib(ahrs.o)
    0x0800aec4   0x0800aec4   0x00000804   Data   RO        10352    .constdata          arm_cortexM4lf_math.lib(arm_common_tables.o)
    0x0800b6c8   0x0800b6c8   0x00000006   Data   RO          330    .conststring        freertos.o
    0x0800b6ce   0x0800b6ce   0x00000002   PAD
    0x0800b6d0   0x0800b6d0   0x00000020   Data   RO        10775    Region$$Table       anon$$obj.o


    Execution Region RW_IRAM2 (Exec base: 0x10000000, Load base: 0x0800b758, Size: 0x00000000, Max: 0x00010000, ABSOLUTE)

    **** No section assigned to this execution region ****


    Execution Region RW_IRAM1 (Exec base: 0x20000000, Load base: 0x0800b6f0, Size: 0x0000b7e8, Max: 0x00020000, ABSOLUTE, COMPRESSED[0x00000068])

    Exec Addr    Load Addr    Size         Type   Attr      Idx    E Section Name        Object

    0x20000000   COMPRESSED   0x00000004   Data   RW          332    .data               freertos.o
    0x20000004   COMPRESSED   0x00000004   Data   RW          442    .data               can.o
    0x20000008   COMPRESSED   0x00000008   Data   RW          489    .data               crc.o
    0x20000010   COMPRESSED   0x0000000c   Data   RW         2862    .data               stm32f4xx_hal.o
    0x2000001c   COMPRESSED   0x00000004   Data   RW         6146    .data               system_stm32f4xx.o
    0x20000020   COMPRESSED   0x0000003c   Data   RW         6709    .data               tasks.o
    0x2000005c   COMPRESSED   0x00000014   Data   RW         7009    .data               timers.o
    0x20000070   COMPRESSED   0x00000018   Data   RW         7518    .data               heap_4.o
    0x20000088   COMPRESSED   0x0000000c   Data   RW         7569    .data               port.o
    0x20000094   COMPRESSED   0x00000001   Data   RW         7785    .data               usbd_ctlreq.o
    0x20000095   COMPRESSED   0x00000003   PAD
    0x20000098   COMPRESSED   0x00000004   Data   RW         8247    .data               system_config.o
    0x2000009c   COMPRESSED   0x000000a0   Data   RW         8320    .data               ins.o
    0x2000013c   COMPRESSED   0x00000008   Data   RW         8657    .data               bsp_delay.o
    0x20000144   COMPRESSED   0x0000002c   Data   RW         9472    .data               bmi088driver.o
    0x20000170   COMPRESSED   0x00000010   Data   RW        10143    .data               AHRS.lib(ahrs.o)
    0x20000180        -       0x000006a8   Zero   RW          328    .bss                freertos.o
    0x20000828        -       0x00000090   Zero   RW          393    .bss                adc.o
    0x200008b8        -       0x00000050   Zero   RW          441    .bss                can.o
    0x20000908        -       0x0000015c   Zero   RW          557    .bss                i2c.o
    0x20000a64        -       0x00000010   Zero   RW          609    .bss                rng.o
    0x20000a74        -       0x00000020   Zero   RW          651    .bss                rtc.o
    0x20000a94        -       0x00000170   Zero   RW          694    .bss                spi.o
    0x20000c04        -       0x00000180   Zero   RW          747    .bss                tim.o
    0x20000d84        -       0x00000240   Zero   RW          821    .bss                usart.o
    0x20000fc4        -       0x00000408   Zero   RW          947    .bss                usbd_conf.o
    0x200013cc        -       0x00000040   Zero   RW         6351    .bss                queue.o
    0x2000140c        -       0x000000f0   Zero   RW         6708    .bss                tasks.o
    0x200014fc        -       0x00000110   Zero   RW         7008    .bss                timers.o
    0x2000160c        -       0x00006000   Zero   RW         7517    .bss                heap_4.o
    0x2000760c        -       0x0000013c   Zero   RW         8010    .bss                ins_task.o
    0x20007748        -       0x00000040   Zero   RW         8317    .bss                ins.o
    0x20007788        -       0x00000060   Zero   RW        10625    .bss                c_w.l(libspace.o)
    0x200077e8        -       0x00002000   Zero   RW            2    HEAP                startup_stm32f407xx.o
    0x200097e8        -       0x00002000   Zero   RW            1    STACK               startup_stm32f407xx.o


==============================================================================

Image component sizes


      Code (inc. data)   RO Data    RW Data    ZI Data      Debug   Object Name

       324         40          0          0        144       2382   adc.o
        70          6          0          0          0       5192   ahrs_middleware.o
      2166         34         18         44          0      10987   bmi088driver.o
       108         28          0          0          0       4768   bmi088middleware.o
         0          0          0          0          0     570244   bsp_adc.o
        88          8          0          0          0        590   bsp_can.o
        92         18          0          8          0       1352   bsp_delay.o
        88         14          0          0          0        554   bsp_i2c.o
      4964         74          0          0          0       2430   bsp_spi.o
        72         12          0          0          0        517   bsp_usart.o
       388         42          0          4         80       2514   can.o
       130          0          0          0          0      23061   cmsis_os.o
        76         18          0          8          0       1551   crc.o
       156          4          0          0          0        870   dma.o
         0          0          0          0          0      17880   event_groups.o
       108         24         34          4       1704       3298   freertos.o
       460         30          0          0          0       1259   gpio.o
       460         24          0         24      24576       4871   heap_4.o
       536         84          0          0        348       3208   i2c.o
      2040        120         12        160         64      13854   ins.o
        28          6          0          0        316     592841   ins_task.o
       128          6         12          0          0       2015   ist8310driver.o
       112         22          0          0          0       3975   ist8310driver_middleware.o
       138          0          0          0          0       3642   list.o
       280         12          0          0          0     788016   main.o
        92          4          0          0          0       1747   pid.o
       786         82          0         12          0      12149   port.o
      1500         20          0          0         64      14908   queue.o
        76         18          0          0         16       1551   rng.o
        80         18          0          0         32       1503   rtc.o
       472         44          0          0        368       2656   spi.o
        64         26        392          0      16384        860   startup_stm32f407xx.o
       144         24          0         12          0       4037   stm32f4xx_hal.o
       712         28          0          0          0       2947   stm32f4xx_hal_adc.o
      1208          6          0          0          0      12969   stm32f4xx_hal_can.o
       198         14          0          0          0      34043   stm32f4xx_hal_cortex.o
        38          0          0          0          0       1087   stm32f4xx_hal_crc.o
       752         16          8          0          0       4160   stm32f4xx_hal_dma.o
       466         50          0          0          0       3111   stm32f4xx_hal_gpio.o
      2112         44          0          0          0      12814   stm32f4xx_hal_i2c.o
        56          4          0          0          0        870   stm32f4xx_hal_msp.o
      1986         18          0          0          0       9903   stm32f4xx_hal_pcd.o
         2          0          0          0          0        969   stm32f4xx_hal_pcd_ex.o
      1276         86          0          0          0       5744   stm32f4xx_hal_rcc.o
       316         20          0          0          0       1424   stm32f4xx_hal_rcc_ex.o
        50          0          0          0          0       1111   stm32f4xx_hal_rng.o
       284          6          0          0          0       2928   stm32f4xx_hal_rtc.o
       846          8          0          0          0       4821   stm32f4xx_hal_spi.o
      1226         80          0          0          0      11616   stm32f4xx_hal_tim.o
       150          0          0          0          0       2192   stm32f4xx_hal_tim_ex.o
       782          8          0          0          0       2080   stm32f4xx_hal_uart.o
       132         36          0          0          0       8167   stm32f4xx_it.o
      1700         98          0          0          0      15895   stm32f4xx_ll_usb.o
         0          0          0          0          0        384   stream_buffer.o
        46         20          0          4          0       7895   system_config.o
        84         18         24          4          0       1207   system_stm32f4xx.o
      2846        202          0         60        240      30259   tasks.o
      1588        134          0          0        384       6755   tim.o
       912         82          0         20        272      26615   timers.o
       732         78          0          0        576       3592   usart.o
       362          4          0          0       1032      12197   usbd_conf.o
       628          0          0          0          0      10435   usbd_core.o
      1114         28          0          1          0       7375   usbd_ctlreq.o
       102          0          0          0          0       3904   usbd_ioreq.o

    ----------------------------------------------------------------------
     38994       1950        536        368      46600    2350751   Object Totals
         0          0         32          0          0          0   (incl. Generated)
        62          0          4          3          0          0   (incl. Padding)

    ----------------------------------------------------------------------

      Code (inc. data)   RO Data    RW Data    ZI Data      Debug   Library Member Name

      2718         84         12         16          0       9922   ahrs.o
         0          0       2052          0          0       4636   arm_common_tables.o
       120         12          0          0          0      16970   arm_cos_f32.o
       116         12          0          0          0        658   arm_sin_f32.o
        90          0          0          0          0          0   __dczerorl2.o
         8          0          0          0          0         68   __main.o
         0          0          0          0          0          0   __rtentry.o
        12          0          0          0          0          0   __rtentry2.o
         6          0          0          0          0          0   __rtentry4.o
        52          8          0          0          0          0   __scatter.o
        28          0          0          0          0          0   __scatter_zi.o
        22          0          0          0          0        100   _rserrno.o
        16          0          0          0          0         68   aeabi_memset.o
        18          0          0          0          0         80   exit.o
         6          0          0          0          0        152   heapauxi.o
         0          0          0          0          0          0   indicate_semi.o
         2          0          0          0          0          0   libinit.o
         6          0          0          0          0          0   libinit2.o
         2          0          0          0          0          0   libshutdown.o
         2          0          0          0          0          0   libshutdown2.o
         8          4          0          0         96         68   libspace.o
       238          0          0          0          0        100   lludivv7m.o
         8          4          0          0          0         68   rt_errno_addr_intlibspace.o
        68          0          0          0          0         68   rt_memclr.o
        78          0          0          0          0         80   rt_memclr_w.o
       138          0          0          0          0         68   rt_memcpy_v6.o
       100          0          0          0          0         80   rt_memcpy_w.o
         2          0          0          0          0          0   rtexit.o
        10          0          0          0          0          0   rtexit2.o
        62          0          0          0          0         76   strlen.o
        12          4          0          0          0         68   sys_exit.o
        74          0          0          0          0         80   sys_stackheap_outer.o
         2          0          0          0          0         68   use_no_semi.o
        10          0          0          0          0        116   fpinit.o
         0          0          0          0          0          0   usenofp.o
       300         42          0          0          0        176   asinf.o
       684         90          0          0          0        208   atan2f.o
        38          0          0          0          0        116   fpclassifyf.o
        44         12          0          0          0        464   funder.o
       120          0          0          0          0        272   sqrtf_full.o

    ----------------------------------------------------------------------
      5238        272       2064         16         96      34830   Library Totals
        18          0          0          0          0          0   (incl. Padding)

    ----------------------------------------------------------------------

      Code (inc. data)   RO Data    RW Data    ZI Data      Debug   Library Name

      2718         84         12         16          0       9922   AHRS.lib
       236         24       2052          0          0      22264   arm_cortexM4lf_math.lib
      1070         20          0          0         96       1292   c_w.l
        10          0          0          0          0        116   g_wm.l
      1186        144          0          0          0       1236   m_wm.l

    ----------------------------------------------------------------------
      5238        272       2064         16         96      34830   Library Totals

    ----------------------------------------------------------------------

==============================================================================


      Code (inc. data)   RO Data    RW Data    ZI Data      Debug   

     44232       2222       2600        384      46696    2350157   Grand Totals
     44232       2222       2600        104      46696    2350157   ELF Image Totals (compressed)
     44232       2222       2600        104          0          0   ROM Totals

==============================================================================

    Total RO  Size (Code + RO Data)                46832 (  45.73kB)
    Total RW  Size (RW Data + ZI Data)             47080 (  45.98kB)
    Total ROM Size (Code + RO Data + RW Data)      46936 (  45.84kB)

==============================================================================

