<html>
<body>
<pre>
<h1>µVision Build Log</h1>
<h2>Tool Versions:</h2>
IDE-Version: ¦ÌVision V5.35.0.0
Copyright (C) 2021 ARM Ltd and ARM Germany GmbH. All rights reserved.
License Information: 1 foreverwww, 1, LIC=BUURY-IVYZL-BSPYX-H9GVU-QH6EQ-LQ80B
 
Tool Versions:
Toolchain:       MDK-ARM Plus  Version: 5.35.0.2
Toolchain Path:  D:\ARM\ARMCC\Bin
C Compiler:      Armcc.exe V5.06 update 7 (build 960)
Assembler:       Armasm.exe V5.06 update 7 (build 960)
Linker/Locator:  ArmLink.exe V5.06 update 7 (build 960)
Library Manager: ArmAr.exe V5.06 update 7 (build 960)
Hex Converter:   FromElf.exe V5.06 update 7 (build 960)
CPU DLL:         SARMCM3.DLL V5.35.0.2
Dialog DLL:      DCM.DLL V1.17.3.0
Target DLL:      CMSIS_AGDI.dll V1.33.0.0
Dialog DLL:      TCM.DLL V1.53.0.0
 
<h2>Project:</h2>
D:\github\RM\Gimbal_Board2\MDK-ARM\NewLegends_Gimbal_Board.uvprojx
Project File Date:  03/16/2022

<h2>Output:</h2>
*** Using Compiler 'V5.06 update 7 (build 960)', folder: 'D:\ARM\ARMCC\Bin'
Build target 'NewLegends_Gimbal_Board'
compiling Communicate.cpp...
../user_code/device/Motor.h(168): warning:  #1-D: last line of file ends without a newline
  #endif
../user_code/componet/support/user_lib.h(11): warning:  #47-D: incompatible redefinition of macro "PI"  (declared at line 21 of "../user_code/componet/include/struct_typedef.h")
  #define PI 3.14159265358979f
..\user_code\module\Config.h(54): warning:  #1-D: last line of file ends without a newline
  #endif
..\user_code\module\Gimbal.h(183): warning:  #47-D: incompatible redefinition of macro "GIMBAL_CALI_STEP_TIME"  (declared at line 182)
  #define GIMBAL_CALI_STEP_TIME 0.1f
../user_code/protocol/vision.h(152): warning:  #1-D: last line of file ends without a newline
  #endif
..\user_code\module\Communicate.cpp(35): warning:  #550-D: variable "temp_ch0"  was set but never used
      int16_t temp_ch0, temp_ch2, temp_ch3;
..\user_code\module\Communicate.cpp(35): warning:  #550-D: variable "temp_ch2"  was set but never used
      int16_t temp_ch0, temp_ch2, temp_ch3;
..\user_code\module\Communicate.cpp(35): warning:  #550-D: variable "temp_ch3"  was set but never used
      int16_t temp_ch0, temp_ch2, temp_ch3;
..\user_code\module\Communicate.cpp(36): warning:  #550-D: variable "temp_v"  was set but never used
      uint16_t temp_v;
..\user_code\module\Communicate.cpp(37): warning:  #550-D: variable "temp_s0"  was set but never used
      uint8_t temp_s0, temp_gimbal_behaviour_mode;
..\user_code\module\Communicate.cpp(37): warning:  #550-D: variable "temp_gimbal_behaviour_mode"  was set but never used
      uint8_t temp_s0, temp_gimbal_behaviour_mode;
..\user_code\module\Communicate.cpp(38): warning:  #177-D: variable "temp_gimbal_yaw_angle"  was declared but never referenced
      fp32 temp_gimbal_yaw_angle;
..\user_code\module\Communicate.cpp(39): warning:  #177-D: variable "temp_gimbal_yaw_current_give"  was declared but never referenced
      fp32 temp_gimbal_yaw_current_give;
..\user_code\module\Communicate.cpp(162): warning:  #550-D: variable "this_time_rx_len"  was set but never used
              static uint16_t this_time_rx_len = 0;
..\user_code\module\Communicate.cpp(209): warning:  #69-D: integer conversion resulted in truncation
                      detect_hook(CAN_LEFT_FRIC_MOTOR_ID);
..\user_code\module\Communicate.cpp(214): warning:  #69-D: integer conversion resulted in truncation
                      detect_hook(CAN_RIGHT_FRIC_MOTOR_ID);
..\user_code\module\Communicate.cpp(219): warning:  #69-D: integer conversion resulted in truncation
                      detect_hook(CAN_TRIGGER_MOTOR_ID);
..\user_code\module\Communicate.cpp: 17 warnings, 0 errors
linking...
Program Size: Code=66696 RO-data=2948 RW-data=716 ZI-data=51812  
FromELF: creating hex file...
"NewLegends_Gimbal_Board\NewLegends_Gimbal_Board.axf" - 0 Error(s), 17 Warning(s).

<h2>Software Packages used:</h2>

Package Vendor: ARM
                http://www.keil.com/pack/ARM.CMSIS.5.8.0.pack
                ARM.CMSIS.5.8.0
                CMSIS (Common Microcontroller Software Interface Standard)
   * Component: CORE Version: 5.5.0

Package Vendor: Keil
                http://www.keil.com/pack/Keil.STM32F4xx_DFP.2.15.0.pack
                Keil.STM32F4xx_DFP.2.15.0
                STMicroelectronics STM32F4 Series Device Support, Drivers and Examples

<h2>Collection of Component include folders:</h2>
  .\RTE\_NewLegends_Gimbal_Board
  D:\ARM\CMSIS\5.8.0\CMSIS\Core\Include
  D:\keil\STM32F4xx_DFP\2.15.0\Drivers\CMSIS\Device\ST\STM32F4xx\Include

<h2>Collection of Component Files used:</h2>

   * Component: ARM::CMSIS:CORE:5.5.0
      Include file:  CMSIS\Core\Include\tz_context.h
Build Time Elapsed:  00:00:02
</pre>
</body>
</html>
